Jul  4 00:30:15 imx8qxpc0mek kernel: [    1.920280] diag: failed to find diag_dload imem node
Jul  4 00:30:15 imx8qxpc0mek kernel: [    1.925537] usbcore: registered new interface driver diag_bridge
Jul  4 00:30:36 imx8qxpc0mek cv2x-daemon: [I][runAsDaemon:206] Starting the CV2X Daemon 
Jul  4 00:30:36 imx8qxpc0mek cv2x-daemon: [I][startV2xMode:86] Starting V2X mode 
Jul  4 00:30:36 imx8qxpc0mek cv2x-daemon: [I][startV2xMode:94] Read V2X radio status 
Jul  4 00:30:36 imx8qxpc0mek cv2x-daemon: [I][startV2xRadio:315] Starting V2X radio 
Jul  4 00:30:36 imx8qxpc0mek cv2x-daemon: [I][operator():320] Started V2X radio 
Jul  4 00:30:36 imx8qxpc0mek cv2x-daemon: [I][startV2xMode:107] V2X mode started 
Jul  4 00:30:36 imx8qxpc0mek cv2x-daemon: [I][logStatusChanged:129] tx_status=2, rx_status=2, tx_cause=0, rx_cause=0 
Jul  4 00:30:36 imx8qxpc0mek cv2x-daemon: [I][logStatusChanged:129] tx_status=2, rx_status=2, tx_cause=-1, rx_cause=-1 
Jul  4 00:30:36 imx8qxpc0mek kernel: <12>[   30.133628] cv2x-daemon: V2X mode started
Jul  4 00:30:36 imx8qxpc0mek cv2x-daemon: [I][createProfile:459] Found V2X_IP profile, idx=2 
Jul  4 00:30:36 imx8qxpc0mek cv2x-daemon: [I][createProfile:475] Found V2X_NON_IP profile, idx=3 
Jul  4 00:30:36 imx8qxpc0mek cv2x-daemon: [I][createProfileAndStartDataCalls:539] APN profiles setup done 
Jul  4 00:30:36 imx8qxpc0mek cv2x-daemon: [I][startDataCalls:493] Start Data Call IP 
Jul  4 00:30:37 imx8qxpc0mek cv2x-daemon: [I][startDataCall:426] Received DSI_EVT_NET_IS_CONN: network_type=0 is online 
Jul  4 00:30:37 imx8qxpc0mek cv2x-daemon: [I][startDataCalls:500] Start Data Call NON-IP 
Jul  4 00:30:37 imx8qxpc0mek kernel: <12>[   31.198394] cv2x-daemon: V2X IP call is online
Jul  4 00:30:37 imx8qxpc0mek cv2x-daemon: [I][startDataCall:426] Received DSI_EVT_NET_IS_CONN: network_type=1 is online 
Jul  4 00:30:37 imx8qxpc0mek kernel: <12>[   31.255197] cv2x-daemon: V2X Non-IP call is online
Jul  5 01:32:00 imx8qxpc0mek cv2x-daemon: [I][logStatusChanged:129] tx_status=2, rx_status=2, tx_cause=3, rx_cause=3 
Jul  5 01:32:00 imx8qxpc0mek cv2x-daemon: [I][logStatusChanged:129] tx_status=2, rx_status=2, tx_cause=0, rx_cause=0 
Jul  5 01:32:00 imx8qxpc0mek cv2x-daemon: [I][logStatusChanged:129] tx_status=2, rx_status=2, tx_cause=-1, rx_cause=-1 
Jul  5 01:32:00 imx8qxpc0mek cv2x-daemon: [I][logStatusChanged:129] tx_status=2, rx_status=2, tx_cause=0, rx_cause=0 
Jul  5 01:32:00 imx8qxpc0mek cv2x-daemon: [I][logStatusChanged:129] tx_status=2, rx_status=2, tx_cause=-1, rx_cause=-1 
Jul  5 01:32:21 imx8qxpc0mek kernel: [ 1284.091624] RTW: rssi : -1 (%), rssi_level : 0
Jul  5 01:32:51 imx8qxpc0mek cv2x-daemon: [I][logStatusChanged:107] V2X TX status is active 
Jul  5 01:32:51 imx8qxpc0mek cv2x-daemon: [I][logStatusChanged:114] V2X Rx status is active 
Jul  5 01:32:51 imx8qxpc0mek kernel: <12>[ 1312.670469] cv2x-daemon: V2X TX status is active
Jul  5 01:32:51 imx8qxpc0mek cv2x-daemon: [I][logStatusChanged:129] tx_status=1, rx_status=1, tx_cause=-1, rx_cause=-1 
Jul  5 01:32:51 imx8qxpc0mek kernel: <12>[ 1312.684176] cv2x-daemon: V2X RX status is active
Jul  5 01:33:17 imx8qxpc0mek device_msg_cfg_get.cgi: cv2x_param_db_init 
Jul  5 01:33:17 imx8qxpc0mek device_msg_cfg_get.cgi: cv2x_param_db_read 
Jul  5 01:33:17 imx8qxpc0mek device_msg_cfg_get.cgi: cJson string :{"cv2x":{"status":[{"type":1,"name":"BSM","tx":0,"tx_count":12816,"rx":0,"rx_count":0},{"type":2,"name":"RSM","tx":0,"tx_count":0,"rx":0,"rx_count":0},{"type":3,"name":"RSI","tx":0,"tx_count":0,"rx":0,"rx_count":0},{"type":4,"name":"SPAT","tx":0,"tx_count":0,"rx":0,"rx_count":0},{"type":5,"name":"MAP","tx":0,"tx_count":0,"rx":0,"rx_count":0},{"type":6,"name":"TEST","tx":0,"tx_count":0,"rx":0,"rx_count":0},{"type":7,"name":"RSC","tx":0,"tx_count":0,"rx":0,"rx_count":0},{"type":8,"name":"RTCM","tx":0,"tx_count":0,"rx":0,"rx_count":0},{"type":9,"name":"SSM","tx":0,"tx_count":0,"rx":0,"rx_count":0},{"type":10,"name":"CLPMM","tx":0,"tx_count":0,"rx":0,"rx_count":0},{"type":11,"name":"PSM","tx":0,"tx_count":0,"rx":0,"rx_count":0},{"type":12,"name":"VIR","tx":0,"tx_count":0,"rx":0,"rx_count":0},{"type":13,"name":"VPM","tx":0,"tx_count":0,"rx":0,"rx_count":0},{"type":14,"name":"PAM","tx":0,"tx_count":0,"rx":0,"rx_count":0}]}}
Jul  5 01:33:17 imx8qxpc0mek device_msg_cfg_get.cgi: --{"cv2x":{"status":[{"type":1,"name":"BSM","tx":0,"tx_count":12816,"rx":0,"rx_count":0},{"type":2,"name":"RSM","tx":0,"tx_count":0,"rx":0,"rx_count":0},{"type":3,"name":"RSI","tx":0,"tx_count":0,"rx":0,"rx_count":0},{"type":4,"name":"SPAT","tx":0,"tx_count":0,"rx":0,"rx_count":0},{"type":5,"name":"MAP","tx":0,"tx_count":0,"rx":0,"rx_count":0},{"type":6,"name":"TEST","tx":0,"tx_count":0,"rx":0,"rx_count":0},{"type":7,"name":"RSC","tx":0,"tx_count":0,"rx":0,"rx_count":0},{"type":8,"name":"RTCM","tx":0,"tx_count":0,"rx":0,"rx_count":0},{"type":9,"name":"SSM","tx":0,"tx_count":0,"rx":0,"rx_count":0},{"type":10,"name":"CLPMM","tx":0,"tx_count":0,"rx":0,"rx_count":0},{"type":11,"name":"PSM","tx":0,"tx_count":0,"rx":0,"rx_count":0},{"type":12,"name":"VIR","tx":0,"tx_count":0,"rx":0,"rx_count":0},{"type":13,"name":"VPM","tx":0,"tx_count":0,"rx":0,"rx_count":0},{"type":14,"name":"PAM","tx":0,"tx_count":0,"rx":0,"rx_count":0}]}} 
Jul  5 01:35:00 imx8qxpc0mek device_msg_cfg_get.cgi: cv2x_param_db_init 
Jul  5 01:35:00 imx8qxpc0mek device_msg_cfg_get.cgi: cv2x_param_db_read 
Jul  5 01:35:00 imx8qxpc0mek device_msg_cfg_get.cgi: cJson string :{"cv2x":{"status":[{"type":1,"name":"BSM","tx":0,"tx_count":13834,"rx":0,"rx_count":0},{"type":2,"name":"RSM","tx":0,"tx_count":0,"rx":0,"rx_count":0},{"type":3,"name":"RSI","tx":0,"tx_count":0,"rx":0,"rx_count":0},{"type":4,"name":"SPAT","tx":0,"tx_count":0,"rx":0,"rx_count":0},{"type":5,"name":"MAP","tx":0,"tx_count":0,"rx":0,"rx_count":0},{"type":6,"name":"TEST","tx":0,"tx_count":0,"rx":0,"rx_count":0},{"type":7,"name":"RSC","tx":0,"tx_count":0,"rx":0,"rx_count":0},{"type":8,"name":"RTCM","tx":0,"tx_count":0,"rx":0,"rx_count":0},{"type":9,"name":"SSM","tx":0,"tx_count":0,"rx":0,"rx_count":0},{"type":10,"name":"CLPMM","tx":0,"tx_count":0,"rx":0,"rx_count":0},{"type":11,"name":"PSM","tx":0,"tx_count":0,"rx":0,"rx_count":0},{"type":12,"name":"VIR","tx":0,"tx_count":0,"rx":0,"rx_count":0},{"type":13,"name":"VPM","tx":0,"tx_count":0,"rx":0,"rx_count":0},{"type":14,"name":"PAM","tx":0,"tx_count":0,"rx":0,"rx_count":0}]}}
Jul  5 01:35:00 imx8qxpc0mek device_msg_cfg_get.cgi: --{"cv2x":{"status":[{"type":1,"name":"BSM","tx":0,"tx_count":13834,"rx":0,"rx_count":0},{"type":2,"name":"RSM","tx":0,"tx_count":0,"rx":0,"rx_count":0},{"type":3,"name":"RSI","tx":0,"tx_count":0,"rx":0,"rx_count":0},{"type":4,"name":"SPAT","tx":0,"tx_count":0,"rx":0,"rx_count":0},{"type":5,"name":"MAP","tx":0,"tx_count":0,"rx":0,"rx_count":0},{"type":6,"name":"TEST","tx":0,"tx_count":0,"rx":0,"rx_count":0},{"type":7,"name":"RSC","tx":0,"tx_count":0,"rx":0,"rx_count":0},{"type":8,"name":"RTCM","tx":0,"tx_count":0,"rx":0,"rx_count":0},{"type":9,"name":"SSM","tx":0,"tx_count":0,"rx":0,"rx_count":0},{"type":10,"name":"CLPMM","tx":0,"tx_count":0,"rx":0,"rx_count":0},{"type":11,"name":"PSM","tx":0,"tx_count":0,"rx":0,"rx_count":0},{"type":12,"name":"VIR","tx":0,"tx_count":0,"rx":0,"rx_count":0},{"type":13,"name":"VPM","tx":0,"tx_count":0,"rx":0,"rx_count":0},{"type":14,"name":"PAM","tx":0,"tx_count":0,"rx":0,"rx_count":0}]}} 
Jul  5 04:16:58 imx8qxpc0mek cv2x-daemon: [I][logStatusChanged:129] tx_status=2, rx_status=1, tx_cause=0, rx_cause=-1 
Jul  5 04:17:05 imx8qxpc0mek cv2x-daemon: [I][logStatusChanged:129] tx_status=1, rx_status=1, tx_cause=0, rx_cause=-1 
Jul  5 04:47:05 imx8qxpc0mek cv2x-daemon: [I][logStatusChanged:129] tx_status=2, rx_status=1, tx_cause=0, rx_cause=-1 
Jul  5 04:47:11 imx8qxpc0mek cv2x-daemon: [I][logStatusChanged:129] tx_status=1, rx_status=1, tx_cause=0, rx_cause=-1 
Jul  5 04:47:24 imx8qxpc0mek cv2x-daemon: [I][logStatusChanged:129] tx_status=2, rx_status=1, tx_cause=0, rx_cause=-1 
Jul  5 04:47:38 imx8qxpc0mek cv2x-daemon: [I][logStatusChanged:129] tx_status=1, rx_status=1, tx_cause=0, rx_cause=-1 
Jul  5 04:48:02 imx8qxpc0mek cv2x-daemon: [I][logStatusChanged:129] tx_status=2, rx_status=1, tx_cause=0, rx_cause=-1 
Jul  5 04:48:05 imx8qxpc0mek cv2x-daemon: [I][logStatusChanged:129] tx_status=1, rx_status=1, tx_cause=0, rx_cause=-1 
Jul  5 04:48:13 imx8qxpc0mek cv2x-daemon: [I][logStatusChanged:129] tx_status=2, rx_status=1, tx_cause=0, rx_cause=-1 
Jul  5 04:48:21 imx8qxpc0mek cv2x-daemon: [I][logStatusChanged:129] tx_status=1, rx_status=1, tx_cause=0, rx_cause=-1 
Jul  5 04:49:27 imx8qxpc0mek cv2x-daemon: [I][logStatusChanged:129] tx_status=2, rx_status=1, tx_cause=0, rx_cause=-1 
Jul  5 04:49:40 imx8qxpc0mek cv2x-daemon: [I][logStatusChanged:129] tx_status=1, rx_status=1, tx_cause=0, rx_cause=-1 
Jul  5 04:57:32 imx8qxpc0mek cv2x-daemon: [I][logStatusChanged:129] tx_status=2, rx_status=1, tx_cause=0, rx_cause=-1 
Jul  5 04:57:39 imx8qxpc0mek cv2x-daemon: [I][logStatusChanged:129] tx_status=1, rx_status=1, tx_cause=0, rx_cause=-1 
Jul  5 04:57:41 imx8qxpc0mek cv2x-daemon: [I][logStatusChanged:129] tx_status=2, rx_status=1, tx_cause=0, rx_cause=-1 
Jul  5 04:58:16 imx8qxpc0mek cv2x-daemon: [I][logStatusChanged:129] tx_status=1, rx_status=1, tx_cause=0, rx_cause=-1 
Jul  5 04:58:17 imx8qxpc0mek cv2x-daemon: [I][logStatusChanged:129] tx_status=2, rx_status=1, tx_cause=0, rx_cause=-1 
Jul  5 04:58:17 imx8qxpc0mek cv2x-daemon: [I][logStatusChanged:129] tx_status=1, rx_status=1, tx_cause=0, rx_cause=-1 
