threaded mqtt broker listening on <private-ip>:1883
1786894515.963349 accept ('<private-ip>', 53368)
1786894515.973405 close ('<private-ip>', 53368) closed
1786894516.642387 accept ('<private-ip>', 50472)
1786894516.642897 subscribe ('<private-ip>', 50472) edge4av/airspan-tdd-uplink-location-1/raw-uplink/veh-001/request
1786894520.239757 accept ('<private-ip>', 53374)
1786894520.269795 subscribe ('<private-ip>', 53374) edge4av/airspan-tdd-uplink-location-1/raw-uplink/veh-001/ack
1786894529.898964 publish topic=edge4av/airspan-tdd-uplink-location-1/raw-uplink/veh-001/request bytes=2097184 forwarded=1
1786894529.910475 publish topic=edge4av/airspan-tdd-uplink-location-1/raw-uplink/veh-001/ack bytes=32 forwarded=1
1786894539.794798 publish topic=edge4av/airspan-tdd-uplink-location-1/raw-uplink/veh-001/request bytes=2097184 forwarded=1
1786894539.801472 publish topic=edge4av/airspan-tdd-uplink-location-1/raw-uplink/veh-001/ack bytes=32 forwarded=1
1786894549.317123 publish topic=edge4av/airspan-tdd-uplink-location-1/raw-uplink/veh-001/request bytes=2097184 forwarded=1
1786894549.333863 publish topic=edge4av/airspan-tdd-uplink-location-1/raw-uplink/veh-001/ack bytes=32 forwarded=1
1786894557.903828 publish topic=edge4av/airspan-tdd-uplink-location-1/raw-uplink/veh-001/request bytes=2097184 forwarded=1
1786894557.914213 publish topic=edge4av/airspan-tdd-uplink-location-1/raw-uplink/veh-001/ack bytes=32 forwarded=1
1786894566.923354 publish topic=edge4av/airspan-tdd-uplink-location-1/raw-uplink/veh-001/request bytes=2097184 forwarded=1
1786894566.941880 publish topic=edge4av/airspan-tdd-uplink-location-1/raw-uplink/veh-001/ack bytes=32 forwarded=1
1786894576.587542 publish topic=edge4av/airspan-tdd-uplink-location-1/raw-uplink/veh-001/request bytes=2097184 forwarded=1
1786894576.594651 publish topic=edge4av/airspan-tdd-uplink-location-1/raw-uplink/veh-001/ack bytes=32 forwarded=1
1786894584.749638 publish topic=edge4av/airspan-tdd-uplink-location-1/raw-uplink/veh-001/request bytes=2097184 forwarded=1
1786894584.770078 publish topic=edge4av/airspan-tdd-uplink-location-1/raw-uplink/veh-001/ack bytes=32 forwarded=1
1786894594.588476 publish topic=edge4av/airspan-tdd-uplink-location-1/raw-uplink/veh-001/request bytes=2097184 forwarded=1
1786894594.600451 publish topic=edge4av/airspan-tdd-uplink-location-1/raw-uplink/veh-001/ack bytes=32 forwarded=1
1786894603.956707 publish topic=edge4av/airspan-tdd-uplink-location-1/raw-uplink/veh-001/request bytes=2097184 forwarded=1
1786894603.977700 publish topic=edge4av/airspan-tdd-uplink-location-1/raw-uplink/veh-001/ack bytes=32 forwarded=1
1786894612.018672 publish topic=edge4av/airspan-tdd-uplink-location-1/raw-uplink/veh-001/request bytes=2097184 forwarded=1
1786894612.031195 publish topic=edge4av/airspan-tdd-uplink-location-1/raw-uplink/veh-001/ack bytes=32 forwarded=1
1786894621.785336 publish topic=edge4av/airspan-tdd-uplink-location-1/raw-uplink/veh-001/request bytes=2097184 forwarded=1
1786894621.794052 publish topic=edge4av/airspan-tdd-uplink-location-1/raw-uplink/veh-001/ack bytes=32 forwarded=1
1786894632.735793 publish topic=edge4av/airspan-tdd-uplink-location-1/raw-uplink/veh-001/request bytes=2097184 forwarded=1
1786894632.740656 publish topic=edge4av/airspan-tdd-uplink-location-1/raw-uplink/veh-001/ack bytes=32 forwarded=1
1786894642.836630 publish topic=edge4av/airspan-tdd-uplink-location-1/raw-uplink/veh-001/request bytes=2097184 forwarded=1
1786894642.857707 publish topic=edge4av/airspan-tdd-uplink-location-1/raw-uplink/veh-001/ack bytes=32 forwarded=1
1786894651.990661 publish topic=edge4av/airspan-tdd-uplink-location-1/raw-uplink/veh-001/request bytes=2097184 forwarded=1
1786894652.002810 publish topic=edge4av/airspan-tdd-uplink-location-1/raw-uplink/veh-001/ack bytes=32 forwarded=1
1786894663.050897 publish topic=edge4av/airspan-tdd-uplink-location-1/raw-uplink/veh-001/request bytes=2097184 forwarded=1
1786894663.071223 publish topic=edge4av/airspan-tdd-uplink-location-1/raw-uplink/veh-001/ack bytes=32 forwarded=1
1786894672.784844 publish topic=edge4av/airspan-tdd-uplink-location-1/raw-uplink/veh-001/request bytes=2097184 forwarded=1
1786894672.796442 publish topic=edge4av/airspan-tdd-uplink-location-1/raw-uplink/veh-001/ack bytes=32 forwarded=1
1786894681.624014 publish topic=edge4av/airspan-tdd-uplink-location-1/raw-uplink/veh-001/request bytes=2097184 forwarded=1
1786894681.646365 publish topic=edge4av/airspan-tdd-uplink-location-1/raw-uplink/veh-001/ack bytes=32 forwarded=1
1786894690.441572 publish topic=edge4av/airspan-tdd-uplink-location-1/raw-uplink/veh-001/request bytes=2097184 forwarded=1
1786894690.454710 publish topic=edge4av/airspan-tdd-uplink-location-1/raw-uplink/veh-001/ack bytes=32 forwarded=1
1786894699.727999 publish topic=edge4av/airspan-tdd-uplink-location-1/raw-uplink/veh-001/request bytes=2097184 forwarded=1
1786894699.735008 publish topic=edge4av/airspan-tdd-uplink-location-1/raw-uplink/veh-001/ack bytes=32 forwarded=1
1786894708.389430 publish topic=edge4av/airspan-tdd-uplink-location-1/raw-uplink/veh-001/request bytes=2097184 forwarded=1
1786894708.402421 publish topic=edge4av/airspan-tdd-uplink-location-1/raw-uplink/veh-001/ack bytes=32 forwarded=1
1786894719.398657 publish topic=edge4av/airspan-tdd-uplink-location-1/raw-uplink/veh-001/request bytes=2097184 forwarded=1
1786894719.412302 publish topic=edge4av/airspan-tdd-uplink-location-1/raw-uplink/veh-001/ack bytes=32 forwarded=1
1786894728.329252 publish topic=edge4av/airspan-tdd-uplink-location-1/raw-uplink/veh-001/request bytes=2097184 forwarded=1
1786894728.340933 publish topic=edge4av/airspan-tdd-uplink-location-1/raw-uplink/veh-001/ack bytes=32 forwarded=1
1786894737.738273 publish topic=edge4av/airspan-tdd-uplink-location-1/raw-uplink/veh-001/request bytes=2097184 forwarded=1
1786894737.758380 publish topic=edge4av/airspan-tdd-uplink-location-1/raw-uplink/veh-001/ack bytes=32 forwarded=1
1786894746.201082 publish topic=edge4av/airspan-tdd-uplink-location-1/raw-uplink/veh-001/request bytes=2097184 forwarded=1
1786894746.212832 publish topic=edge4av/airspan-tdd-uplink-location-1/raw-uplink/veh-001/ack bytes=32 forwarded=1
1786894755.396387 publish topic=edge4av/airspan-tdd-uplink-location-1/raw-uplink/veh-001/request bytes=2097184 forwarded=1
1786894755.411976 publish topic=edge4av/airspan-tdd-uplink-location-1/raw-uplink/veh-001/ack bytes=32 forwarded=1
1786894762.907913 publish topic=edge4av/airspan-tdd-uplink-location-1/raw-uplink/veh-001/request bytes=2097184 forwarded=1
1786894762.914097 publish topic=edge4av/airspan-tdd-uplink-location-1/raw-uplink/veh-001/ack bytes=32 forwarded=1
1786894772.190681 publish topic=edge4av/airspan-tdd-uplink-location-1/raw-uplink/veh-001/request bytes=2097184 forwarded=1
1786894772.207420 publish topic=edge4av/airspan-tdd-uplink-location-1/raw-uplink/veh-001/ack bytes=32 forwarded=1
1786894779.827380 publish topic=edge4av/airspan-tdd-uplink-location-1/raw-uplink/veh-001/request bytes=2097184 forwarded=1
1786894779.841770 publish topic=edge4av/airspan-tdd-uplink-location-1/raw-uplink/veh-001/ack bytes=32 forwarded=1
1786894788.886786 publish topic=edge4av/airspan-tdd-uplink-location-1/raw-uplink/veh-001/request bytes=2097184 forwarded=1
1786894788.904258 publish topic=edge4av/airspan-tdd-uplink-location-1/raw-uplink/veh-001/ack bytes=32 forwarded=1
1786894798.232241 publish topic=edge4av/airspan-tdd-uplink-location-1/raw-uplink/veh-001/request bytes=2097184 forwarded=1
1786894798.247491 publish topic=edge4av/airspan-tdd-uplink-location-1/raw-uplink/veh-001/ack bytes=32 forwarded=1
1786894807.194875 publish topic=edge4av/airspan-tdd-uplink-location-1/raw-uplink/veh-001/request bytes=2097184 forwarded=1
1786894807.215370 publish topic=edge4av/airspan-tdd-uplink-location-1/raw-uplink/veh-001/ack bytes=32 forwarded=1
1786894817.162857 publish topic=edge4av/airspan-tdd-uplink-location-1/raw-uplink/veh-001/request bytes=2097184 forwarded=1
1786894817.173792 publish topic=edge4av/airspan-tdd-uplink-location-1/raw-uplink/veh-001/ack bytes=32 forwarded=1
1786894826.812593 publish topic=edge4av/airspan-tdd-uplink-location-1/raw-uplink/veh-001/request bytes=2097184 forwarded=1
1786894826.832693 publish topic=edge4av/airspan-tdd-uplink-location-1/raw-uplink/veh-001/ack bytes=32 forwarded=1
1786894836.048648 publish topic=edge4av/airspan-tdd-uplink-location-1/raw-uplink/veh-001/request bytes=2097184 forwarded=1
1786894836.060342 publish topic=edge4av/airspan-tdd-uplink-location-1/raw-uplink/veh-001/ack bytes=32 forwarded=1
1786894845.448013 publish topic=edge4av/airspan-tdd-uplink-location-1/raw-uplink/veh-001/request bytes=2097184 forwarded=1
1786894845.468347 publish topic=edge4av/airspan-tdd-uplink-location-1/raw-uplink/veh-001/ack bytes=32 forwarded=1
1786894853.666904 publish topic=edge4av/airspan-tdd-uplink-location-1/raw-uplink/veh-001/request bytes=2097184 forwarded=1
1786894853.675046 publish topic=edge4av/airspan-tdd-uplink-location-1/raw-uplink/veh-001/ack bytes=32 forwarded=1
1786894863.043567 publish topic=edge4av/airspan-tdd-uplink-location-1/raw-uplink/veh-001/request bytes=2097184 forwarded=1
1786894863.053919 publish topic=edge4av/airspan-tdd-uplink-location-1/raw-uplink/veh-001/ack bytes=32 forwarded=1
1786894872.081955 publish topic=edge4av/airspan-tdd-uplink-location-1/raw-uplink/veh-001/request bytes=2097184 forwarded=1
1786894872.093246 publish topic=edge4av/airspan-tdd-uplink-location-1/raw-uplink/veh-001/ack bytes=32 forwarded=1
1786894881.201360 publish topic=edge4av/airspan-tdd-uplink-location-1/raw-uplink/veh-001/request bytes=2097184 forwarded=1
1786894881.221763 publish topic=edge4av/airspan-tdd-uplink-location-1/raw-uplink/veh-001/ack bytes=32 forwarded=1
1786894891.212591 publish topic=edge4av/airspan-tdd-uplink-location-1/raw-uplink/veh-001/request bytes=2097184 forwarded=1
1786894891.222335 publish topic=edge4av/airspan-tdd-uplink-location-1/raw-uplink/veh-001/ack bytes=32 forwarded=1
1786894899.752332 publish topic=edge4av/airspan-tdd-uplink-location-1/raw-uplink/veh-001/request bytes=2097184 forwarded=1
1786894899.769974 publish topic=edge4av/airspan-tdd-uplink-location-1/raw-uplink/veh-001/ack bytes=32 forwarded=1
1786894910.297666 publish topic=edge4av/airspan-tdd-uplink-location-1/raw-uplink/veh-001/request bytes=2097184 forwarded=1
1786894910.310013 publish topic=edge4av/airspan-tdd-uplink-location-1/raw-uplink/veh-001/ack bytes=32 forwarded=1
1786894920.714692 publish topic=edge4av/airspan-tdd-uplink-location-1/raw-uplink/veh-001/request bytes=2097184 forwarded=1
1786894920.734928 publish topic=edge4av/airspan-tdd-uplink-location-1/raw-uplink/veh-001/ack bytes=32 forwarded=1
1786894931.652476 publish topic=edge4av/airspan-tdd-uplink-location-1/raw-uplink/veh-001/request bytes=2097184 forwarded=1
1786894931.658586 publish topic=edge4av/airspan-tdd-uplink-location-1/raw-uplink/veh-001/ack bytes=32 forwarded=1
1786894940.723325 publish topic=edge4av/airspan-tdd-uplink-location-1/raw-uplink/veh-001/request bytes=2097184 forwarded=1
1786894940.743156 publish topic=edge4av/airspan-tdd-uplink-location-1/raw-uplink/veh-001/ack bytes=32 forwarded=1
1786894950.742877 publish topic=edge4av/airspan-tdd-uplink-location-1/raw-uplink/veh-001/request bytes=2097184 forwarded=1
1786894950.754298 publish topic=edge4av/airspan-tdd-uplink-location-1/raw-uplink/veh-001/ack bytes=32 forwarded=1
1786894960.231942 publish topic=edge4av/airspan-tdd-uplink-location-1/raw-uplink/veh-001/request bytes=2097184 forwarded=1
1786894960.239819 publish topic=edge4av/airspan-tdd-uplink-location-1/raw-uplink/veh-001/ack bytes=32 forwarded=1
1786894971.270036 publish topic=edge4av/airspan-tdd-uplink-location-1/raw-uplink/veh-001/request bytes=2097184 forwarded=1
1786894971.284326 publish topic=edge4av/airspan-tdd-uplink-location-1/raw-uplink/veh-001/ack bytes=32 forwarded=1
1786894980.012717 publish topic=edge4av/airspan-tdd-uplink-location-1/raw-uplink/veh-001/request bytes=2097184 forwarded=1
1786894980.033623 publish topic=edge4av/airspan-tdd-uplink-location-1/raw-uplink/veh-001/ack bytes=32 forwarded=1
1786894989.928639 publish topic=edge4av/airspan-tdd-uplink-location-1/raw-uplink/veh-001/request bytes=2097184 forwarded=1
1786894989.932603 publish topic=edge4av/airspan-tdd-uplink-location-1/raw-uplink/veh-001/ack bytes=32 forwarded=1
1786894999.312440 publish topic=edge4av/airspan-tdd-uplink-location-1/raw-uplink/veh-001/request bytes=2097184 forwarded=1
1786894999.332317 publish topic=edge4av/airspan-tdd-uplink-location-1/raw-uplink/veh-001/ack bytes=32 forwarded=1
1786895010.002759 publish topic=edge4av/airspan-tdd-uplink-location-1/raw-uplink/veh-001/request bytes=2097184 forwarded=1
1786895010.014256 publish topic=edge4av/airspan-tdd-uplink-location-1/raw-uplink/veh-001/ack bytes=32 forwarded=1
1786895021.243711 publish topic=edge4av/airspan-tdd-uplink-location-1/raw-uplink/veh-001/request bytes=2097184 forwarded=1
1786895021.264283 publish topic=edge4av/airspan-tdd-uplink-location-1/raw-uplink/veh-001/ack bytes=32 forwarded=1
1786895031.177967 publish topic=edge4av/airspan-tdd-uplink-location-1/raw-uplink/veh-001/request bytes=2097184 forwarded=1
1786895031.188750 publish topic=edge4av/airspan-tdd-uplink-location-1/raw-uplink/veh-001/ack bytes=32 forwarded=1
1786895040.400132 publish topic=edge4av/airspan-tdd-uplink-location-1/raw-uplink/veh-001/request bytes=2097184 forwarded=1
1786895040.420192 publish topic=edge4av/airspan-tdd-uplink-location-1/raw-uplink/veh-001/ack bytes=32 forwarded=1
1786895049.927268 publish topic=edge4av/airspan-tdd-uplink-location-1/raw-uplink/veh-001/request bytes=2097184 forwarded=1
1786895049.935831 publish topic=edge4av/airspan-tdd-uplink-location-1/raw-uplink/veh-001/ack bytes=32 forwarded=1
1786895061.101777 publish topic=edge4av/airspan-tdd-uplink-location-1/raw-uplink/veh-001/request bytes=2097184 forwarded=1
1786895061.107872 publish topic=edge4av/airspan-tdd-uplink-location-1/raw-uplink/veh-001/ack bytes=32 forwarded=1
1786895071.953602 publish topic=edge4av/airspan-tdd-uplink-location-1/raw-uplink/veh-001/request bytes=2097184 forwarded=1
1786895071.965138 publish topic=edge4av/airspan-tdd-uplink-location-1/raw-uplink/veh-001/ack bytes=32 forwarded=1
1786895079.280169 publish topic=edge4av/airspan-tdd-uplink-location-1/raw-uplink/veh-001/request bytes=2097184 forwarded=1
1786895079.299754 publish topic=edge4av/airspan-tdd-uplink-location-1/raw-uplink/veh-001/ack bytes=32 forwarded=1
1786895089.646062 publish topic=edge4av/airspan-tdd-uplink-location-1/raw-uplink/veh-001/request bytes=2097184 forwarded=1
1786895089.661019 publish topic=edge4av/airspan-tdd-uplink-location-1/raw-uplink/veh-001/ack bytes=32 forwarded=1
1786895098.719154 publish topic=edge4av/airspan-tdd-uplink-location-1/raw-uplink/veh-001/request bytes=2097184 forwarded=1
1786895098.739816 publish topic=edge4av/airspan-tdd-uplink-location-1/raw-uplink/veh-001/ack bytes=32 forwarded=1
1786895108.225055 publish topic=edge4av/airspan-tdd-uplink-location-1/raw-uplink/veh-001/request bytes=2097184 forwarded=1
1786895108.228877 publish topic=edge4av/airspan-tdd-uplink-location-1/raw-uplink/veh-001/ack bytes=32 forwarded=1
1786895118.620777 publish topic=edge4av/airspan-tdd-uplink-location-1/raw-uplink/veh-001/request bytes=2097184 forwarded=1
1786895118.626880 publish topic=edge4av/airspan-tdd-uplink-location-1/raw-uplink/veh-001/ack bytes=32 forwarded=1
1786895129.131721 publish topic=edge4av/airspan-tdd-uplink-location-1/raw-uplink/veh-001/request bytes=2097184 forwarded=1
1786895129.143267 publish topic=edge4av/airspan-tdd-uplink-location-1/raw-uplink/veh-001/ack bytes=32 forwarded=1
1786895137.458652 publish topic=edge4av/airspan-tdd-uplink-location-1/raw-uplink/veh-001/request bytes=2097184 forwarded=1
1786895137.468042 publish topic=edge4av/airspan-tdd-uplink-location-1/raw-uplink/veh-001/ack bytes=32 forwarded=1
1786895146.982399 publish topic=edge4av/airspan-tdd-uplink-location-1/raw-uplink/veh-001/request bytes=2097184 forwarded=1
1786895146.997189 publish topic=edge4av/airspan-tdd-uplink-location-1/raw-uplink/veh-001/ack bytes=32 forwarded=1
1786895157.500775 publish topic=edge4av/airspan-tdd-uplink-location-1/raw-uplink/veh-001/request bytes=2097184 forwarded=1
1786895157.521226 publish topic=edge4av/airspan-tdd-uplink-location-1/raw-uplink/veh-001/ack bytes=32 forwarded=1
1786895166.906281 publish topic=edge4av/airspan-tdd-uplink-location-1/raw-uplink/veh-001/request bytes=2097184 forwarded=1
1786895166.910093 publish topic=edge4av/airspan-tdd-uplink-location-1/raw-uplink/veh-001/ack bytes=32 forwarded=1
1786895177.075519 publish topic=edge4av/airspan-tdd-uplink-location-1/raw-uplink/veh-001/request bytes=2097184 forwarded=1
1786895177.095621 publish topic=edge4av/airspan-tdd-uplink-location-1/raw-uplink/veh-001/ack bytes=32 forwarded=1
1786895187.118841 publish topic=edge4av/airspan-tdd-uplink-location-1/raw-uplink/veh-001/request bytes=2097184 forwarded=1
1786895187.126390 publish topic=edge4av/airspan-tdd-uplink-location-1/raw-uplink/veh-001/ack bytes=32 forwarded=1
1786895195.278628 publish topic=edge4av/airspan-tdd-uplink-location-1/raw-uplink/veh-001/request bytes=2097184 forwarded=1
1786895195.299234 publish topic=edge4av/airspan-tdd-uplink-location-1/raw-uplink/veh-001/ack bytes=32 forwarded=1
1786895204.504214 publish topic=edge4av/airspan-tdd-uplink-location-1/raw-uplink/veh-001/request bytes=2097184 forwarded=1
1786895204.515887 publish topic=edge4av/airspan-tdd-uplink-location-1/raw-uplink/veh-001/ack bytes=32 forwarded=1
1786895215.081968 publish topic=edge4av/airspan-tdd-uplink-location-1/raw-uplink/veh-001/request bytes=2097184 forwarded=1
1786895215.104059 publish topic=edge4av/airspan-tdd-uplink-location-1/raw-uplink/veh-001/ack bytes=32 forwarded=1
1786895227.325238 publish topic=edge4av/airspan-tdd-uplink-location-1/raw-uplink/veh-001/request bytes=2097184 forwarded=1
1786895227.337618 publish topic=edge4av/airspan-tdd-uplink-location-1/raw-uplink/veh-001/ack bytes=32 forwarded=1
1786895234.939933 publish topic=edge4av/airspan-tdd-uplink-location-1/raw-uplink/veh-001/request bytes=2097184 forwarded=1
1786895234.954010 publish topic=edge4av/airspan-tdd-uplink-location-1/raw-uplink/veh-001/ack bytes=32 forwarded=1
1786895244.215442 publish topic=edge4av/airspan-tdd-uplink-location-1/raw-uplink/veh-001/request bytes=2097184 forwarded=1
1786895244.222634 publish topic=edge4av/airspan-tdd-uplink-location-1/raw-uplink/veh-001/ack bytes=32 forwarded=1
1786895254.584049 publish topic=edge4av/airspan-tdd-uplink-location-1/raw-uplink/veh-001/request bytes=2097184 forwarded=1
1786895254.605042 publish topic=edge4av/airspan-tdd-uplink-location-1/raw-uplink/veh-001/ack bytes=32 forwarded=1
1786895262.714198 publish topic=edge4av/airspan-tdd-uplink-location-1/raw-uplink/veh-001/request bytes=2097184 forwarded=1
1786895262.725969 publish topic=edge4av/airspan-tdd-uplink-location-1/raw-uplink/veh-001/ack bytes=32 forwarded=1
1786895271.445780 publish topic=edge4av/airspan-tdd-uplink-location-1/raw-uplink/veh-001/request bytes=2097184 forwarded=1
1786895271.466924 publish topic=edge4av/airspan-tdd-uplink-location-1/raw-uplink/veh-001/ack bytes=32 forwarded=1
1786895280.673874 publish topic=edge4av/airspan-tdd-uplink-location-1/raw-uplink/veh-001/request bytes=2097184 forwarded=1
1786895280.685943 publish topic=edge4av/airspan-tdd-uplink-location-1/raw-uplink/veh-001/ack bytes=32 forwarded=1
1786895288.260271 publish topic=edge4av/airspan-tdd-uplink-location-1/raw-uplink/veh-001/request bytes=2097184 forwarded=1
1786895288.267241 publish topic=edge4av/airspan-tdd-uplink-location-1/raw-uplink/veh-001/ack bytes=32 forwarded=1
1786895295.937133 publish topic=edge4av/airspan-tdd-uplink-location-1/raw-uplink/veh-001/request bytes=2097184 forwarded=1
1786895295.946218 publish topic=edge4av/airspan-tdd-uplink-location-1/raw-uplink/veh-001/ack bytes=32 forwarded=1
1786895304.455052 publish topic=edge4av/airspan-tdd-uplink-location-1/raw-uplink/veh-001/request bytes=2097184 forwarded=1
1786895304.475413 publish topic=edge4av/airspan-tdd-uplink-location-1/raw-uplink/veh-001/ack bytes=32 forwarded=1
1786895313.418493 publish topic=edge4av/airspan-tdd-uplink-location-1/raw-uplink/veh-001/request bytes=2097184 forwarded=1
1786895313.430212 publish topic=edge4av/airspan-tdd-uplink-location-1/raw-uplink/veh-001/ack bytes=32 forwarded=1
1786895321.591580 publish topic=edge4av/airspan-tdd-uplink-location-1/raw-uplink/veh-001/request bytes=2097184 forwarded=1
1786895321.612232 publish topic=edge4av/airspan-tdd-uplink-location-1/raw-uplink/veh-001/ack bytes=32 forwarded=1
1786895330.439510 publish topic=edge4av/airspan-tdd-uplink-location-1/raw-uplink/veh-001/request bytes=2097184 forwarded=1
1786895330.451882 publish topic=edge4av/airspan-tdd-uplink-location-1/raw-uplink/veh-001/ack bytes=32 forwarded=1
1786895341.341355 publish topic=edge4av/airspan-tdd-uplink-location-1/raw-uplink/veh-001/request bytes=2097184 forwarded=1
1786895341.357229 publish topic=edge4av/airspan-tdd-uplink-location-1/raw-uplink/veh-001/ack bytes=32 forwarded=1
1786895350.880316 publish topic=edge4av/airspan-tdd-uplink-location-1/raw-uplink/veh-001/request bytes=2097184 forwarded=1
1786895350.894604 publish topic=edge4av/airspan-tdd-uplink-location-1/raw-uplink/veh-001/ack bytes=32 forwarded=1
1786895361.019942 publish topic=edge4av/airspan-tdd-uplink-location-1/raw-uplink/veh-001/request bytes=2097184 forwarded=1
1786895361.037276 publish topic=edge4av/airspan-tdd-uplink-location-1/raw-uplink/veh-001/ack bytes=32 forwarded=1
1786895371.917195 publish topic=edge4av/airspan-tdd-uplink-location-1/raw-uplink/veh-001/request bytes=2097184 forwarded=1
1786895371.923588 publish topic=edge4av/airspan-tdd-uplink-location-1/raw-uplink/veh-001/ack bytes=32 forwarded=1
1786895383.199737 publish topic=edge4av/airspan-tdd-uplink-location-1/raw-uplink/veh-001/request bytes=2097184 forwarded=1
1786895383.219680 publish topic=edge4av/airspan-tdd-uplink-location-1/raw-uplink/veh-001/ack bytes=32 forwarded=1
1786895391.821580 publish topic=edge4av/airspan-tdd-uplink-location-1/raw-uplink/veh-001/request bytes=2097184 forwarded=1
1786895391.825293 publish topic=edge4av/airspan-tdd-uplink-location-1/raw-uplink/veh-001/ack bytes=32 forwarded=1
1786895403.267223 publish topic=edge4av/airspan-tdd-uplink-location-1/raw-uplink/veh-001/request bytes=2097184 forwarded=1
1786895403.274423 publish topic=edge4av/airspan-tdd-uplink-location-1/raw-uplink/veh-001/ack bytes=32 forwarded=1
1786895412.206821 publish topic=edge4av/airspan-tdd-uplink-location-1/raw-uplink/veh-001/request bytes=2097184 forwarded=1
1786895412.218465 publish topic=edge4av/airspan-tdd-uplink-location-1/raw-uplink/veh-001/ack bytes=32 forwarded=1
1786895421.736486 publish topic=edge4av/airspan-tdd-uplink-location-1/raw-uplink/veh-001/request bytes=2097184 forwarded=1
1786895421.753229 publish topic=edge4av/airspan-tdd-uplink-location-1/raw-uplink/veh-001/ack bytes=32 forwarded=1
1786895430.712305 publish topic=edge4av/airspan-tdd-uplink-location-1/raw-uplink/veh-001/request bytes=2097184 forwarded=1
1786895430.723423 publish topic=edge4av/airspan-tdd-uplink-location-1/raw-uplink/veh-001/ack bytes=32 forwarded=1
1786895440.206131 publish topic=edge4av/airspan-tdd-uplink-location-1/raw-uplink/veh-001/request bytes=2097184 forwarded=1
1786895440.226216 publish topic=edge4av/airspan-tdd-uplink-location-1/raw-uplink/veh-001/ack bytes=32 forwarded=1
1786895450.184938 publish topic=edge4av/airspan-tdd-uplink-location-1/raw-uplink/veh-001/request bytes=2097184 forwarded=1
1786895450.197921 publish topic=edge4av/airspan-tdd-uplink-location-1/raw-uplink/veh-001/ack bytes=32 forwarded=1
1786895458.654663 publish topic=edge4av/airspan-tdd-uplink-location-1/raw-uplink/veh-001/request bytes=2097184 forwarded=1
1786895458.674776 publish topic=edge4av/airspan-tdd-uplink-location-1/raw-uplink/veh-001/ack bytes=32 forwarded=1
1786895466.547935 publish topic=edge4av/airspan-tdd-uplink-location-1/raw-uplink/veh-001/request bytes=2097184 forwarded=1
1786895466.559512 publish topic=edge4av/airspan-tdd-uplink-location-1/raw-uplink/veh-001/ack bytes=32 forwarded=1
1786895475.437463 publish topic=edge4av/airspan-tdd-uplink-location-1/raw-uplink/veh-001/request bytes=2097184 forwarded=1
1786895475.454983 publish topic=edge4av/airspan-tdd-uplink-location-1/raw-uplink/veh-001/ack bytes=32 forwarded=1
1786895485.834444 publish topic=edge4av/airspan-tdd-uplink-location-1/raw-uplink/veh-001/request bytes=2097184 forwarded=1
1786895485.849528 publish topic=edge4av/airspan-tdd-uplink-location-1/raw-uplink/veh-001/ack bytes=32 forwarded=1
1786895494.823781 publish topic=edge4av/airspan-tdd-uplink-location-1/raw-uplink/veh-001/request bytes=2097184 forwarded=1
1786895494.844189 publish topic=edge4av/airspan-tdd-uplink-location-1/raw-uplink/veh-001/ack bytes=32 forwarded=1
1786895505.313841 publish topic=edge4av/airspan-tdd-uplink-location-1/raw-uplink/veh-001/request bytes=2097184 forwarded=1
1786895505.325416 publish topic=edge4av/airspan-tdd-uplink-location-1/raw-uplink/veh-001/ack bytes=32 forwarded=1
1786895516.417641 publish topic=edge4av/airspan-tdd-uplink-location-1/raw-uplink/veh-001/request bytes=2097184 forwarded=1
1786895516.431671 publish topic=edge4av/airspan-tdd-uplink-location-1/raw-uplink/veh-001/ack bytes=32 forwarded=1
1786895525.615191 publish topic=edge4av/airspan-tdd-uplink-location-1/raw-uplink/veh-001/request bytes=2097184 forwarded=1
1786895525.620852 publish topic=edge4av/airspan-tdd-uplink-location-1/raw-uplink/veh-001/ack bytes=32 forwarded=1
1786895535.447073 publish topic=edge4av/airspan-tdd-uplink-location-1/raw-uplink/veh-001/request bytes=2097184 forwarded=1
1786895535.467001 publish topic=edge4av/airspan-tdd-uplink-location-1/raw-uplink/veh-001/ack bytes=32 forwarded=1
1786895544.515420 publish topic=edge4av/airspan-tdd-uplink-location-1/raw-uplink/veh-001/request bytes=2097184 forwarded=1
1786895544.527032 publish topic=edge4av/airspan-tdd-uplink-location-1/raw-uplink/veh-001/ack bytes=32 forwarded=1
1786895553.223483 publish topic=edge4av/airspan-tdd-uplink-location-1/raw-uplink/veh-001/request bytes=2097184 forwarded=1
1786895553.229704 publish topic=edge4av/airspan-tdd-uplink-location-1/raw-uplink/veh-001/ack bytes=32 forwarded=1
1786895563.725259 publish topic=edge4av/airspan-tdd-uplink-location-1/raw-uplink/veh-001/request bytes=2097184 forwarded=1
1786895563.735028 publish topic=edge4av/airspan-tdd-uplink-location-1/raw-uplink/veh-001/ack bytes=32 forwarded=1
1786895574.506665 publish topic=edge4av/airspan-tdd-uplink-location-1/raw-uplink/veh-001/request bytes=2097184 forwarded=1
1786895574.527512 publish topic=edge4av/airspan-tdd-uplink-location-1/raw-uplink/veh-001/ack bytes=32 forwarded=1
1786895585.694031 publish topic=edge4av/airspan-tdd-uplink-location-1/raw-uplink/veh-001/request bytes=2097184 forwarded=1
1786895585.697381 publish topic=edge4av/airspan-tdd-uplink-location-1/raw-uplink/veh-001/ack bytes=32 forwarded=1
1786895597.329687 publish topic=edge4av/airspan-tdd-uplink-location-1/raw-uplink/veh-001/request bytes=2097184 forwarded=1
1786895597.350716 publish topic=edge4av/airspan-tdd-uplink-location-1/raw-uplink/veh-001/ack bytes=32 forwarded=1
1786895606.186262 publish topic=edge4av/airspan-tdd-uplink-location-1/raw-uplink/veh-001/request bytes=2097184 forwarded=1
1786895606.201349 publish topic=edge4av/airspan-tdd-uplink-location-1/raw-uplink/veh-001/ack bytes=32 forwarded=1
1786895618.139280 publish topic=edge4av/airspan-tdd-uplink-location-1/raw-uplink/veh-001/request bytes=2097184 forwarded=1
1786895618.160224 publish topic=edge4av/airspan-tdd-uplink-location-1/raw-uplink/veh-001/ack bytes=32 forwarded=1
1786895628.008722 publish topic=edge4av/airspan-tdd-uplink-location-1/raw-uplink/veh-001/request bytes=2097184 forwarded=1
1786895628.020098 publish topic=edge4av/airspan-tdd-uplink-location-1/raw-uplink/veh-001/ack bytes=32 forwarded=1
1786895636.296416 publish topic=edge4av/airspan-tdd-uplink-location-1/raw-uplink/veh-001/request bytes=2097184 forwarded=1
1786895636.316433 publish topic=edge4av/airspan-tdd-uplink-location-1/raw-uplink/veh-001/ack bytes=32 forwarded=1
1786895644.905524 publish topic=edge4av/airspan-tdd-uplink-location-1/raw-uplink/veh-001/request bytes=2097184 forwarded=1
1786895644.911041 publish topic=edge4av/airspan-tdd-uplink-location-1/raw-uplink/veh-001/ack bytes=32 forwarded=1
1786895652.201614 publish topic=edge4av/airspan-tdd-uplink-location-1/raw-uplink/veh-001/request bytes=2097184 forwarded=1
1786895652.222154 publish topic=edge4av/airspan-tdd-uplink-location-1/raw-uplink/veh-001/ack bytes=32 forwarded=1
1786895662.618469 publish topic=edge4av/airspan-tdd-uplink-location-1/raw-uplink/veh-001/request bytes=2097184 forwarded=1
1786895662.624197 publish topic=edge4av/airspan-tdd-uplink-location-1/raw-uplink/veh-001/ack bytes=32 forwarded=1
1786895672.823195 publish topic=edge4av/airspan-tdd-uplink-location-1/raw-uplink/veh-001/request bytes=2097184 forwarded=1
1786895672.845150 publish topic=edge4av/airspan-tdd-uplink-location-1/raw-uplink/veh-001/ack bytes=32 forwarded=1
1786895683.215271 publish topic=edge4av/airspan-tdd-uplink-location-1/raw-uplink/veh-001/request bytes=2097184 forwarded=1
1786895683.220135 publish topic=edge4av/airspan-tdd-uplink-location-1/raw-uplink/veh-001/ack bytes=32 forwarded=1
1786895692.692042 publish topic=edge4av/airspan-tdd-uplink-location-1/raw-uplink/veh-001/request bytes=2097184 forwarded=1
1786895692.704007 publish topic=edge4av/airspan-tdd-uplink-location-1/raw-uplink/veh-001/ack bytes=32 forwarded=1
1786895703.117014 publish topic=edge4av/airspan-tdd-uplink-location-1/raw-uplink/veh-001/request bytes=2097184 forwarded=1
1786895703.129543 publish topic=edge4av/airspan-tdd-uplink-location-1/raw-uplink/veh-001/ack bytes=32 forwarded=1
1786895711.406788 publish topic=edge4av/airspan-tdd-uplink-location-1/raw-uplink/veh-001/request bytes=2097184 forwarded=1
1786895711.420383 publish topic=edge4av/airspan-tdd-uplink-location-1/raw-uplink/veh-001/ack bytes=32 forwarded=1
1786895720.877805 publish topic=edge4av/airspan-tdd-uplink-location-1/raw-uplink/veh-001/request bytes=2097184 forwarded=1
1786895720.881597 publish topic=edge4av/airspan-tdd-uplink-location-1/raw-uplink/veh-001/ack bytes=32 forwarded=1
1786895731.153986 publish topic=edge4av/airspan-tdd-uplink-location-1/raw-uplink/veh-001/request bytes=2097184 forwarded=1
1786895731.164516 publish topic=edge4av/airspan-tdd-uplink-location-1/raw-uplink/veh-001/ack bytes=32 forwarded=1
1786895740.626487 publish topic=edge4av/airspan-tdd-uplink-location-1/raw-uplink/veh-001/request bytes=2097184 forwarded=1
1786895740.634579 publish topic=edge4av/airspan-tdd-uplink-location-1/raw-uplink/veh-001/ack bytes=32 forwarded=1
1786895750.170920 publish topic=edge4av/airspan-tdd-uplink-location-1/raw-uplink/veh-001/request bytes=2097184 forwarded=1
1786895750.185457 publish topic=edge4av/airspan-tdd-uplink-location-1/raw-uplink/veh-001/ack bytes=32 forwarded=1
1786895759.948432 publish topic=edge4av/airspan-tdd-uplink-location-1/raw-uplink/veh-001/request bytes=2097184 forwarded=1
1786895759.953317 publish topic=edge4av/airspan-tdd-uplink-location-1/raw-uplink/veh-001/ack bytes=32 forwarded=1
1786895769.709781 publish topic=edge4av/airspan-tdd-uplink-location-1/raw-uplink/veh-001/request bytes=2097184 forwarded=1
1786895769.731646 publish topic=edge4av/airspan-tdd-uplink-location-1/raw-uplink/veh-001/ack bytes=32 forwarded=1
1786895777.732668 publish topic=edge4av/airspan-tdd-uplink-location-1/raw-uplink/veh-001/request bytes=2097184 forwarded=1
1786895777.744420 publish topic=edge4av/airspan-tdd-uplink-location-1/raw-uplink/veh-001/ack bytes=32 forwarded=1
1786895787.317222 publish topic=edge4av/airspan-tdd-uplink-location-1/raw-uplink/veh-001/request bytes=2097184 forwarded=1
1786895787.338052 publish topic=edge4av/airspan-tdd-uplink-location-1/raw-uplink/veh-001/ack bytes=32 forwarded=1
