[INFO] [launch]: All log files can be found below /home/hydrau/.ros/log/2026-08-19-15-14-31-556999-hydrau-143663
[INFO] [launch]: Default logging verbosity is set to INFO
[INFO] [novatel_oem7_driver_exe-1]: process started with pid [143764]
[novatel_oem7_driver_exe-1] [INFO] [1787166871.828249331] [novatel.oem7.main]: Oem7RawMsg:  topic [oem7raw]: frame_id: 'gps'; q size: 200
[novatel_oem7_driver_exe-1] [INFO] [1787166871.829238602] [novatel.oem7.main]: Oem7MessageNode v.; Feb 19 2026 03:29:00
[novatel_oem7_driver_exe-1] [INFO] [1787166871.833150716] [novatel.oem7.main]: Oem7MessageDecoderLib version: 10.1.0
[novatel_oem7_driver_exe-1] [INFO] [1787166871.833529954] [novatel.oem7.main]: PPPPOS:  topic [ppppos]: frame_id: 'gps'; q size: 100
[novatel_oem7_driver_exe-1] [INFO] [1787166871.833810856] [novatel.oem7.main]: BESTPOS:  topic [bestpos]: frame_id: 'gps'; q size: 100
[novatel_oem7_driver_exe-1] [INFO] [1787166871.834060451] [novatel.oem7.main]: BESTVEL:  topic [bestvel]: frame_id: 'gps'; q size: 100
[novatel_oem7_driver_exe-1] [INFO] [1787166871.834292068] [novatel.oem7.main]: BESTGNSSVEL:  topic [bestgnssvel]: frame_id: 'gps'; q size: 100
[novatel_oem7_driver_exe-1] [INFO] [1787166871.834500259] [novatel.oem7.main]: BESTUTM:  topic [bestutm]: frame_id: 'gps'; q size: 100
[novatel_oem7_driver_exe-1] [INFO] [1787166871.834742878] [novatel.oem7.main]: BESTGNSSPOS:  topic [bestgnsspos]: frame_id: 'gps'; q size: 100
[novatel_oem7_driver_exe-1] [INFO] [1787166871.834981709] [novatel.oem7.main]: INSPVA:  topic [inspva]: frame_id: 'gps'; q size: 100
[novatel_oem7_driver_exe-1] [INFO] [1787166871.835216162] [novatel.oem7.main]: GPSFix:  topic [gps]: frame_id: 'gps'; q size: 100
[novatel_oem7_driver_exe-1] [INFO] [1787166871.835716143] [novatel.oem7.main]: NavSatFix:  topic [fix]: frame_id: 'gps'; q size: 100
[novatel_oem7_driver_exe-1] [INFO] [1787166871.836373713] [novatel.oem7.main]: GPSFix position source: BESTPOS or INSPVAS based on quality
[novatel_oem7_driver_exe-1] [INFO] [1787166871.836466404] [novatel.oem7.main]: IMU:  topic [imu/data]: frame_id: 'imu_link'; q size: 100
[novatel_oem7_driver_exe-1] [INFO] [1787166871.836719343] [novatel.oem7.main]: RAWIMU:  topic [imu/data_raw]: frame_id: 'imu_link'; q size: 100
[novatel_oem7_driver_exe-1] [INFO] [1787166871.836971146] [novatel.oem7.main]: CORRIMU:  topic [corrimu]: frame_id: 'gps'; q size: 100
[novatel_oem7_driver_exe-1] [INFO] [1787166871.837239844] [novatel.oem7.main]: INSSTDEV:  topic [insstdev]: frame_id: 'gps'; q size: 10
[novatel_oem7_driver_exe-1] [INFO] [1787166871.837509478] [novatel.oem7.main]: INSPVAX:  topic [inspvax]: frame_id: 'gps'; q size: 10
[novatel_oem7_driver_exe-1] [INFO] [1787166871.837791054] [novatel.oem7.main]: INSCONFIG:  topic [insconfig]: frame_id: 'gps'; q size: 10
[novatel_oem7_driver_exe-1] [WARN] [1787166871.838149183] [novatel.oem7.main]: Message 'RAWIMUSX' will not be published.
[novatel_oem7_driver_exe-1] [INFO] [1787166871.838270093] [novatel.oem7.main]: HEADING2:  topic [heading2]: frame_id: 'gps'; q size: 100
[novatel_oem7_driver_exe-1] [INFO] [1787166871.838573102] [novatel.oem7.main]: RXSTATUS:  topic [rxstatus]: frame_id: 'gps'; q size: 10
[novatel_oem7_driver_exe-1] [INFO] [1787166871.838903864] [novatel.oem7.main]: TERRASTARINFO:  topic [terrastarinfo]: frame_id: 'gps'; q size: 100
[novatel_oem7_driver_exe-1] [INFO] [1787166871.839170256] [novatel.oem7.main]: TERRASTARSTATUS:  topic [terrastarstatus]: frame_id: 'gps'; q size: 100
[novatel_oem7_driver_exe-1] [INFO] [1787166871.839465440] [novatel.oem7.main]: TIME:  topic [time]: frame_id: 'gps'; q size: 100
[novatel_oem7_driver_exe-1] [WARN] [1787166871.839735703] [novatel.oem7.main]: Message 'NMEA_Sentence' will not be published.
[novatel_oem7_driver_exe-1] [INFO] [1787166871.839819361] [novatel.oem7.main]: Odometry:  topic [odom]: frame_id: 'odom'; q size: 100
[novatel_oem7_driver_exe-1] [INFO] [1787166871.840281777] [novatel.oem7.main]: OdometryOrigin:  topic [odom_origin]: frame_id: 'odom'; q size: 100
[novatel_oem7_driver_exe-1] [INFO] [1787166871.842894464] [novatel.oem7.main]: Oem7Net TCP['192.168.3.100' : 3001]
[novatel_oem7_driver_exe-1] [INFO] [1787166871.843493830] [novatel.oem7.main]: Oem7Net socket open: '1; OS error= 0
[novatel_oem7_driver_exe-1] [INFO] [1787166871.891983727] [novatel.oem7.main]: Standard Receiver Initialization:
[novatel_oem7_driver_exe-1] [INFO] [1787166871.951907781] [novatel.oem7.main]: AACmd 'UNLOGALL THISPORT' : 'OK'
[novatel_oem7_driver_exe-1] [INFO] [1787166871.976872837] [novatel.oem7.main]: AACmd 'LOG INSCONFIGB ONCE' : 'OK'
[novatel_oem7_driver_exe-1] [INFO] [1787166871.991208587] [novatel.oem7.main]: AACmd 'LOG TERRASTARINFOB ONCE' : 'OK'
[novatel_oem7_driver_exe-1] [INFO] [1787166872.007493646] [novatel.oem7.main]: AACmd 'LOG TERRASTARSTATUSB ONCE' : 'OK'
[novatel_oem7_driver_exe-1] [INFO] [1787166872.085006832] [novatel.oem7.main]: AACmd 'LOG TERRASTARINFOB ONTIME 300' : 'OK'
[novatel_oem7_driver_exe-1] [INFO] [1787166872.107707816] [novatel.oem7.main]: AACmd 'LOG TERRASTARSTATUSB ONTIME 300' : 'OK'
[novatel_oem7_driver_exe-1] [INFO] [1787166872.192833244] [novatel.oem7.main]: AACmd 'LOG INSCONFIGB ONTIME 300' : 'OK'
[novatel_oem7_driver_exe-1] [INFO] [1787166872.204238689] [novatel.oem7.main]: AACmd 'LOG RXSTATUSB ONCHANGED' : 'OK'
[novatel_oem7_driver_exe-1] [INFO] [1787166872.230102725] [novatel.oem7.main]: AACmd 'LOG BESTPOSB ONTIME 0.1' : 'OK'
[novatel_oem7_driver_exe-1] [INFO] [1787166872.246338879] [novatel.oem7.main]: AACmd 'LOG BESTVELB ONTIME 0.1' : 'OK'
[novatel_oem7_driver_exe-1] [INFO] [1787166872.258267533] [novatel.oem7.main]: AACmd 'LOG BESTGNSSVELB ONTIME 0.1' : 'OK'
[novatel_oem7_driver_exe-1] [INFO] [1787166872.291721967] [novatel.oem7.main]: AACmd 'LOG BESTUTMB ONTIME 1' : 'OK'
[novatel_oem7_driver_exe-1] [INFO] [1787166872.310743672] [novatel.oem7.main]: AACmd 'LOG BESTGNSSPOSB ONTIME 0.1' : 'OK'
[novatel_oem7_driver_exe-1] [INFO] [1787166872.337017783] [novatel.oem7.main]: AACmd 'LOG PPPPOSB ONTIME 1' : 'OK'
[novatel_oem7_driver_exe-1] [INFO] [1787166872.349669147] [novatel.oem7.main]: AACmd 'LOG HEADING2B ONNEW' : 'OK'
[novatel_oem7_driver_exe-1] [INFO] [1787166872.372436189] [novatel.oem7.main]: AACmd 'LOG PSRDOP2B ONCHANGED' : 'OK'
[novatel_oem7_driver_exe-1] [INFO] [1787166872.387016502] [novatel.oem7.main]: AACmd 'LOG INSPVASB ONTIME 0.02' : 'OK'
[novatel_oem7_driver_exe-1] [INFO] [1787166872.404690563] [novatel.oem7.main]: AACmd 'LOG INSPVAXB ONTIME 1' : 'OK'
[novatel_oem7_driver_exe-1] [INFO] [1787166872.428554409] [novatel.oem7.main]: AACmd 'LOG CORRIMUSB ONTIME 0.01' : 'OK'
[novatel_oem7_driver_exe-1] [INFO] [1787166872.437550980] [novatel.oem7.main]: AACmd 'LOG INSSTDEVB ONTIME 1' : 'OK'
[novatel_oem7_driver_exe-1] [INFO] [1787166872.460549201] [novatel.oem7.main]: AACmd 'LOG RAWIMUSXB ONNEW' : 'OK'
[novatel_oem7_driver_exe-1] [INFO] [1787166872.475411227] [novatel.oem7.main]: AACmd 'LOG TIMEB ONTIME 1' : 'OK'
[novatel_oem7_driver_exe-1] [INFO] [1787166872.485330273] [novatel.oem7.main]: AACmd 'LOG VERSIONB ONCE' : 'OK'
[novatel_oem7_driver_exe-1] [INFO] [1787166872.533300968] [novatel.oem7.main]: AACmd 'LOG INSUPDATESTATUSB ONNEW' : 'OK'
[novatel_oem7_driver_exe-1] [INFO] [1787166872.558871498] [novatel.oem7.main]: AACmd 'LOG RAWEPHEMB ONNEW' : 'OK'
[novatel_oem7_driver_exe-1] [INFO] [1787166872.576208069] [novatel.oem7.main]: AACmd 'LOG GLOEPHEMERISB ONNEW' : 'OK'
[novatel_oem7_driver_exe-1] [INFO] [1787166872.583599759] [novatel.oem7.main]: AACmd 'LOG BDSEPHEMERISB ONNEW' : 'OK'
[novatel_oem7_driver_exe-1] [INFO] [1787166872.590105567] [novatel.oem7.main]: AACmd 'LOG GALFNAVEPHEMERISB ONNEW' : 'OK'
[novatel_oem7_driver_exe-1] [INFO] [1787166872.602289439] [novatel.oem7.main]: AACmd 'LOG GALINAVEPHEMERISB ONNEW' : 'OK'
[novatel_oem7_driver_exe-1] [INFO] [1787166872.607739576] [novatel.oem7.main]: AACmd 'LOG RANGEB ONTIME 1' : 'OK'
[novatel_oem7_driver_exe-1] [INFO] [1787166872.607761748] [novatel.oem7.main]: Extended Receiver Initialization:
[novatel_oem7_driver_exe-1] [INFO] [1787166872.607784967] [novatel.oem7.main]: Receiver Initialization completed, errors= 0
[novatel_oem7_driver_exe-1] [INFO] [1787166872.611832518] [novatel.oem7.main]: GPSFix position source= INSPVA: 0 --> 0 at GPSTime[2432 328490600]
[novatel_oem7_driver_exe-1] [ERROR] [1787166872.611864612] [novatel.oem7.main]: No BESTPOS or INSPVAX to get undulation
[novatel_oem7_driver_exe-1] [INFO] [1787166872.621025777] [novatel.oem7.main]: UTM new Zone:  -1 --> 18; N: 1 X: 435064 Y: 4.39071e+06
[novatel_oem7_driver_exe-1] [INFO] [1787166873.031213631] [novatel.oem7.main]: GPSFix position source= INSPVA: 0 --> 1 at GPSTime[2432 328491020]
