Jul  4 00:30:15 imx8qxpc0mek kernel: [    1.909083] diag: failed to find diag_dload imem node
Jul  4 00:30:15 imx8qxpc0mek kernel: [    1.914330] usbcore: registered new interface driver diag_bridge
Jul  4 00:30:36 imx8qxpc0mek cv2x-daemon: [I][runAsDaemon:206] Starting the CV2X Daemon 
Jul  4 00:30:36 imx8qxpc0mek cv2x-daemon: [I][startV2xMode:86] Starting V2X mode 
Jul  4 00:30:36 imx8qxpc0mek cv2x-daemon: [I][startV2xMode:94] Read V2X radio status 
Jul  4 00:30:36 imx8qxpc0mek cv2x-daemon: [I][startV2xRadio:315] Starting V2X radio 
Jul  4 00:30:36 imx8qxpc0mek cv2x-daemon: [I][operator():320] Started V2X radio 
Jul  4 00:30:36 imx8qxpc0mek cv2x-daemon: [I][startV2xMode:107] V2X mode started 
Jul  4 00:30:36 imx8qxpc0mek cv2x-daemon: [I][logStatusChanged:129] tx_status=2, rx_status=2, tx_cause=0, rx_cause=0 
Jul  4 00:30:36 imx8qxpc0mek cv2x-daemon: [I][logStatusChanged:129] tx_status=2, rx_status=2, tx_cause=-1, rx_cause=-1 
Jul  4 00:30:36 imx8qxpc0mek kernel: <12>[   30.477702] cv2x-daemon: V2X mode started
Jul  4 00:30:36 imx8qxpc0mek cv2x-daemon: [I][createProfile:459] Found V2X_IP profile, idx=2 
Jul  4 00:30:36 imx8qxpc0mek cv2x-daemon: [I][createProfile:475] Found V2X_NON_IP profile, idx=3 
Jul  4 00:30:36 imx8qxpc0mek cv2x-daemon: [I][createProfileAndStartDataCalls:539] APN profiles setup done 
Jul  4 00:30:36 imx8qxpc0mek cv2x-daemon: [I][startDataCalls:493] Start Data Call IP 
Jul  4 00:30:37 imx8qxpc0mek cv2x-daemon: [I][startDataCall:426] Received DSI_EVT_NET_IS_CONN: network_type=0 is online 
Jul  4 00:30:37 imx8qxpc0mek cv2x-daemon: [I][startDataCalls:500] Start Data Call NON-IP 
Jul  4 00:30:37 imx8qxpc0mek kernel: <12>[   31.534167] cv2x-daemon: V2X IP call is online
Jul  4 00:30:38 imx8qxpc0mek cv2x-daemon: [I][startDataCall:426] Received DSI_EVT_NET_IS_CONN: network_type=1 is online 
Jul  4 00:30:38 imx8qxpc0mek kernel: <12>[   31.587872] cv2x-daemon: V2X Non-IP call is online
Jul  4 00:30:47 imx8qxpc0mek kernel: [   40.780096] RTW: rssi : -1 (%), rssi_level : 0
Jul  4 00:37:21 imx8qxpc0mek cv2x-daemon: [I][logStatusChanged:129] tx_status=2, rx_status=2, tx_cause=3, rx_cause=3 
Jul  4 00:37:21 imx8qxpc0mek cv2x-daemon: [I][logStatusChanged:129] tx_status=2, rx_status=2, tx_cause=0, rx_cause=0 
Jul  4 00:37:21 imx8qxpc0mek cv2x-daemon: [I][logStatusChanged:129] tx_status=2, rx_status=2, tx_cause=-1, rx_cause=-1 
Jul  4 00:37:21 imx8qxpc0mek cv2x-daemon: [I][logStatusChanged:129] tx_status=2, rx_status=2, tx_cause=0, rx_cause=0 
Jul  4 00:37:21 imx8qxpc0mek cv2x-daemon: [I][logStatusChanged:129] tx_status=2, rx_status=2, tx_cause=-1, rx_cause=-1 
Jul  4 00:37:23 imx8qxpc0mek cv2x-daemon: [I][logStatusChanged:107] V2X TX status is active 
Jul  4 00:37:23 imx8qxpc0mek cv2x-daemon: [I][logStatusChanged:114] V2X Rx status is active 
Jul  4 00:37:23 imx8qxpc0mek kernel: <12>[  200.889545] cv2x-daemon: V2X TX status is active
Jul  4 00:37:23 imx8qxpc0mek cv2x-daemon: [I][logStatusChanged:129] tx_status=1, rx_status=1, tx_cause=-1, rx_cause=-1 
Jul  4 00:37:23 imx8qxpc0mek kernel: <12>[  200.908199] cv2x-daemon: V2X RX status is active
Jul  4 00:40:44 imx8qxpc0mek cv2x-daemon: [I][logStatusChanged:129] tx_status=2, rx_status=1, tx_cause=0, rx_cause=-1 
Jul  4 00:40:45 imx8qxpc0mek cv2x-daemon: [I][logStatusChanged:129] tx_status=1, rx_status=1, tx_cause=0, rx_cause=-1 
Jul  4 00:40:45 imx8qxpc0mek cv2x-daemon: [I][logStatusChanged:129] tx_status=2, rx_status=1, tx_cause=0, rx_cause=-1 
Jul  4 00:40:46 imx8qxpc0mek cv2x-daemon: [I][logStatusChanged:129] tx_status=1, rx_status=1, tx_cause=0, rx_cause=-1 
Jul  4 00:40:47 imx8qxpc0mek cv2x-daemon: [I][logStatusChanged:129] tx_status=2, rx_status=1, tx_cause=0, rx_cause=-1 
Jul  4 00:40:47 imx8qxpc0mek cv2x-daemon: [I][logStatusChanged:129] tx_status=1, rx_status=1, tx_cause=0, rx_cause=-1 
Jul  4 00:40:49 imx8qxpc0mek cv2x-daemon: [I][logStatusChanged:129] tx_status=2, rx_status=1, tx_cause=0, rx_cause=-1 
Jul  4 00:40:49 imx8qxpc0mek cv2x-daemon: [I][logStatusChanged:129] tx_status=1, rx_status=1, tx_cause=0, rx_cause=-1 
Jul  4 00:40:51 imx8qxpc0mek cv2x-daemon: [I][logStatusChanged:129] tx_status=2, rx_status=1, tx_cause=0, rx_cause=-1 
Jul  4 00:40:51 imx8qxpc0mek cv2x-daemon: [I][logStatusChanged:129] tx_status=1, rx_status=1, tx_cause=0, rx_cause=-1 
Jul  4 00:40:53 imx8qxpc0mek cv2x-daemon: [I][logStatusChanged:129] tx_status=2, rx_status=1, tx_cause=0, rx_cause=-1 
Jul  4 00:40:54 imx8qxpc0mek cv2x-daemon: [I][logStatusChanged:129] tx_status=1, rx_status=1, tx_cause=0, rx_cause=-1 
Jul  4 00:41:02 imx8qxpc0mek kernel: [  419.619499] RTW: rssi : 68 (%), rssi_level : 0
Jul  4 00:41:07 imx8qxpc0mek cv2x-daemon: [I][logStatusChanged:129] tx_status=2, rx_status=1, tx_cause=0, rx_cause=-1 
Jul  4 00:41:08 imx8qxpc0mek cv2x-daemon: [I][logStatusChanged:129] tx_status=1, rx_status=1, tx_cause=0, rx_cause=-1 
Jul  4 00:41:10 imx8qxpc0mek cv2x-daemon: [I][logStatusChanged:129] tx_status=2, rx_status=1, tx_cause=0, rx_cause=-1 
Jul  4 00:41:10 imx8qxpc0mek cv2x-daemon: [I][logStatusChanged:129] tx_status=1, rx_status=1, tx_cause=0, rx_cause=-1 
Jul  4 00:41:12 imx8qxpc0mek cv2x-daemon: [I][logStatusChanged:129] tx_status=2, rx_status=1, tx_cause=0, rx_cause=-1 
Jul  4 00:41:12 imx8qxpc0mek cv2x-daemon: [I][logStatusChanged:129] tx_status=1, rx_status=1, tx_cause=0, rx_cause=-1 
Jul  4 00:41:14 imx8qxpc0mek cv2x-daemon: [I][logStatusChanged:129] tx_status=2, rx_status=1, tx_cause=0, rx_cause=-1 
Jul  4 00:41:14 imx8qxpc0mek cv2x-daemon: [I][logStatusChanged:129] tx_status=1, rx_status=1, tx_cause=0, rx_cause=-1 
Jul  4 00:43:57 imx8qxpc0mek kernel: [  594.655035] RTW: rssi : -1 (%), rssi_level : 0
Jul  4 00:53:10 imx8qxpc0mek cv2x-daemon: [I][logStatusChanged:129] tx_status=2, rx_status=1, tx_cause=0, rx_cause=-1 
Jul  4 00:53:11 imx8qxpc0mek cv2x-daemon: [I][logStatusChanged:129] tx_status=1, rx_status=1, tx_cause=0, rx_cause=-1 
Jul  4 00:53:11 imx8qxpc0mek cv2x-daemon: [I][logStatusChanged:129] tx_status=2, rx_status=1, tx_cause=0, rx_cause=-1 
Jul  4 00:53:11 imx8qxpc0mek cv2x-daemon: [I][logStatusChanged:129] tx_status=1, rx_status=1, tx_cause=0, rx_cause=-1 
Jul  4 00:53:13 imx8qxpc0mek cv2x-daemon: [I][logStatusChanged:129] tx_status=2, rx_status=1, tx_cause=0, rx_cause=-1 
Jul  4 00:53:13 imx8qxpc0mek cv2x-daemon: [I][logStatusChanged:129] tx_status=1, rx_status=1, tx_cause=0, rx_cause=-1 
Jul  4 00:53:14 imx8qxpc0mek cv2x-daemon: [I][logStatusChanged:129] tx_status=2, rx_status=1, tx_cause=0, rx_cause=-1 
Jul  4 00:53:15 imx8qxpc0mek cv2x-daemon: [I][logStatusChanged:129] tx_status=1, rx_status=1, tx_cause=0, rx_cause=-1 
Jul  4 00:53:17 imx8qxpc0mek cv2x-daemon: [I][logStatusChanged:129] tx_status=2, rx_status=1, tx_cause=0, rx_cause=-1 
Jul  4 00:53:17 imx8qxpc0mek cv2x-daemon: [I][logStatusChanged:129] tx_status=1, rx_status=1, tx_cause=0, rx_cause=-1 
Jul  4 00:56:32 imx8qxpc0mek device_msg_cfg_get.cgi: cv2x_param_db_init 
Jul  4 00:56:32 imx8qxpc0mek device_msg_cfg_get.cgi: cv2x_param_db_read 
Jul  4 00:56:32 imx8qxpc0mek device_msg_cfg_get.cgi: cJson string :{"cv2x":{"status":[{"type":1,"name":"BSM","tx":0,"tx_count":12818,"rx":0,"rx_count":0},{"type":2,"name":"RSM","tx":0,"tx_count":0,"rx":0,"rx_count":0},{"type":3,"name":"RSI","tx":0,"tx_count":0,"rx":0,"rx_count":0},{"type":4,"name":"SPAT","tx":0,"tx_count":0,"rx":0,"rx_count":0},{"type":5,"name":"MAP","tx":0,"tx_count":0,"rx":0,"rx_count":1145},{"type":6,"name":"TEST","tx":0,"tx_count":0,"rx":0,"rx_count":0},{"type":7,"name":"RSC","tx":0,"tx_count":0,"rx":0,"rx_count":0},{"type":8,"name":"RTCM","tx":0,"tx_count":0,"rx":0,"rx_count":0},{"type":9,"name":"SSM","tx":0,"tx_count":0,"rx":0,"rx_count":0},{"type":10,"name":"CLPMM","tx":0,"tx_count":0,"rx":0,"rx_count":0},{"type":11,"name":"PSM","tx":0,"tx_count":0,"rx":0,"rx_count":0},{"type":12,"name":"VIR","tx":0,"tx_count":0,"rx":0,"rx_count":1144},{"type":13,"name":"VPM","tx":0,"tx_count":0,"rx":0,"rx_count":0},{"type":14,"name":"PAM","tx":0,"tx_count":0,"rx":0,"rx_count":0}]}}
Jul  4 00:56:32 imx8qxpc0mek device_msg_cfg_get.cgi: --{"cv2x":{"status":[{"type":1,"name":"BSM","tx":0,"tx_count":12818,"rx":0,"rx_count":0},{"type":2,"name":"RSM","tx":0,"tx_count":0,"rx":0,"rx_count":0},{"type":3,"name":"RSI","tx":0,"tx_count":0,"rx":0,"rx_count":0},{"type":4,"name":"SPAT","tx":0,"tx_count":0,"rx":0,"rx_count":0},{"type":5,"name":"MAP","tx":0,"tx_count":0,"rx":0,"rx_count":1145},{"type":6,"name":"TEST","tx":0,"tx_count":0,"rx":0,"rx_count":0},{"type":7,"name":"RSC","tx":0,"tx_count":0,"rx":0,"rx_count":0},{"type":8,"name":"RTCM","tx":0,"tx_count":0,"rx":0,"rx_count":0},{"type":9,"name":"SSM","tx":0,"tx_count":0,"rx":0,"rx_count":0},{"type":10,"name":"CLPMM","tx":0,"tx_count":0,"rx":0,"rx_count":0},{"type":11,"name":"PSM","tx":0,"tx_count":0,"rx":0,"rx_count":0},{"type":12,"name":"VIR","tx":0,"tx_count":0,"rx":0,"rx_count":1144},{"type":13,"name":"VPM","tx":0,"tx_count":0,"rx":0,"rx_count":0},{"type":14,"name":"PAM","tx":0,"tx_count":0,"rx":0,"rx_count":0}]}} 
Jul  4 01:26:58 imx8qxpc0mek kernel: [ 3175.208406] RTW: rssi : -1 (%), rssi_level : 0
Jul  4 04:55:21 imx8qxpc0mek kernel: [15676.931744] audit: type=1701 audit(1783112121.675:14): auid=4294967295 uid=0 gid=0 ses=4294967295 pid=18619 comm="diag-rssi" exe="/usr/bin/diag-rssi" sig=11 res=1
Jul  4 04:59:41 imx8qxpc0mek kernel: [15936.976464] audit: type=1701 audit(1783112381.748:15): auid=4294967295 uid=0 gid=0 ses=4294967295 pid=20947 comm="cv2x_tx_app" exe="/usr/bin/cv2x_tx_app" sig=6 res=1
Jul  4 04:59:41 imx8qxpc0mek kernel: [15937.015075] audit: type=1701 audit(1783112381.788:16): auid=4294967295 uid=0 gid=0 ses=4294967295 pid=20964 comm="cv2x_tx_app" exe="/usr/bin/cv2x_tx_app" sig=6 res=1
