[INFO] [launch]: All log files can be found below /home/car/.ros/log/2026-08-06-09-47-27-513885-car-134700
[INFO] [launch]: Default logging verbosity is set to INFO
[INFO] [novatel_oem7_driver_exe-1]: process started with pid [134743]
[novatel_oem7_driver_exe-1] [INFO] [1786024047.700500461] [novatel.oem7.main]: Oem7RawMsg:  topic [oem7raw]: frame_id: 'gps'; q size: 200
[novatel_oem7_driver_exe-1] [INFO] [1786024047.701522201] [novatel.oem7.main]: Oem7MessageNode v.; Feb 19 2026 03:29:00
[novatel_oem7_driver_exe-1] [INFO] [1786024047.705884525] [novatel.oem7.main]: Oem7MessageDecoderLib version: 10.1.0
[novatel_oem7_driver_exe-1] [INFO] [1786024047.706321462] [novatel.oem7.main]: PPPPOS:  topic [ppppos]: frame_id: 'gps'; q size: 100
[novatel_oem7_driver_exe-1] [INFO] [1786024047.706714875] [novatel.oem7.main]: BESTPOS:  topic [bestpos]: frame_id: 'gps'; q size: 100
[novatel_oem7_driver_exe-1] [INFO] [1786024047.707039493] [novatel.oem7.main]: BESTVEL:  topic [bestvel]: frame_id: 'gps'; q size: 100
[novatel_oem7_driver_exe-1] [INFO] [1786024047.707321950] [novatel.oem7.main]: BESTGNSSVEL:  topic [bestgnssvel]: frame_id: 'gps'; q size: 100
[novatel_oem7_driver_exe-1] [INFO] [1786024047.707607802] [novatel.oem7.main]: BESTUTM:  topic [bestutm]: frame_id: 'gps'; q size: 100
[novatel_oem7_driver_exe-1] [INFO] [1786024047.707917917] [novatel.oem7.main]: BESTGNSSPOS:  topic [bestgnsspos]: frame_id: 'gps'; q size: 100
[novatel_oem7_driver_exe-1] [INFO] [1786024047.708208646] [novatel.oem7.main]: INSPVA:  topic [inspva]: frame_id: 'gps'; q size: 100
[novatel_oem7_driver_exe-1] [INFO] [1786024047.708484634] [novatel.oem7.main]: GPSFix:  topic [gps]: frame_id: 'gps'; q size: 100
[novatel_oem7_driver_exe-1] [INFO] [1786024047.708958304] [novatel.oem7.main]: NavSatFix:  topic [fix]: frame_id: 'gps'; q size: 100
[novatel_oem7_driver_exe-1] [INFO] [1786024047.709591683] [novatel.oem7.main]: GPSFix position source: BESTPOS or INSPVAS based on quality
[novatel_oem7_driver_exe-1] [INFO] [1786024047.709714313] [novatel.oem7.main]: IMU:  topic [imu/data]: frame_id: 'imu_link'; q size: 100
[novatel_oem7_driver_exe-1] [INFO] [1786024047.709982545] [novatel.oem7.main]: RAWIMU:  topic [imu/data_raw]: frame_id: 'imu_link'; q size: 100
[novatel_oem7_driver_exe-1] [INFO] [1786024047.710251671] [novatel.oem7.main]: CORRIMU:  topic [corrimu]: frame_id: 'gps'; q size: 100
[novatel_oem7_driver_exe-1] [INFO] [1786024047.710532731] [novatel.oem7.main]: INSSTDEV:  topic [insstdev]: frame_id: 'gps'; q size: 10
[novatel_oem7_driver_exe-1] [INFO] [1786024047.710834424] [novatel.oem7.main]: INSPVAX:  topic [inspvax]: frame_id: 'gps'; q size: 10
[novatel_oem7_driver_exe-1] [INFO] [1786024047.711149445] [novatel.oem7.main]: INSCONFIG:  topic [insconfig]: frame_id: 'gps'; q size: 10
[novatel_oem7_driver_exe-1] [WARN] [1786024047.711544229] [novatel.oem7.main]: Message 'RAWIMUSX' will not be published.
[novatel_oem7_driver_exe-1] [INFO] [1786024047.711676987] [novatel.oem7.main]: HEADING2:  topic [heading2]: frame_id: 'gps'; q size: 100
[novatel_oem7_driver_exe-1] [INFO] [1786024047.712027798] [novatel.oem7.main]: RXSTATUS:  topic [rxstatus]: frame_id: 'gps'; q size: 10
[novatel_oem7_driver_exe-1] [INFO] [1786024047.712411146] [novatel.oem7.main]: TERRASTARINFO:  topic [terrastarinfo]: frame_id: 'gps'; q size: 100
[novatel_oem7_driver_exe-1] [INFO] [1786024047.712760638] [novatel.oem7.main]: TERRASTARSTATUS:  topic [terrastarstatus]: frame_id: 'gps'; q size: 100
[novatel_oem7_driver_exe-1] [INFO] [1786024047.713056256] [novatel.oem7.main]: TIME:  topic [time]: frame_id: 'gps'; q size: 100
[novatel_oem7_driver_exe-1] [WARN] [1786024047.713351559] [novatel.oem7.main]: Message 'NMEA_Sentence' will not be published.
[novatel_oem7_driver_exe-1] [INFO] [1786024047.713476804] [novatel.oem7.main]: Odometry:  topic [odom]: frame_id: 'odom'; q size: 100
[novatel_oem7_driver_exe-1] [INFO] [1786024047.713964201] [novatel.oem7.main]: OdometryOrigin:  topic [odom_origin]: frame_id: 'odom'; q size: 100
[novatel_oem7_driver_exe-1] [INFO] [1786024047.716603123] [novatel.oem7.main]: Oem7Net TCP['<gnss-receiver>' : 3001]
[novatel_oem7_driver_exe-1] [INFO] [1786024047.765628217] [novatel.oem7.main]: Standard Receiver Initialization:
[novatel_oem7_driver_exe-1] [INFO] [1786024181.373482651] [novatel.oem7.main]: Oem7Net socket open: '1; OS error= 110
[novatel_oem7_driver_exe-1] [ERROR] [1786024181.373482705] [novatel.oem7.main]: Oem7Receiver: write error: 32; endpoint open: 1
[novatel_oem7_driver_exe-1] [ERROR] [1786024181.373588584] [novatel.oem7.main]: Oem7Receiver: read error: 107; endpoint open: 1 errors/max: 2/10
[novatel_oem7_driver_exe-1] [ERROR] [1786024181.373693354] [novatel.oem7.main]: Oem7Receiver: close error: 9
[novatel_oem7_driver_exe-1] [ERROR] [1786024181.373699430] [novatel.oem7.main]: Oem7Receiver: close error: 0
[novatel_oem7_driver_exe-1] [INFO] [1786024182.373825799] [novatel.oem7.main]: Oem7Net TCP['<gnss-receiver>' : 3001]
[novatel_oem7_driver_exe-1] [INFO] [1786024182.373864979] [novatel.oem7.main]: Oem7Net TCP['<gnss-receiver>' : 3001]
[novatel_oem7_driver_exe-1] [INFO] [1786024316.541492549] [novatel.oem7.main]: Oem7Net socket open: '1; OS error= 110
[novatel_oem7_driver_exe-1] [INFO] [1786024316.541505039] [novatel.oem7.main]: Oem7Net socket open: '1; OS error= 110
[novatel_oem7_driver_exe-1] [ERROR] [1786024316.541635987] [novatel.oem7.main]: Oem7Receiver: write error: 32; endpoint open: 1
[novatel_oem7_driver_exe-1] [ERROR] [1786024316.541720381] [novatel.oem7.main]: Oem7Receiver: read error: 107; endpoint open: 1 errors/max: 4/10
[novatel_oem7_driver_exe-1] [ERROR] [1786024316.541967184] [novatel.oem7.main]: Oem7Receiver: close error: 0
[novatel_oem7_driver_exe-1] [ERROR] [1786024316.541871483] [novatel.oem7.main]: Oem7Receiver: close error: 0
[novatel_oem7_driver_exe-1] [INFO] [1786024317.542126334] [novatel.oem7.main]: Oem7Net TCP['<gnss-receiver>' : 3001]
[novatel_oem7_driver_exe-1] [ERROR] [1786024320.542254793] [novatel.oem7.main]: AACmd 'UNLOGALL THISPORT': Attempt 0: timed out waiting for response.
