[2026-07-06T13:04:27-04:00] Building local C++ tools
[2026-07-06T13:04:27-04:00] Syncing source to edge
[2026-07-06T13:04:28-04:00] Building edge C++ tools
[2026-07-06T13:04:30-04:00] Starting GNSS recorder
[2026-07-06T13:04:35-04:00] Running Experiment 11 condition p5g-scale-tcp-payload-1024-clients-1
[2026-07-06T13:10:26-04:00] Running Experiment 11 condition p5g-scale-tcp-payload-1024-clients-2
[2026-07-06T13:16:17-04:00] Running Experiment 11 condition p5g-scale-tcp-payload-1024-clients-5
[2026-07-06T13:22:09-04:00] Running Experiment 11 condition p5g-scale-tcp-payload-1024-clients-10
[2026-07-06T13:28:10-04:00] Running Experiment 11 condition p5g-scale-tcp-payload-1024-clients-20
[2026-07-06T13:34:26-04:00] Running Experiment 11 condition p5g-scale-tcp-payload-1024-clients-50
[2026-07-06T13:44:29-04:00] Running Experiment 11 condition p5g-scale-tcp-payload-1024-clients-100
[2026-07-06T14:06:42-04:00] Running Experiment 11 condition p5g-scale-udp-payload-1024-clients-1
[2026-07-06T14:11:22-04:00] Running Experiment 11 condition p5g-scale-udp-payload-1024-clients-2
[2026-07-06T14:15:48-04:00] Running Experiment 11 condition p5g-scale-udp-payload-1024-clients-5
[2026-07-06T14:20:56-04:00] Running Experiment 11 condition p5g-scale-udp-payload-1024-clients-10
[2026-07-06T14:25:41-04:00] Running Experiment 11 condition p5g-scale-udp-payload-1024-clients-20
[2026-07-06T14:30:57-04:00] Running Experiment 11 condition p5g-scale-udp-payload-1024-clients-50
[2026-07-06T14:39:40-04:00] Running Experiment 11 condition p5g-scale-udp-payload-1024-clients-100
[2026-07-06T14:54:46-04:00] Running Experiment 11 condition p5g-scale-mqtt-payload-1024-clients-1
[2026-07-06T14:59:08-04:00] Running Experiment 11 condition p5g-scale-mqtt-payload-1024-clients-2
[2026-07-06T15:03:33-04:00] Running Experiment 11 condition p5g-scale-mqtt-payload-1024-clients-5
[2026-07-06T15:08:03-04:00] Running Experiment 11 condition p5g-scale-mqtt-payload-1024-clients-10
[2026-07-06T15:12:42-04:00] Running Experiment 11 condition p5g-scale-mqtt-payload-1024-clients-20
[2026-07-06T15:17:56-04:00] Running Experiment 11 condition p5g-scale-mqtt-payload-1024-clients-50
[2026-07-06T15:28:47-04:00] Running Experiment 11 condition p5g-scale-mqtt-payload-1024-clients-100
[2026-07-06T15:48:26-04:00] Experiment 11 multiclient scalability run complete
