[INFO] [launch]: All log files can be found below /home/car/.ros/log/2026-08-06-11-39-09-277067-car-296749
[INFO] [launch]: Default logging verbosity is set to INFO
[INFO] [novatel_oem7_driver_exe-1]: process started with pid [296795]
[novatel_oem7_driver_exe-1] [INFO] [1786030749.424921272] [novatel.oem7.main]: Oem7RawMsg:  topic [oem7raw]: frame_id: 'gps'; q size: 200
[novatel_oem7_driver_exe-1] [INFO] [1786030749.426072196] [novatel.oem7.main]: Oem7MessageNode v.; Feb 19 2026 03:29:00
[novatel_oem7_driver_exe-1] [INFO] [1786030749.431482504] [novatel.oem7.main]: Oem7MessageDecoderLib version: 10.1.0
[novatel_oem7_driver_exe-1] [INFO] [1786030749.432176248] [novatel.oem7.main]: PPPPOS:  topic [ppppos]: frame_id: 'gps'; q size: 100
[novatel_oem7_driver_exe-1] [INFO] [1786030749.432734041] [novatel.oem7.main]: BESTPOS:  topic [bestpos]: frame_id: 'gps'; q size: 100
[novatel_oem7_driver_exe-1] [INFO] [1786030749.433183767] [novatel.oem7.main]: BESTVEL:  topic [bestvel]: frame_id: 'gps'; q size: 100
[novatel_oem7_driver_exe-1] [INFO] [1786030749.433544979] [novatel.oem7.main]: BESTGNSSVEL:  topic [bestgnssvel]: frame_id: 'gps'; q size: 100
[novatel_oem7_driver_exe-1] [INFO] [1786030749.433942888] [novatel.oem7.main]: BESTUTM:  topic [bestutm]: frame_id: 'gps'; q size: 100
[novatel_oem7_driver_exe-1] [INFO] [1786030749.434354239] [novatel.oem7.main]: BESTGNSSPOS:  topic [bestgnsspos]: frame_id: 'gps'; q size: 100
[novatel_oem7_driver_exe-1] [INFO] [1786030749.434751483] [novatel.oem7.main]: INSPVA:  topic [inspva]: frame_id: 'gps'; q size: 100
[novatel_oem7_driver_exe-1] [INFO] [1786030749.435116304] [novatel.oem7.main]: GPSFix:  topic [gps]: frame_id: 'gps'; q size: 100
[novatel_oem7_driver_exe-1] [INFO] [1786030749.435839305] [novatel.oem7.main]: NavSatFix:  topic [fix]: frame_id: 'gps'; q size: 100
[novatel_oem7_driver_exe-1] [INFO] [1786030749.436740430] [novatel.oem7.main]: GPSFix position source: BESTPOS or INSPVAS based on quality
[novatel_oem7_driver_exe-1] [INFO] [1786030749.436937776] [novatel.oem7.main]: IMU:  topic [imu/data]: frame_id: 'imu_link'; q size: 100
[novatel_oem7_driver_exe-1] [INFO] [1786030749.437282455] [novatel.oem7.main]: RAWIMU:  topic [imu/data_raw]: frame_id: 'imu_link'; q size: 100
[novatel_oem7_driver_exe-1] [INFO] [1786030749.437601500] [novatel.oem7.main]: CORRIMU:  topic [corrimu]: frame_id: 'gps'; q size: 100
[novatel_oem7_driver_exe-1] [INFO] [1786030749.438013572] [novatel.oem7.main]: INSSTDEV:  topic [insstdev]: frame_id: 'gps'; q size: 10
[novatel_oem7_driver_exe-1] [INFO] [1786030749.438365403] [novatel.oem7.main]: INSPVAX:  topic [inspvax]: frame_id: 'gps'; q size: 10
[novatel_oem7_driver_exe-1] [INFO] [1786030749.438808871] [novatel.oem7.main]: INSCONFIG:  topic [insconfig]: frame_id: 'gps'; q size: 10
[novatel_oem7_driver_exe-1] [WARN] [1786030749.439302528] [novatel.oem7.main]: Message 'RAWIMUSX' will not be published.
[novatel_oem7_driver_exe-1] [INFO] [1786030749.439524083] [novatel.oem7.main]: HEADING2:  topic [heading2]: frame_id: 'gps'; q size: 100
[novatel_oem7_driver_exe-1] [INFO] [1786030749.439932160] [novatel.oem7.main]: RXSTATUS:  topic [rxstatus]: frame_id: 'gps'; q size: 10
[novatel_oem7_driver_exe-1] [INFO] [1786030749.440344888] [novatel.oem7.main]: TERRASTARINFO:  topic [terrastarinfo]: frame_id: 'gps'; q size: 100
[novatel_oem7_driver_exe-1] [INFO] [1786030749.440709626] [novatel.oem7.main]: TERRASTARSTATUS:  topic [terrastarstatus]: frame_id: 'gps'; q size: 100
[novatel_oem7_driver_exe-1] [INFO] [1786030749.441029506] [novatel.oem7.main]: TIME:  topic [time]: frame_id: 'gps'; q size: 100
[novatel_oem7_driver_exe-1] [WARN] [1786030749.441369818] [novatel.oem7.main]: Message 'NMEA_Sentence' will not be published.
[novatel_oem7_driver_exe-1] [INFO] [1786030749.441536767] [novatel.oem7.main]: Odometry:  topic [odom]: frame_id: 'odom'; q size: 100
[novatel_oem7_driver_exe-1] [INFO] [1786030749.442143568] [novatel.oem7.main]: OdometryOrigin:  topic [odom_origin]: frame_id: 'odom'; q size: 100
[novatel_oem7_driver_exe-1] [INFO] [1786030749.445135981] [novatel.oem7.main]: Oem7Net TCP['<gnss-receiver>' : 3001]
[novatel_oem7_driver_exe-1] [ERROR] [1786030749.445154093] [novatel.oem7.main]: No BESTPOS or INSPVAX to get undulation for odometry
[novatel_oem7_driver_exe-1] [INFO] [1786030749.445580718] [novatel.oem7.main]: Oem7Net socket open: '1; OS error= 0
[novatel_oem7_driver_exe-1] [ERROR] [1786030749.445609888] [novatel.oem7.main]: No BESTPOS or INSPVAX to get undulation for odometry
[novatel_oem7_driver_exe-1] [INFO] [1786030749.494112722] [novatel.oem7.main]: Standard Receiver Initialization:
[novatel_oem7_driver_exe-1] [INFO] [1786030749.499461844] [novatel.oem7.main]: AACmd 'UNLOGALL THISPORT' : 'OK'
[novatel_oem7_driver_exe-1] [INFO] [1786030749.700285184] [novatel.oem7.main]: AACmd 'LOG INSCONFIGB ONCE' : 'OK'
[novatel_oem7_driver_exe-1] [INFO] [1786030749.705533536] [novatel.oem7.main]: AACmd 'LOG TERRASTARINFOB ONCE' : 'OK'
[novatel_oem7_driver_exe-1] [INFO] [1786030749.710256932] [novatel.oem7.main]: AACmd 'LOG TERRASTARSTATUSB ONCE' : 'OK'
[novatel_oem7_driver_exe-1] [INFO] [1786030749.715231544] [novatel.oem7.main]: AACmd 'LOG TERRASTARINFOB ONTIME 300' : 'OK'
[novatel_oem7_driver_exe-1] [INFO] [1786030749.913151770] [novatel.oem7.main]: AACmd 'LOG TERRASTARSTATUSB ONTIME 300' : 'OK'
[novatel_oem7_driver_exe-1] [INFO] [1786030750.110501396] [novatel.oem7.main]: AACmd 'LOG INSCONFIGB ONTIME 300' : 'OK'
[novatel_oem7_driver_exe-1] [INFO] [1786030750.310561418] [novatel.oem7.main]: AACmd 'LOG RXSTATUSB ONCHANGED' : 'OK'
[novatel_oem7_driver_exe-1] [INFO] [1786030750.315783887] [novatel.oem7.main]: AACmd 'LOG BESTPOSB ONTIME 0.1' : 'OK'
[novatel_oem7_driver_exe-1] [INFO] [1786030750.409566194] [novatel.oem7.main]: AACmd 'LOG BESTVELB ONTIME 0.1' : 'OK'
[novatel_oem7_driver_exe-1] [INFO] [1786030750.413635983] [novatel.oem7.main]: AACmd 'LOG BESTGNSSVELB ONTIME 0.1' : 'OK'
[novatel_oem7_driver_exe-1] [INFO] [1786030750.418226903] [novatel.oem7.main]: AACmd 'LOG BESTUTMB ONTIME 1' : 'OK'
[novatel_oem7_driver_exe-1] [INFO] [1786030750.423739340] [novatel.oem7.main]: AACmd 'LOG BESTGNSSPOSB ONTIME 0.1' : 'OK'
[novatel_oem7_driver_exe-1] [INFO] [1786030750.512890325] [novatel.oem7.main]: AACmd 'LOG PPPPOSB ONTIME 1' : 'OK'
[novatel_oem7_driver_exe-1] [INFO] [1786030750.610593642] [novatel.oem7.main]: AACmd 'LOG HEADING2B ONNEW' : 'OK'
[novatel_oem7_driver_exe-1] [INFO] [1786030750.710370292] [novatel.oem7.main]: AACmd 'LOG PSRDOP2B ONCHANGED' : 'OK'
[novatel_oem7_driver_exe-1] [INFO] [1786030750.715954073] [novatel.oem7.main]: AACmd 'LOG INSPVASB ONTIME 0.02' : 'OK'
[novatel_oem7_driver_exe-1] [INFO] [1786030750.720491323] [novatel.oem7.main]: AACmd 'LOG INSPVAXB ONTIME 1' : 'OK'
[novatel_oem7_driver_exe-1] [INFO] [1786030750.726217463] [novatel.oem7.main]: AACmd 'LOG CORRIMUSB ONTIME 0.01' : 'OK'
[novatel_oem7_driver_exe-1] [INFO] [1786030750.737864492] [novatel.oem7.main]: AACmd 'LOG INSSTDEVB ONTIME 1' : 'OK'
[novatel_oem7_driver_exe-1] [INFO] [1786030750.741735662] [novatel.oem7.main]: AACmd 'LOG RAWIMUSXB ONNEW' : 'OK'
[novatel_oem7_driver_exe-1] [INFO] [1786030750.748217299] [novatel.oem7.main]: AACmd 'LOG TIMEB ONTIME 1' : 'OK'
[novatel_oem7_driver_exe-1] [INFO] [1786030750.757304271] [novatel.oem7.main]: AACmd 'LOG VERSIONB ONCE' : 'OK'
[novatel_oem7_driver_exe-1] [INFO] [1786030750.763439688] [novatel.oem7.main]: AACmd 'LOG INSUPDATESTATUSB ONNEW' : 'OK'
[novatel_oem7_driver_exe-1] [INFO] [1786030750.769507889] [novatel.oem7.main]: AACmd 'LOG RAWEPHEMB ONNEW' : 'OK'
[novatel_oem7_driver_exe-1] [INFO] [1786030750.774299892] [novatel.oem7.main]: AACmd 'LOG GLOEPHEMERISB ONNEW' : 'OK'
[novatel_oem7_driver_exe-1] [INFO] [1786030750.779213473] [novatel.oem7.main]: AACmd 'LOG BDSEPHEMERISB ONNEW' : 'OK'
[novatel_oem7_driver_exe-1] [INFO] [1786030750.785959861] [novatel.oem7.main]: AACmd 'LOG GALFNAVEPHEMERISB ONNEW' : 'OK'
[novatel_oem7_driver_exe-1] [INFO] [1786030750.795959520] [novatel.oem7.main]: AACmd 'LOG GALINAVEPHEMERISB ONNEW' : 'OK'
[novatel_oem7_driver_exe-1] [INFO] [1786030750.809890203] [novatel.oem7.main]: AACmd 'LOG RANGEB ONTIME 1' : 'OK'
[novatel_oem7_driver_exe-1] [INFO] [1786030750.809944287] [novatel.oem7.main]: Extended Receiver Initialization:
[novatel_oem7_driver_exe-1] [INFO] [1786030750.809984890] [novatel.oem7.main]: Receiver Initialization completed, errors= 0
[novatel_oem7_driver_exe-1] [INFO] [1786030750.824320413] [novatel.oem7.main]: GPSFix position source= INSPVA: 0 --> 0 at GPSTime[2430 401968820]
[novatel_oem7_driver_exe-1] [ERROR] [1786030750.824414580] [novatel.oem7.main]: No BESTPOS or INSPVAX to get undulation
[novatel_oem7_driver_exe-1] [ERROR] [1786030750.824783219] [novatel.oem7.main]: No BESTPOS or INSPVAX to get undulation for odometry
[novatel_oem7_driver_exe-1] [ERROR] [1786030750.832504691] [novatel.oem7.main]: No BESTPOS or INSPVAX to get undulation for odometry
[novatel_oem7_driver_exe-1] [ERROR] [1786030750.842857970] [novatel.oem7.main]: No BESTPOS or INSPVAX to get undulation
[novatel_oem7_driver_exe-1] [ERROR] [1786030750.843402546] [novatel.oem7.main]: No BESTPOS or INSPVAX to get undulation for odometry
[novatel_oem7_driver_exe-1] [ERROR] [1786030750.853948403] [novatel.oem7.main]: No BESTPOS or INSPVAX to get undulation for odometry
[novatel_oem7_driver_exe-1] [ERROR] [1786030750.864443456] [novatel.oem7.main]: No BESTPOS or INSPVAX to get undulation
[novatel_oem7_driver_exe-1] [ERROR] [1786030750.864862908] [novatel.oem7.main]: No BESTPOS or INSPVAX to get undulation for odometry
[novatel_oem7_driver_exe-1] [ERROR] [1786030750.872456215] [novatel.oem7.main]: No BESTPOS or INSPVAX to get undulation for odometry
[novatel_oem7_driver_exe-1] [ERROR] [1786030750.884099985] [novatel.oem7.main]: No BESTPOS or INSPVAX to get undulation
[novatel_oem7_driver_exe-1] [ERROR] [1786030750.884606172] [novatel.oem7.main]: No BESTPOS or INSPVAX to get undulation for odometry
[novatel_oem7_driver_exe-1] [ERROR] [1786030750.892435899] [novatel.oem7.main]: No BESTPOS or INSPVAX to get undulation for odometry
[novatel_oem7_driver_exe-1] [ERROR] [1786030750.904216077] [novatel.oem7.main]: No BESTPOS or INSPVAX to get undulation
[novatel_oem7_driver_exe-1] [ERROR] [1786030750.904626066] [novatel.oem7.main]: No BESTPOS or INSPVAX to get undulation for odometry
[novatel_oem7_driver_exe-1] [INFO] [1786030750.913661021] [novatel.oem7.main]: UTM new Zone:  -1 --> 18; N: 1 X: 435067 Y: 4.39071e+06
[novatel_oem7_driver_exe-1] [INFO] [1786030751.024809093] [novatel.oem7.main]: GPSFix position source= INSPVA: 0 --> 1 at GPSTime[2430 401969020]
