threaded mqtt broker listening on <private-ip>:1883
1786980024.003649 accept ('<private-ip>', 41540)
1786980024.004361 close ('<private-ip>', 41540) closed
1786980024.758801 accept ('<private-ip>', 37608)
1786980024.759389 subscribe ('<private-ip>', 37608) edge4av/airspan-tdd-uplink-location_2/raw-uplink/veh-001/request
1786980028.489345 accept ('<private-ip>', 33112)
1786980028.519119 subscribe ('<private-ip>', 33112) edge4av/airspan-tdd-uplink-location_2/raw-uplink/veh-001/ack
1786980044.441952 publish topic=edge4av/airspan-tdd-uplink-location_2/raw-uplink/veh-001/request bytes=1048608 forwarded=1
1786980044.457278 publish topic=edge4av/airspan-tdd-uplink-location_2/raw-uplink/veh-001/ack bytes=32 forwarded=1
1786980062.980516 publish topic=edge4av/airspan-tdd-uplink-location_2/raw-uplink/veh-001/request bytes=1048608 forwarded=1
1786980062.986268 publish topic=edge4av/airspan-tdd-uplink-location_2/raw-uplink/veh-001/ack bytes=32 forwarded=1
1786980080.291053 publish topic=edge4av/airspan-tdd-uplink-location_2/raw-uplink/veh-001/request bytes=1048608 forwarded=1
1786980080.301541 publish topic=edge4av/airspan-tdd-uplink-location_2/raw-uplink/veh-001/ack bytes=32 forwarded=1
1786980100.172662 publish topic=edge4av/airspan-tdd-uplink-location_2/raw-uplink/veh-001/request bytes=1048608 forwarded=1
1786980100.183346 publish topic=edge4av/airspan-tdd-uplink-location_2/raw-uplink/veh-001/ack bytes=32 forwarded=1
1786980118.661800 publish topic=edge4av/airspan-tdd-uplink-location_2/raw-uplink/veh-001/request bytes=1048608 forwarded=1
1786980118.669077 publish topic=edge4av/airspan-tdd-uplink-location_2/raw-uplink/veh-001/ack bytes=32 forwarded=1
1786980139.832976 publish topic=edge4av/airspan-tdd-uplink-location_2/raw-uplink/veh-001/request bytes=1048608 forwarded=1
1786980139.835737 publish topic=edge4av/airspan-tdd-uplink-location_2/raw-uplink/veh-001/ack bytes=32 forwarded=1
1786980155.551302 publish topic=edge4av/airspan-tdd-uplink-location_2/raw-uplink/veh-001/request bytes=1048608 forwarded=1
1786980155.558735 publish topic=edge4av/airspan-tdd-uplink-location_2/raw-uplink/veh-001/ack bytes=32 forwarded=1
1786980175.192147 publish topic=edge4av/airspan-tdd-uplink-location_2/raw-uplink/veh-001/request bytes=1048608 forwarded=1
1786980175.197464 publish topic=edge4av/airspan-tdd-uplink-location_2/raw-uplink/veh-001/ack bytes=32 forwarded=1
1786980193.498643 publish topic=edge4av/airspan-tdd-uplink-location_2/raw-uplink/veh-001/request bytes=1048608 forwarded=1
1786980193.506272 publish topic=edge4av/airspan-tdd-uplink-location_2/raw-uplink/veh-001/ack bytes=32 forwarded=1
1786980210.120530 publish topic=edge4av/airspan-tdd-uplink-location_2/raw-uplink/veh-001/request bytes=1048608 forwarded=1
1786980210.129984 publish topic=edge4av/airspan-tdd-uplink-location_2/raw-uplink/veh-001/ack bytes=32 forwarded=1
1786980225.911250 publish topic=edge4av/airspan-tdd-uplink-location_2/raw-uplink/veh-001/request bytes=1048608 forwarded=1
1786980225.916491 publish topic=edge4av/airspan-tdd-uplink-location_2/raw-uplink/veh-001/ack bytes=32 forwarded=1
1786980245.593337 publish topic=edge4av/airspan-tdd-uplink-location_2/raw-uplink/veh-001/request bytes=1048608 forwarded=1
1786980245.600306 publish topic=edge4av/airspan-tdd-uplink-location_2/raw-uplink/veh-001/ack bytes=32 forwarded=1
1786980262.355896 publish topic=edge4av/airspan-tdd-uplink-location_2/raw-uplink/veh-001/request bytes=1048608 forwarded=1
1786980262.358974 publish topic=edge4av/airspan-tdd-uplink-location_2/raw-uplink/veh-001/ack bytes=32 forwarded=1
1786980277.801076 publish topic=edge4av/airspan-tdd-uplink-location_2/raw-uplink/veh-001/request bytes=1048608 forwarded=1
1786980277.807079 publish topic=edge4av/airspan-tdd-uplink-location_2/raw-uplink/veh-001/ack bytes=32 forwarded=1
1786980294.979123 publish topic=edge4av/airspan-tdd-uplink-location_2/raw-uplink/veh-001/request bytes=1048608 forwarded=1
1786980294.984827 publish topic=edge4av/airspan-tdd-uplink-location_2/raw-uplink/veh-001/ack bytes=32 forwarded=1
1786980312.244339 publish topic=edge4av/airspan-tdd-uplink-location_2/raw-uplink/veh-001/request bytes=1048608 forwarded=1
1786980312.251742 publish topic=edge4av/airspan-tdd-uplink-location_2/raw-uplink/veh-001/ack bytes=32 forwarded=1
1786980332.455376 publish topic=edge4av/airspan-tdd-uplink-location_2/raw-uplink/veh-001/request bytes=1048608 forwarded=1
1786980332.462544 publish topic=edge4av/airspan-tdd-uplink-location_2/raw-uplink/veh-001/ack bytes=32 forwarded=1
1786980351.054721 publish topic=edge4av/airspan-tdd-uplink-location_2/raw-uplink/veh-001/request bytes=1048608 forwarded=1
1786980351.062628 publish topic=edge4av/airspan-tdd-uplink-location_2/raw-uplink/veh-001/ack bytes=32 forwarded=1
1786980367.809515 publish topic=edge4av/airspan-tdd-uplink-location_2/raw-uplink/veh-001/request bytes=1048608 forwarded=1
1786980367.812741 publish topic=edge4av/airspan-tdd-uplink-location_2/raw-uplink/veh-001/ack bytes=32 forwarded=1
1786980385.526417 publish topic=edge4av/airspan-tdd-uplink-location_2/raw-uplink/veh-001/request bytes=1048608 forwarded=1
1786980385.537831 publish topic=edge4av/airspan-tdd-uplink-location_2/raw-uplink/veh-001/ack bytes=32 forwarded=1
1786980400.742385 publish topic=edge4av/airspan-tdd-uplink-location_2/raw-uplink/veh-001/request bytes=1048608 forwarded=1
1786980400.751318 publish topic=edge4av/airspan-tdd-uplink-location_2/raw-uplink/veh-001/ack bytes=32 forwarded=1
1786980417.557743 publish topic=edge4av/airspan-tdd-uplink-location_2/raw-uplink/veh-001/request bytes=1048608 forwarded=1
1786980417.563249 publish topic=edge4av/airspan-tdd-uplink-location_2/raw-uplink/veh-001/ack bytes=32 forwarded=1
1786980433.856132 publish topic=edge4av/airspan-tdd-uplink-location_2/raw-uplink/veh-001/request bytes=1048608 forwarded=1
1786980433.864010 publish topic=edge4av/airspan-tdd-uplink-location_2/raw-uplink/veh-001/ack bytes=32 forwarded=1
1786980453.433939 publish topic=edge4av/airspan-tdd-uplink-location_2/raw-uplink/veh-001/request bytes=1048608 forwarded=1
1786980453.440763 publish topic=edge4av/airspan-tdd-uplink-location_2/raw-uplink/veh-001/ack bytes=32 forwarded=1
1786980469.916488 publish topic=edge4av/airspan-tdd-uplink-location_2/raw-uplink/veh-001/request bytes=1048608 forwarded=1
1786980469.926639 publish topic=edge4av/airspan-tdd-uplink-location_2/raw-uplink/veh-001/ack bytes=32 forwarded=1
1786980489.669840 publish topic=edge4av/airspan-tdd-uplink-location_2/raw-uplink/veh-001/request bytes=1048608 forwarded=1
1786980489.677296 publish topic=edge4av/airspan-tdd-uplink-location_2/raw-uplink/veh-001/ack bytes=32 forwarded=1
1786980508.593239 publish topic=edge4av/airspan-tdd-uplink-location_2/raw-uplink/veh-001/request bytes=1048608 forwarded=1
1786980508.595655 publish topic=edge4av/airspan-tdd-uplink-location_2/raw-uplink/veh-001/ack bytes=32 forwarded=1
1786980522.781605 publish topic=edge4av/airspan-tdd-uplink-location_2/raw-uplink/veh-001/request bytes=1048608 forwarded=1
1786980522.785041 publish topic=edge4av/airspan-tdd-uplink-location_2/raw-uplink/veh-001/ack bytes=32 forwarded=1
1786980541.165265 publish topic=edge4av/airspan-tdd-uplink-location_2/raw-uplink/veh-001/request bytes=1048608 forwarded=1
1786980541.172728 publish topic=edge4av/airspan-tdd-uplink-location_2/raw-uplink/veh-001/ack bytes=32 forwarded=1
1786980558.845244 publish topic=edge4av/airspan-tdd-uplink-location_2/raw-uplink/veh-001/request bytes=1048608 forwarded=1
1786980558.852385 publish topic=edge4av/airspan-tdd-uplink-location_2/raw-uplink/veh-001/ack bytes=32 forwarded=1
1786980577.752546 publish topic=edge4av/airspan-tdd-uplink-location_2/raw-uplink/veh-001/request bytes=1048608 forwarded=1
1786980577.760499 publish topic=edge4av/airspan-tdd-uplink-location_2/raw-uplink/veh-001/ack bytes=32 forwarded=1
1786980594.263989 publish topic=edge4av/airspan-tdd-uplink-location_2/raw-uplink/veh-001/request bytes=1048608 forwarded=1
1786980594.272152 publish topic=edge4av/airspan-tdd-uplink-location_2/raw-uplink/veh-001/ack bytes=32 forwarded=1
1786980612.641653 publish topic=edge4av/airspan-tdd-uplink-location_2/raw-uplink/veh-001/request bytes=1048608 forwarded=1
1786980612.650439 publish topic=edge4av/airspan-tdd-uplink-location_2/raw-uplink/veh-001/ack bytes=32 forwarded=1
1786980627.863383 publish topic=edge4av/airspan-tdd-uplink-location_2/raw-uplink/veh-001/request bytes=1048608 forwarded=1
1786980627.867411 publish topic=edge4av/airspan-tdd-uplink-location_2/raw-uplink/veh-001/ack bytes=32 forwarded=1
1786980645.299721 publish topic=edge4av/airspan-tdd-uplink-location_2/raw-uplink/veh-001/request bytes=1048608 forwarded=1
1786980645.304504 publish topic=edge4av/airspan-tdd-uplink-location_2/raw-uplink/veh-001/ack bytes=32 forwarded=1
1786980663.614999 publish topic=edge4av/airspan-tdd-uplink-location_2/raw-uplink/veh-001/request bytes=1048608 forwarded=1
1786980663.627193 publish topic=edge4av/airspan-tdd-uplink-location_2/raw-uplink/veh-001/ack bytes=32 forwarded=1
1786980680.248338 publish topic=edge4av/airspan-tdd-uplink-location_2/raw-uplink/veh-001/request bytes=1048608 forwarded=1
1786980680.258299 publish topic=edge4av/airspan-tdd-uplink-location_2/raw-uplink/veh-001/ack bytes=32 forwarded=1
1786980699.157296 publish topic=edge4av/airspan-tdd-uplink-location_2/raw-uplink/veh-001/request bytes=1048608 forwarded=1
1786980699.165979 publish topic=edge4av/airspan-tdd-uplink-location_2/raw-uplink/veh-001/ack bytes=32 forwarded=1
1786980715.068450 publish topic=edge4av/airspan-tdd-uplink-location_2/raw-uplink/veh-001/request bytes=1048608 forwarded=1
1786980715.076154 publish topic=edge4av/airspan-tdd-uplink-location_2/raw-uplink/veh-001/ack bytes=32 forwarded=1
1786980734.512314 publish topic=edge4av/airspan-tdd-uplink-location_2/raw-uplink/veh-001/request bytes=1048608 forwarded=1
1786980734.516140 publish topic=edge4av/airspan-tdd-uplink-location_2/raw-uplink/veh-001/ack bytes=32 forwarded=1
1786980749.172056 publish topic=edge4av/airspan-tdd-uplink-location_2/raw-uplink/veh-001/request bytes=1048608 forwarded=1
1786980749.179616 publish topic=edge4av/airspan-tdd-uplink-location_2/raw-uplink/veh-001/ack bytes=32 forwarded=1
1786980768.487749 publish topic=edge4av/airspan-tdd-uplink-location_2/raw-uplink/veh-001/request bytes=1048608 forwarded=1
1786980768.496437 publish topic=edge4av/airspan-tdd-uplink-location_2/raw-uplink/veh-001/ack bytes=32 forwarded=1
1786980787.332002 publish topic=edge4av/airspan-tdd-uplink-location_2/raw-uplink/veh-001/request bytes=1048608 forwarded=1
1786980787.337029 publish topic=edge4av/airspan-tdd-uplink-location_2/raw-uplink/veh-001/ack bytes=32 forwarded=1
1786980804.697899 publish topic=edge4av/airspan-tdd-uplink-location_2/raw-uplink/veh-001/request bytes=1048608 forwarded=1
1786980804.704874 publish topic=edge4av/airspan-tdd-uplink-location_2/raw-uplink/veh-001/ack bytes=32 forwarded=1
1786980824.142523 publish topic=edge4av/airspan-tdd-uplink-location_2/raw-uplink/veh-001/request bytes=1048608 forwarded=1
1786980824.150236 publish topic=edge4av/airspan-tdd-uplink-location_2/raw-uplink/veh-001/ack bytes=32 forwarded=1
1786980842.735788 publish topic=edge4av/airspan-tdd-uplink-location_2/raw-uplink/veh-001/request bytes=1048608 forwarded=1
1786980842.740378 publish topic=edge4av/airspan-tdd-uplink-location_2/raw-uplink/veh-001/ack bytes=32 forwarded=1
1786980862.271547 publish topic=edge4av/airspan-tdd-uplink-location_2/raw-uplink/veh-001/request bytes=1048608 forwarded=1
1786980862.279038 publish topic=edge4av/airspan-tdd-uplink-location_2/raw-uplink/veh-001/ack bytes=32 forwarded=1
1786980883.411647 publish topic=edge4av/airspan-tdd-uplink-location_2/raw-uplink/veh-001/request bytes=1048608 forwarded=1
1786980883.420405 publish topic=edge4av/airspan-tdd-uplink-location_2/raw-uplink/veh-001/ack bytes=32 forwarded=1
1786980905.968345 publish topic=edge4av/airspan-tdd-uplink-location_2/raw-uplink/veh-001/request bytes=1048608 forwarded=1
1786980905.976278 publish topic=edge4av/airspan-tdd-uplink-location_2/raw-uplink/veh-001/ack bytes=32 forwarded=1
1786980922.591598 publish topic=edge4av/airspan-tdd-uplink-location_2/raw-uplink/veh-001/request bytes=1048608 forwarded=1
1786980922.600255 publish topic=edge4av/airspan-tdd-uplink-location_2/raw-uplink/veh-001/ack bytes=32 forwarded=1
1786980939.945547 publish topic=edge4av/airspan-tdd-uplink-location_2/raw-uplink/veh-001/request bytes=1048608 forwarded=1
1786980939.953155 publish topic=edge4av/airspan-tdd-uplink-location_2/raw-uplink/veh-001/ack bytes=32 forwarded=1
1786980954.755368 publish topic=edge4av/airspan-tdd-uplink-location_2/raw-uplink/veh-001/request bytes=1048608 forwarded=1
1786980954.764047 publish topic=edge4av/airspan-tdd-uplink-location_2/raw-uplink/veh-001/ack bytes=32 forwarded=1
1786980968.897935 publish topic=edge4av/airspan-tdd-uplink-location_2/raw-uplink/veh-001/request bytes=1048608 forwarded=1
1786980968.900583 publish topic=edge4av/airspan-tdd-uplink-location_2/raw-uplink/veh-001/ack bytes=32 forwarded=1
1786980985.938171 publish topic=edge4av/airspan-tdd-uplink-location_2/raw-uplink/veh-001/request bytes=1048608 forwarded=1
1786980985.946992 publish topic=edge4av/airspan-tdd-uplink-location_2/raw-uplink/veh-001/ack bytes=32 forwarded=1
1786981002.898030 publish topic=edge4av/airspan-tdd-uplink-location_2/raw-uplink/veh-001/request bytes=1048608 forwarded=1
1786981002.905541 publish topic=edge4av/airspan-tdd-uplink-location_2/raw-uplink/veh-001/ack bytes=32 forwarded=1
1786981017.375849 publish topic=edge4av/airspan-tdd-uplink-location_2/raw-uplink/veh-001/request bytes=1048608 forwarded=1
1786981017.384651 publish topic=edge4av/airspan-tdd-uplink-location_2/raw-uplink/veh-001/ack bytes=32 forwarded=1
1786981035.107855 publish topic=edge4av/airspan-tdd-uplink-location_2/raw-uplink/veh-001/request bytes=1048608 forwarded=1
1786981035.117383 publish topic=edge4av/airspan-tdd-uplink-location_2/raw-uplink/veh-001/ack bytes=32 forwarded=1
1786981052.311879 publish topic=edge4av/airspan-tdd-uplink-location_2/raw-uplink/veh-001/request bytes=1048608 forwarded=1
1786981052.321001 publish topic=edge4av/airspan-tdd-uplink-location_2/raw-uplink/veh-001/ack bytes=32 forwarded=1
1786981069.860737 publish topic=edge4av/airspan-tdd-uplink-location_2/raw-uplink/veh-001/request bytes=1048608 forwarded=1
1786981069.869450 publish topic=edge4av/airspan-tdd-uplink-location_2/raw-uplink/veh-001/ack bytes=32 forwarded=1
1786981086.932958 publish topic=edge4av/airspan-tdd-uplink-location_2/raw-uplink/veh-001/request bytes=1048608 forwarded=1
1786981086.937824 publish topic=edge4av/airspan-tdd-uplink-location_2/raw-uplink/veh-001/ack bytes=32 forwarded=1
1786981104.624153 publish topic=edge4av/airspan-tdd-uplink-location_2/raw-uplink/veh-001/request bytes=1048608 forwarded=1
1786981104.632066 publish topic=edge4av/airspan-tdd-uplink-location_2/raw-uplink/veh-001/ack bytes=32 forwarded=1
1786981118.255809 publish topic=edge4av/airspan-tdd-uplink-location_2/raw-uplink/veh-001/request bytes=1048608 forwarded=1
1786981118.266313 publish topic=edge4av/airspan-tdd-uplink-location_2/raw-uplink/veh-001/ack bytes=32 forwarded=1
1786981136.579950 publish topic=edge4av/airspan-tdd-uplink-location_2/raw-uplink/veh-001/request bytes=1048608 forwarded=1
1786981136.587953 publish topic=edge4av/airspan-tdd-uplink-location_2/raw-uplink/veh-001/ack bytes=32 forwarded=1
1786981151.917564 publish topic=edge4av/airspan-tdd-uplink-location_2/raw-uplink/veh-001/request bytes=1048608 forwarded=1
1786981151.926610 publish topic=edge4av/airspan-tdd-uplink-location_2/raw-uplink/veh-001/ack bytes=32 forwarded=1
1786981169.731722 publish topic=edge4av/airspan-tdd-uplink-location_2/raw-uplink/veh-001/request bytes=1048608 forwarded=1
1786981169.739890 publish topic=edge4av/airspan-tdd-uplink-location_2/raw-uplink/veh-001/ack bytes=32 forwarded=1
1786981184.860008 publish topic=edge4av/airspan-tdd-uplink-location_2/raw-uplink/veh-001/request bytes=1048608 forwarded=1
1786981184.869066 publish topic=edge4av/airspan-tdd-uplink-location_2/raw-uplink/veh-001/ack bytes=32 forwarded=1
1786981201.675166 publish topic=edge4av/airspan-tdd-uplink-location_2/raw-uplink/veh-001/request bytes=1048608 forwarded=1
1786981201.677533 publish topic=edge4av/airspan-tdd-uplink-location_2/raw-uplink/veh-001/ack bytes=32 forwarded=1
1786981219.206029 publish topic=edge4av/airspan-tdd-uplink-location_2/raw-uplink/veh-001/request bytes=1048608 forwarded=1
1786981219.215021 publish topic=edge4av/airspan-tdd-uplink-location_2/raw-uplink/veh-001/ack bytes=32 forwarded=1
1786981238.537895 publish topic=edge4av/airspan-tdd-uplink-location_2/raw-uplink/veh-001/request bytes=1048608 forwarded=1
1786981238.544468 publish topic=edge4av/airspan-tdd-uplink-location_2/raw-uplink/veh-001/ack bytes=32 forwarded=1
1786981255.599068 publish topic=edge4av/airspan-tdd-uplink-location_2/raw-uplink/veh-001/request bytes=1048608 forwarded=1
1786981255.608042 publish topic=edge4av/airspan-tdd-uplink-location_2/raw-uplink/veh-001/ack bytes=32 forwarded=1
1786981274.277893 publish topic=edge4av/airspan-tdd-uplink-location_2/raw-uplink/veh-001/request bytes=1048608 forwarded=1
1786981274.286731 publish topic=edge4av/airspan-tdd-uplink-location_2/raw-uplink/veh-001/ack bytes=32 forwarded=1
1786981295.593114 publish topic=edge4av/airspan-tdd-uplink-location_2/raw-uplink/veh-001/request bytes=1048608 forwarded=1
1786981295.602136 publish topic=edge4av/airspan-tdd-uplink-location_2/raw-uplink/veh-001/ack bytes=32 forwarded=1
1786981315.823233 publish topic=edge4av/airspan-tdd-uplink-location_2/raw-uplink/veh-001/request bytes=1048608 forwarded=1
1786981315.826450 publish topic=edge4av/airspan-tdd-uplink-location_2/raw-uplink/veh-001/ack bytes=32 forwarded=1
1786981332.383484 publish topic=edge4av/airspan-tdd-uplink-location_2/raw-uplink/veh-001/request bytes=1048608 forwarded=1
1786981332.388070 publish topic=edge4av/airspan-tdd-uplink-location_2/raw-uplink/veh-001/ack bytes=32 forwarded=1
1786981353.735749 publish topic=edge4av/airspan-tdd-uplink-location_2/raw-uplink/veh-001/request bytes=1048608 forwarded=1
1786981353.743802 publish topic=edge4av/airspan-tdd-uplink-location_2/raw-uplink/veh-001/ack bytes=32 forwarded=1
1786981371.118951 publish topic=edge4av/airspan-tdd-uplink-location_2/raw-uplink/veh-001/request bytes=1048608 forwarded=1
1786981371.121642 publish topic=edge4av/airspan-tdd-uplink-location_2/raw-uplink/veh-001/ack bytes=32 forwarded=1
1786981387.378222 publish topic=edge4av/airspan-tdd-uplink-location_2/raw-uplink/veh-001/request bytes=1048608 forwarded=1
1786981387.386325 publish topic=edge4av/airspan-tdd-uplink-location_2/raw-uplink/veh-001/ack bytes=32 forwarded=1
1786981403.734707 publish topic=edge4av/airspan-tdd-uplink-location_2/raw-uplink/veh-001/request bytes=1048608 forwarded=1
1786981403.743685 publish topic=edge4av/airspan-tdd-uplink-location_2/raw-uplink/veh-001/ack bytes=32 forwarded=1
1786981423.380792 publish topic=edge4av/airspan-tdd-uplink-location_2/raw-uplink/veh-001/request bytes=1048608 forwarded=1
1786981423.387128 publish topic=edge4av/airspan-tdd-uplink-location_2/raw-uplink/veh-001/ack bytes=32 forwarded=1
1786981441.516083 publish topic=edge4av/airspan-tdd-uplink-location_2/raw-uplink/veh-001/request bytes=1048608 forwarded=1
1786981441.518783 publish topic=edge4av/airspan-tdd-uplink-location_2/raw-uplink/veh-001/ack bytes=32 forwarded=1
1786981460.629077 publish topic=edge4av/airspan-tdd-uplink-location_2/raw-uplink/veh-001/request bytes=1048608 forwarded=1
1786981460.637240 publish topic=edge4av/airspan-tdd-uplink-location_2/raw-uplink/veh-001/ack bytes=32 forwarded=1
1786981477.897664 publish topic=edge4av/airspan-tdd-uplink-location_2/raw-uplink/veh-001/request bytes=1048608 forwarded=1
1786981477.906618 publish topic=edge4av/airspan-tdd-uplink-location_2/raw-uplink/veh-001/ack bytes=32 forwarded=1
1786981495.913661 publish topic=edge4av/airspan-tdd-uplink-location_2/raw-uplink/veh-001/request bytes=1048608 forwarded=1
1786981495.921679 publish topic=edge4av/airspan-tdd-uplink-location_2/raw-uplink/veh-001/ack bytes=32 forwarded=1
1786981513.162566 publish topic=edge4av/airspan-tdd-uplink-location_2/raw-uplink/veh-001/request bytes=1048608 forwarded=1
1786981513.171608 publish topic=edge4av/airspan-tdd-uplink-location_2/raw-uplink/veh-001/ack bytes=32 forwarded=1
1786981530.207825 publish topic=edge4av/airspan-tdd-uplink-location_2/raw-uplink/veh-001/request bytes=1048608 forwarded=1
1786981530.215748 publish topic=edge4av/airspan-tdd-uplink-location_2/raw-uplink/veh-001/ack bytes=32 forwarded=1
1786981546.225740 publish topic=edge4av/airspan-tdd-uplink-location_2/raw-uplink/veh-001/request bytes=1048608 forwarded=1
1786981546.235357 publish topic=edge4av/airspan-tdd-uplink-location_2/raw-uplink/veh-001/ack bytes=32 forwarded=1
1786981562.421689 publish topic=edge4av/airspan-tdd-uplink-location_2/raw-uplink/veh-001/request bytes=1048608 forwarded=1
1786981562.429778 publish topic=edge4av/airspan-tdd-uplink-location_2/raw-uplink/veh-001/ack bytes=32 forwarded=1
1786981578.741205 publish topic=edge4av/airspan-tdd-uplink-location_2/raw-uplink/veh-001/request bytes=1048608 forwarded=1
1786981578.750928 publish topic=edge4av/airspan-tdd-uplink-location_2/raw-uplink/veh-001/ack bytes=32 forwarded=1
1786981598.680179 publish topic=edge4av/airspan-tdd-uplink-location_2/raw-uplink/veh-001/request bytes=1048608 forwarded=1
1786981598.687205 publish topic=edge4av/airspan-tdd-uplink-location_2/raw-uplink/veh-001/ack bytes=32 forwarded=1
1786981618.002993 publish topic=edge4av/airspan-tdd-uplink-location_2/raw-uplink/veh-001/request bytes=1048608 forwarded=1
1786981618.012746 publish topic=edge4av/airspan-tdd-uplink-location_2/raw-uplink/veh-001/ack bytes=32 forwarded=1
1786981639.042422 publish topic=edge4av/airspan-tdd-uplink-location_2/raw-uplink/veh-001/request bytes=1048608 forwarded=1
1786981639.050889 publish topic=edge4av/airspan-tdd-uplink-location_2/raw-uplink/veh-001/ack bytes=32 forwarded=1
1786981657.001209 publish topic=edge4av/airspan-tdd-uplink-location_2/raw-uplink/veh-001/request bytes=1048608 forwarded=1
1786981657.006474 publish topic=edge4av/airspan-tdd-uplink-location_2/raw-uplink/veh-001/ack bytes=32 forwarded=1
1786981673.771200 publish topic=edge4av/airspan-tdd-uplink-location_2/raw-uplink/veh-001/request bytes=1048608 forwarded=1
1786981673.778690 publish topic=edge4av/airspan-tdd-uplink-location_2/raw-uplink/veh-001/ack bytes=32 forwarded=1
1786981692.119102 publish topic=edge4av/airspan-tdd-uplink-location_2/raw-uplink/veh-001/request bytes=1048608 forwarded=1
1786981692.123754 publish topic=edge4av/airspan-tdd-uplink-location_2/raw-uplink/veh-001/ack bytes=32 forwarded=1
1786981711.361931 publish topic=edge4av/airspan-tdd-uplink-location_2/raw-uplink/veh-001/request bytes=1048608 forwarded=1
1786981711.367024 publish topic=edge4av/airspan-tdd-uplink-location_2/raw-uplink/veh-001/ack bytes=32 forwarded=1
1786981728.870798 publish topic=edge4av/airspan-tdd-uplink-location_2/raw-uplink/veh-001/request bytes=1048608 forwarded=1
1786981728.879881 publish topic=edge4av/airspan-tdd-uplink-location_2/raw-uplink/veh-001/ack bytes=32 forwarded=1
1786981745.907799 publish topic=edge4av/airspan-tdd-uplink-location_2/raw-uplink/veh-001/request bytes=1048608 forwarded=1
1786981745.915335 publish topic=edge4av/airspan-tdd-uplink-location_2/raw-uplink/veh-001/ack bytes=32 forwarded=1
1786981761.854707 publish topic=edge4av/airspan-tdd-uplink-location_2/raw-uplink/veh-001/request bytes=1048608 forwarded=1
1786981761.858619 publish topic=edge4av/airspan-tdd-uplink-location_2/raw-uplink/veh-001/ack bytes=32 forwarded=1
1786981780.352859 publish topic=edge4av/airspan-tdd-uplink-location_2/raw-uplink/veh-001/request bytes=1048608 forwarded=1
1786981780.360449 publish topic=edge4av/airspan-tdd-uplink-location_2/raw-uplink/veh-001/ack bytes=32 forwarded=1
1786981796.911762 publish topic=edge4av/airspan-tdd-uplink-location_2/raw-uplink/veh-001/request bytes=1048608 forwarded=1
1786981796.920514 publish topic=edge4av/airspan-tdd-uplink-location_2/raw-uplink/veh-001/ack bytes=32 forwarded=1
1786981796.964388 close ('<private-ip>', 33112) disconnect
