[2026-07-02T12:07:08-04:00] Building local C++ tools
[2026-07-02T12:07:08-04:00] Syncing source to edge
[2026-07-02T12:07:09-04:00] Building edge C++ tools
[2026-07-02T12:07:12-04:00] Starting GNSS recorder
[2026-07-02T12:07:17-04:00] Running Experiment 11 condition p5g-scale-tcp-payload-1024-clients-1
[2026-07-02T12:13:02-04:00] Running Experiment 11 condition p5g-scale-tcp-payload-1024-clients-2
[2026-07-02T12:18:45-04:00] Running Experiment 11 condition p5g-scale-tcp-payload-1024-clients-5
[2026-07-02T12:24:29-04:00] Running Experiment 11 condition p5g-scale-tcp-payload-1024-clients-10
[2026-07-02T12:30:16-04:00] Running Experiment 11 condition p5g-scale-tcp-payload-1024-clients-20
[2026-07-02T12:36:15-04:00] Running Experiment 11 condition p5g-scale-udp-payload-1024-clients-1
[2026-07-02T12:40:41-04:00] Running Experiment 11 condition p5g-scale-udp-payload-1024-clients-2
[2026-07-02T12:45:36-04:00] Running Experiment 11 condition p5g-scale-udp-payload-1024-clients-5
[2026-07-02T12:50:13-04:00] Running Experiment 11 condition p5g-scale-udp-payload-1024-clients-10
[2026-07-02T12:54:22-04:00] Running Experiment 11 condition p5g-scale-udp-payload-1024-clients-20
[2026-07-02T12:58:32-04:00] Running Experiment 11 condition p5g-scale-mqtt-payload-1024-clients-1
[2026-07-02T13:02:39-04:00] Running Experiment 11 condition p5g-scale-mqtt-payload-1024-clients-2
[2026-07-02T13:06:47-04:00] Running Experiment 11 condition p5g-scale-mqtt-payload-1024-clients-5
[2026-07-02T13:10:56-04:00] Running Experiment 11 condition p5g-scale-mqtt-payload-1024-clients-10
[2026-07-02T13:15:11-04:00] Running Experiment 11 condition p5g-scale-mqtt-payload-1024-clients-20
[2026-07-02T13:19:45-04:00] Experiment 11 multiclient scalability run complete
