[2026-08-06T17:59:15-04:00] Starting matrix phase signal_class=strong location_id=strong_location_2 physical_placement=mg52_on_trunk_floor_front_face_up_toward_sky conditions=C1 C2 count=500 interval_ms=200
[2026-08-06T17:59:15-04:00] Scheduled C1 repetition 1 tcp for 2026-08-06T18:00:00-04:00 to 2026-08-06T18:05:00-04:00
Preflight for C1 repetition 1 over tcp
Warning: Permanently added '<edge-host>' (ED25519) to the list of known hosts.
Warning: Permanently added '<edge-host>' (ED25519) to the list of known hosts.
[2026-08-06T17:59:16-04:00] Preflight passed for C1 repetition 1 over tcp
[2026-08-06T17:59:16-04:00] Starting car and d1 host telemetry
Warning: Permanently added '<edge-host>' (ED25519) to the list of known hosts.
[2026-08-06T17:59:17-04:00] Starting GNSS recorder
Warning: Permanently added '<edge-host>' (ED25519) to the list of known hosts.
[2026-08-06T18:00:15-04:00] Starting workload at 2026-08-06T18:00:15-04:00
[2026-08-06T18:02:54-04:00] Workload finished at 2026-08-06T18:02:54-04:00
{"accepted": 500, "complete_files": 1, "expected_rows_per_file": 500, "failed": 0, "files": 1, "per_file": {"c1-rep1-tcp_veh-001_sender.csv": {"accepted": 500, "complete": true, "rows": 500}}, "rows": 500}
[2026-08-06T18:02:57-04:00] C1 repetition 1 tcp complete
[2026-08-06T18:02:59-04:00] C1 repetition 1 tcp passed immediate validation
[2026-08-06T18:02:59-04:00] Scheduled C1 repetition 1 mqtt for 2026-08-06T18:05:00-04:00 to 2026-08-06T18:10:00-04:00
Preflight for C1 repetition 1 over mqtt
Warning: Permanently added '<edge-host>' (ED25519) to the list of known hosts.
Warning: Permanently added '<edge-host>' (ED25519) to the list of known hosts.
[2026-08-06T18:03:01-04:00] Preflight passed for C1 repetition 1 over mqtt
[2026-08-06T18:03:01-04:00] Starting car and d1 host telemetry
Warning: Permanently added '<edge-host>' (ED25519) to the list of known hosts.
[2026-08-06T18:03:01-04:00] Starting GNSS recorder
Warning: Permanently added '<edge-host>' (ED25519) to the list of known hosts.
Warning: Permanently added '<edge-host>' (ED25519) to the list of known hosts.
[2026-08-06T18:05:15-04:00] Starting workload at 2026-08-06T18:05:15-04:00
[2026-08-06T18:07:09-04:00] Workload finished at 2026-08-06T18:07:09-04:00
{"accepted": 500, "complete_files": 1, "expected_rows_per_file": 500, "failed": 0, "files": 1, "per_file": {"c1-rep1-mqtt_veh-001_sender.csv": {"accepted": 500, "complete": true, "rows": 500}}, "rows": 500}
[2026-08-06T18:07:13-04:00] C1 repetition 1 mqtt complete
[2026-08-06T18:07:16-04:00] C1 repetition 1 mqtt passed immediate validation
[2026-08-06T18:07:16-04:00] Scheduled C1 repetition 1 udp for 2026-08-06T18:10:00-04:00 to 2026-08-06T18:15:00-04:00
Preflight for C1 repetition 1 over udp
Warning: Permanently added '<edge-host>' (ED25519) to the list of known hosts.
Warning: Permanently added '<edge-host>' (ED25519) to the list of known hosts.
[2026-08-06T18:07:17-04:00] Preflight passed for C1 repetition 1 over udp
[2026-08-06T18:07:17-04:00] Starting car and d1 host telemetry
Warning: Permanently added '<edge-host>' (ED25519) to the list of known hosts.
[2026-08-06T18:07:18-04:00] Starting GNSS recorder
Warning: Permanently added '<edge-host>' (ED25519) to the list of known hosts.
[2026-08-06T18:10:15-04:00] Starting workload at 2026-08-06T18:10:15-04:00
[2026-08-06T18:12:09-04:00] Workload finished at 2026-08-06T18:12:09-04:00
{"accepted": 500, "complete_files": 1, "expected_rows_per_file": 500, "failed": 0, "files": 1, "per_file": {"c1-rep1-udp_veh-001_sender.csv": {"accepted": 500, "complete": true, "rows": 500}}, "rows": 500}
[2026-08-06T18:12:12-04:00] C1 repetition 1 udp complete
[2026-08-06T18:12:14-04:00] C1 repetition 1 udp passed immediate validation
[2026-08-06T18:12:14-04:00] Scheduled C1 repetition 2 udp for 2026-08-06T18:15:00-04:00 to 2026-08-06T18:20:00-04:00
Preflight for C1 repetition 2 over udp
Warning: Permanently added '<edge-host>' (ED25519) to the list of known hosts.
Warning: Permanently added '<edge-host>' (ED25519) to the list of known hosts.
[2026-08-06T18:12:15-04:00] Preflight passed for C1 repetition 2 over udp
[2026-08-06T18:12:15-04:00] Starting car and d1 host telemetry
Warning: Permanently added '<edge-host>' (ED25519) to the list of known hosts.
[2026-08-06T18:12:16-04:00] Starting GNSS recorder
Warning: Permanently added '<edge-host>' (ED25519) to the list of known hosts.
[2026-08-06T18:15:16-04:00] Starting workload at 2026-08-06T18:15:16-04:00
[2026-08-06T18:17:09-04:00] Workload finished at 2026-08-06T18:17:09-04:00
{"accepted": 500, "complete_files": 1, "expected_rows_per_file": 500, "failed": 0, "files": 1, "per_file": {"c1-rep2-udp_veh-001_sender.csv": {"accepted": 500, "complete": true, "rows": 500}}, "rows": 500}
[2026-08-06T18:17:12-04:00] C1 repetition 2 udp complete
[2026-08-06T18:17:14-04:00] C1 repetition 2 udp passed immediate validation
[2026-08-06T18:17:14-04:00] Scheduled C1 repetition 2 mqtt for 2026-08-06T18:20:00-04:00 to 2026-08-06T18:25:00-04:00
Preflight for C1 repetition 2 over mqtt
Warning: Permanently added '<edge-host>' (ED25519) to the list of known hosts.
Warning: Permanently added '<edge-host>' (ED25519) to the list of known hosts.
[2026-08-06T18:17:16-04:00] Preflight passed for C1 repetition 2 over mqtt
[2026-08-06T18:17:16-04:00] Starting car and d1 host telemetry
Warning: Permanently added '<edge-host>' (ED25519) to the list of known hosts.
[2026-08-06T18:17:16-04:00] Starting GNSS recorder
Warning: Permanently added '<edge-host>' (ED25519) to the list of known hosts.
Warning: Permanently added '<edge-host>' (ED25519) to the list of known hosts.
[2026-08-06T18:20:15-04:00] Starting workload at 2026-08-06T18:20:15-04:00
[2026-08-06T18:22:10-04:00] Workload finished at 2026-08-06T18:22:10-04:00
{"accepted": 500, "complete_files": 1, "expected_rows_per_file": 500, "failed": 0, "files": 1, "per_file": {"c1-rep2-mqtt_veh-001_sender.csv": {"accepted": 500, "complete": true, "rows": 500}}, "rows": 500}
[2026-08-06T18:22:13-04:00] C1 repetition 2 mqtt complete
[2026-08-06T18:22:15-04:00] C1 repetition 2 mqtt passed immediate validation
[2026-08-06T18:22:15-04:00] Scheduled C1 repetition 2 tcp for 2026-08-06T18:25:00-04:00 to 2026-08-06T18:30:00-04:00
Preflight for C1 repetition 2 over tcp
Warning: Permanently added '<edge-host>' (ED25519) to the list of known hosts.
Warning: Permanently added '<edge-host>' (ED25519) to the list of known hosts.
[2026-08-06T18:22:16-04:00] Preflight passed for C1 repetition 2 over tcp
[2026-08-06T18:22:16-04:00] Starting car and d1 host telemetry
Warning: Permanently added '<edge-host>' (ED25519) to the list of known hosts.
[2026-08-06T18:22:17-04:00] Starting GNSS recorder
Warning: Permanently added '<edge-host>' (ED25519) to the list of known hosts.
[2026-08-06T18:25:15-04:00] Starting workload at 2026-08-06T18:25:15-04:00
[2026-08-06T18:27:54-04:00] Workload finished at 2026-08-06T18:27:54-04:00
{"accepted": 500, "complete_files": 1, "expected_rows_per_file": 500, "failed": 0, "files": 1, "per_file": {"c1-rep2-tcp_veh-001_sender.csv": {"accepted": 500, "complete": true, "rows": 500}}, "rows": 500}
[2026-08-06T18:27:57-04:00] C1 repetition 2 tcp complete
[2026-08-06T18:27:59-04:00] C1 repetition 2 tcp passed immediate validation
[2026-08-06T18:27:59-04:00] Scheduled C2 repetition 1 tcp for 2026-08-06T18:30:00-04:00 to 2026-08-06T18:35:00-04:00
Preflight for C2 repetition 1 over tcp
Warning: Permanently added '<edge-host>' (ED25519) to the list of known hosts.
Warning: Permanently added '<edge-host>' (ED25519) to the list of known hosts.
[2026-08-06T18:28:00-04:00] Preflight passed for C2 repetition 1 over tcp
[2026-08-06T18:28:00-04:00] Starting car and d1 host telemetry
Warning: Permanently added '<edge-host>' (ED25519) to the list of known hosts.
[2026-08-06T18:28:01-04:00] Starting GNSS recorder
Warning: Permanently added '<edge-host>' (ED25519) to the list of known hosts.
[2026-08-06T18:30:15-04:00] Starting workload at 2026-08-06T18:30:15-04:00
[2026-08-06T18:32:33-04:00] Workload finished at 2026-08-06T18:32:33-04:00
{"accepted": 500, "complete_files": 1, "expected_rows_per_file": 500, "failed": 0, "files": 1, "per_file": {"c2-rep1-tcp_veh-001_sender.csv": {"accepted": 500, "complete": true, "rows": 500}}, "rows": 500}
[2026-08-06T18:32:36-04:00] C2 repetition 1 tcp complete
[2026-08-06T18:32:38-04:00] C2 repetition 1 tcp passed immediate validation
[2026-08-06T18:32:38-04:00] Scheduled C2 repetition 1 mqtt for 2026-08-06T18:35:00-04:00 to 2026-08-06T18:40:00-04:00
Preflight for C2 repetition 1 over mqtt
Warning: Permanently added '<edge-host>' (ED25519) to the list of known hosts.
Warning: Permanently added '<edge-host>' (ED25519) to the list of known hosts.
[2026-08-06T18:32:39-04:00] Preflight passed for C2 repetition 1 over mqtt
[2026-08-06T18:32:39-04:00] Starting car and d1 host telemetry
Warning: Permanently added '<edge-host>' (ED25519) to the list of known hosts.
[2026-08-06T18:32:40-04:00] Starting GNSS recorder
Warning: Permanently added '<edge-host>' (ED25519) to the list of known hosts.
Warning: Permanently added '<edge-host>' (ED25519) to the list of known hosts.
[2026-08-06T18:35:15-04:00] Starting workload at 2026-08-06T18:35:15-04:00
[2026-08-06T18:37:20-04:00] Workload finished at 2026-08-06T18:37:20-04:00
{"accepted": 500, "complete_files": 1, "expected_rows_per_file": 500, "failed": 0, "files": 1, "per_file": {"c2-rep1-mqtt_veh-001_sender.csv": {"accepted": 500, "complete": true, "rows": 500}}, "rows": 500}
[2026-08-06T18:37:23-04:00] C2 repetition 1 mqtt complete
[2026-08-06T18:37:25-04:00] C2 repetition 1 mqtt passed immediate validation
[2026-08-06T18:37:25-04:00] Scheduled C2 repetition 1 udp for 2026-08-06T18:40:00-04:00 to 2026-08-06T18:45:00-04:00
Preflight for C2 repetition 1 over udp
Warning: Permanently added '<edge-host>' (ED25519) to the list of known hosts.
Warning: Permanently added '<edge-host>' (ED25519) to the list of known hosts.
[2026-08-06T18:37:27-04:00] Preflight passed for C2 repetition 1 over udp
[2026-08-06T18:37:27-04:00] Starting car and d1 host telemetry
Warning: Permanently added '<edge-host>' (ED25519) to the list of known hosts.
[2026-08-06T18:37:27-04:00] Starting GNSS recorder
Warning: Permanently added '<edge-host>' (ED25519) to the list of known hosts.
[2026-08-06T18:40:15-04:00] Starting workload at 2026-08-06T18:40:15-04:00
[2026-08-06T18:42:19-04:00] Workload finished at 2026-08-06T18:42:19-04:00
{"accepted": 500, "complete_files": 1, "expected_rows_per_file": 500, "failed": 0, "files": 1, "per_file": {"c2-rep1-udp_veh-001_sender.csv": {"accepted": 500, "complete": true, "rows": 500}}, "rows": 500}
[2026-08-06T18:42:22-04:00] C2 repetition 1 udp complete
[2026-08-06T18:42:24-04:00] C2 repetition 1 udp passed immediate validation
[2026-08-06T18:42:24-04:00] Scheduled C2 repetition 2 udp for 2026-08-06T18:45:00-04:00 to 2026-08-06T18:50:00-04:00
Preflight for C2 repetition 2 over udp
Warning: Permanently added '<edge-host>' (ED25519) to the list of known hosts.
Warning: Permanently added '<edge-host>' (ED25519) to the list of known hosts.
[2026-08-06T18:42:25-04:00] Preflight passed for C2 repetition 2 over udp
[2026-08-06T18:42:25-04:00] Starting car and d1 host telemetry
Warning: Permanently added '<edge-host>' (ED25519) to the list of known hosts.
[2026-08-06T18:42:26-04:00] Starting GNSS recorder
Warning: Permanently added '<edge-host>' (ED25519) to the list of known hosts.
[2026-08-06T18:45:15-04:00] Starting workload at 2026-08-06T18:45:15-04:00
[2026-08-06T18:47:19-04:00] Workload finished at 2026-08-06T18:47:19-04:00
{"accepted": 500, "complete_files": 1, "expected_rows_per_file": 500, "failed": 0, "files": 1, "per_file": {"c2-rep2-udp_veh-001_sender.csv": {"accepted": 500, "complete": true, "rows": 500}}, "rows": 500}
[2026-08-06T18:47:22-04:00] C2 repetition 2 udp complete
[2026-08-06T18:47:24-04:00] C2 repetition 2 udp passed immediate validation
[2026-08-06T18:47:24-04:00] Scheduled C2 repetition 2 mqtt for 2026-08-06T18:50:00-04:00 to 2026-08-06T18:55:00-04:00
Preflight for C2 repetition 2 over mqtt
Warning: Permanently added '<edge-host>' (ED25519) to the list of known hosts.
Warning: Permanently added '<edge-host>' (ED25519) to the list of known hosts.
[2026-08-06T18:47:25-04:00] Preflight passed for C2 repetition 2 over mqtt
[2026-08-06T18:47:25-04:00] Starting car and d1 host telemetry
Warning: Permanently added '<edge-host>' (ED25519) to the list of known hosts.
[2026-08-06T18:47:26-04:00] Starting GNSS recorder
Warning: Permanently added '<edge-host>' (ED25519) to the list of known hosts.
Warning: Permanently added '<edge-host>' (ED25519) to the list of known hosts.
[2026-08-06T18:50:15-04:00] Starting workload at 2026-08-06T18:50:15-04:00
[2026-08-06T18:52:20-04:00] Workload finished at 2026-08-06T18:52:20-04:00
{"accepted": 500, "complete_files": 1, "expected_rows_per_file": 500, "failed": 0, "files": 1, "per_file": {"c2-rep2-mqtt_veh-001_sender.csv": {"accepted": 500, "complete": true, "rows": 500}}, "rows": 500}
[2026-08-06T18:52:23-04:00] C2 repetition 2 mqtt complete
[2026-08-06T18:52:25-04:00] C2 repetition 2 mqtt passed immediate validation
[2026-08-06T18:52:25-04:00] Scheduled C2 repetition 2 tcp for 2026-08-06T18:55:00-04:00 to 2026-08-06T19:00:00-04:00
Preflight for C2 repetition 2 over tcp
Warning: Permanently added '<edge-host>' (ED25519) to the list of known hosts.
Warning: Permanently added '<edge-host>' (ED25519) to the list of known hosts.
[2026-08-06T18:52:27-04:00] Preflight passed for C2 repetition 2 over tcp
[2026-08-06T18:52:27-04:00] Starting car and d1 host telemetry
Warning: Permanently added '<edge-host>' (ED25519) to the list of known hosts.
[2026-08-06T18:52:27-04:00] Starting GNSS recorder
Warning: Permanently added '<edge-host>' (ED25519) to the list of known hosts.
[2026-08-06T18:55:15-04:00] Starting workload at 2026-08-06T18:55:15-04:00
[2026-08-06T18:57:33-04:00] Workload finished at 2026-08-06T18:57:33-04:00
{"accepted": 500, "complete_files": 1, "expected_rows_per_file": 500, "failed": 0, "files": 1, "per_file": {"c2-rep2-tcp_veh-001_sender.csv": {"accepted": 500, "complete": true, "rows": 500}}, "rows": 500}
[2026-08-06T18:57:36-04:00] C2 repetition 2 tcp complete
[2026-08-06T18:57:39-04:00] C2 repetition 2 tcp passed immediate validation
[2026-08-06T18:57:39-04:00] Matrix phase complete signal_class=strong location_id=strong_location_2 physical_placement=mg52_on_trunk_floor_front_face_up_toward_sky conditions=C1 C2
