threaded mqtt broker listening on 0.0.0.0:1883
1783000686.055018 accept ('10.120.121.36', 58668)
1783000686.056386 close ('10.120.121.36', 58668) closed
1783000686.747967 accept ('127.0.0.1', 57990)
1783000686.749388 subscribe ('127.0.0.1', 57990) ipi/detector-output-to-ipi-run-1/latency/av-1/request
1783000688.818965 accept ('10.120.121.36', 59316)
1783000688.858793 subscribe ('10.120.121.36', 59316) ipi/detector-output-to-ipi-run-1/latency/av-1/ack
1783000688.878987 publish topic=ipi/detector-output-to-ipi-run-1/latency/av-1/request bytes=1382 forwarded=1
1783000688.879673 publish topic=ipi/detector-output-to-ipi-run-1/latency/av-1/ack bytes=231 forwarded=1
1783000689.109181 publish topic=ipi/detector-output-to-ipi-run-1/latency/av-1/request bytes=1382 forwarded=1
1783000689.109787 publish topic=ipi/detector-output-to-ipi-run-1/latency/av-1/ack bytes=231 forwarded=1
1783000689.349708 publish topic=ipi/detector-output-to-ipi-run-1/latency/av-1/request bytes=1382 forwarded=1
1783000689.350391 publish topic=ipi/detector-output-to-ipi-run-1/latency/av-1/ack bytes=231 forwarded=1
1783000689.579966 publish topic=ipi/detector-output-to-ipi-run-1/latency/av-1/request bytes=1382 forwarded=1
1783000689.580545 publish topic=ipi/detector-output-to-ipi-run-1/latency/av-1/ack bytes=231 forwarded=1
1783000689.810095 publish topic=ipi/detector-output-to-ipi-run-1/latency/av-1/request bytes=1382 forwarded=1
1783000689.810670 publish topic=ipi/detector-output-to-ipi-run-1/latency/av-1/ack bytes=231 forwarded=1
1783000690.040610 publish topic=ipi/detector-output-to-ipi-run-1/latency/av-1/request bytes=1382 forwarded=1
1783000690.041250 publish topic=ipi/detector-output-to-ipi-run-1/latency/av-1/ack bytes=231 forwarded=1
1783000690.270938 publish topic=ipi/detector-output-to-ipi-run-1/latency/av-1/request bytes=1382 forwarded=1
1783000690.271557 publish topic=ipi/detector-output-to-ipi-run-1/latency/av-1/ack bytes=231 forwarded=1
1783000690.501034 publish topic=ipi/detector-output-to-ipi-run-1/latency/av-1/request bytes=1382 forwarded=1
1783000690.501657 publish topic=ipi/detector-output-to-ipi-run-1/latency/av-1/ack bytes=231 forwarded=1
1783000690.741387 publish topic=ipi/detector-output-to-ipi-run-1/latency/av-1/request bytes=1382 forwarded=1
1783000690.742022 publish topic=ipi/detector-output-to-ipi-run-1/latency/av-1/ack bytes=231 forwarded=1
1783000690.971645 publish topic=ipi/detector-output-to-ipi-run-1/latency/av-1/request bytes=1384 forwarded=1
1783000690.972276 publish topic=ipi/detector-output-to-ipi-run-1/latency/av-1/ack bytes=232 forwarded=1
1783000691.212182 publish topic=ipi/detector-output-to-ipi-run-1/latency/av-1/request bytes=1384 forwarded=1
1783000691.212852 publish topic=ipi/detector-output-to-ipi-run-1/latency/av-1/ack bytes=232 forwarded=1
1783000691.442398 publish topic=ipi/detector-output-to-ipi-run-1/latency/av-1/request bytes=1384 forwarded=1
1783000691.443032 publish topic=ipi/detector-output-to-ipi-run-1/latency/av-1/ack bytes=232 forwarded=1
1783000691.672791 publish topic=ipi/detector-output-to-ipi-run-1/latency/av-1/request bytes=1384 forwarded=1
1783000691.673432 publish topic=ipi/detector-output-to-ipi-run-1/latency/av-1/ack bytes=232 forwarded=1
1783000691.912835 publish topic=ipi/detector-output-to-ipi-run-1/latency/av-1/request bytes=1384 forwarded=1
1783000691.913467 publish topic=ipi/detector-output-to-ipi-run-1/latency/av-1/ack bytes=232 forwarded=1
1783000692.153522 publish topic=ipi/detector-output-to-ipi-run-1/latency/av-1/request bytes=1384 forwarded=1
1783000692.154175 publish topic=ipi/detector-output-to-ipi-run-1/latency/av-1/ack bytes=232 forwarded=1
1783000692.393846 publish topic=ipi/detector-output-to-ipi-run-1/latency/av-1/request bytes=1384 forwarded=1
1783000692.394478 publish topic=ipi/detector-output-to-ipi-run-1/latency/av-1/ack bytes=232 forwarded=1
1783000692.644285 publish topic=ipi/detector-output-to-ipi-run-1/latency/av-1/request bytes=1384 forwarded=1
1783000692.644946 publish topic=ipi/detector-output-to-ipi-run-1/latency/av-1/ack bytes=232 forwarded=1
1783000692.874679 publish topic=ipi/detector-output-to-ipi-run-1/latency/av-1/request bytes=1384 forwarded=1
1783000692.875317 publish topic=ipi/detector-output-to-ipi-run-1/latency/av-1/ack bytes=232 forwarded=1
1783000693.104967 publish topic=ipi/detector-output-to-ipi-run-1/latency/av-1/request bytes=1384 forwarded=1
1783000693.105607 publish topic=ipi/detector-output-to-ipi-run-1/latency/av-1/ack bytes=232 forwarded=1
1783000693.325157 publish topic=ipi/detector-output-to-ipi-run-1/latency/av-1/request bytes=1384 forwarded=1
1783000693.325820 publish topic=ipi/detector-output-to-ipi-run-1/latency/av-1/ack bytes=232 forwarded=1
1783000693.565625 publish topic=ipi/detector-output-to-ipi-run-1/latency/av-1/request bytes=1384 forwarded=1
1783000693.566257 publish topic=ipi/detector-output-to-ipi-run-1/latency/av-1/ack bytes=232 forwarded=1
1783000693.805720 publish topic=ipi/detector-output-to-ipi-run-1/latency/av-1/request bytes=1384 forwarded=1
1783000693.806390 publish topic=ipi/detector-output-to-ipi-run-1/latency/av-1/ack bytes=232 forwarded=1
1783000694.036130 publish topic=ipi/detector-output-to-ipi-run-1/latency/av-1/request bytes=1384 forwarded=1
1783000694.036813 publish topic=ipi/detector-output-to-ipi-run-1/latency/av-1/ack bytes=232 forwarded=1
1783000694.256432 publish topic=ipi/detector-output-to-ipi-run-1/latency/av-1/request bytes=1384 forwarded=1
1783000694.257081 publish topic=ipi/detector-output-to-ipi-run-1/latency/av-1/ack bytes=232 forwarded=1
1783000694.486855 publish topic=ipi/detector-output-to-ipi-run-1/latency/av-1/request bytes=1384 forwarded=1
1783000694.487487 publish topic=ipi/detector-output-to-ipi-run-1/latency/av-1/ack bytes=232 forwarded=1
1783000694.717173 publish topic=ipi/detector-output-to-ipi-run-1/latency/av-1/request bytes=1384 forwarded=1
1783000694.717808 publish topic=ipi/detector-output-to-ipi-run-1/latency/av-1/ack bytes=232 forwarded=1
1783000694.947328 publish topic=ipi/detector-output-to-ipi-run-1/latency/av-1/request bytes=1384 forwarded=1
1783000694.947982 publish topic=ipi/detector-output-to-ipi-run-1/latency/av-1/ack bytes=232 forwarded=1
1783000695.167543 publish topic=ipi/detector-output-to-ipi-run-1/latency/av-1/request bytes=1384 forwarded=1
1783000695.168167 publish topic=ipi/detector-output-to-ipi-run-1/latency/av-1/ack bytes=232 forwarded=1
1783000695.398089 publish topic=ipi/detector-output-to-ipi-run-1/latency/av-1/request bytes=1384 forwarded=1
1783000695.398726 publish topic=ipi/detector-output-to-ipi-run-1/latency/av-1/ack bytes=232 forwarded=1
1783000695.618117 publish topic=ipi/detector-output-to-ipi-run-1/latency/av-1/request bytes=1384 forwarded=1
1783000695.618756 publish topic=ipi/detector-output-to-ipi-run-1/latency/av-1/ack bytes=232 forwarded=1
1783000695.838391 publish topic=ipi/detector-output-to-ipi-run-1/latency/av-1/request bytes=1384 forwarded=1
1783000695.839021 publish topic=ipi/detector-output-to-ipi-run-1/latency/av-1/ack bytes=232 forwarded=1
1783000696.068803 publish topic=ipi/detector-output-to-ipi-run-1/latency/av-1/request bytes=1384 forwarded=1
1783000696.069437 publish topic=ipi/detector-output-to-ipi-run-1/latency/av-1/ack bytes=232 forwarded=1
1783000696.299014 publish topic=ipi/detector-output-to-ipi-run-1/latency/av-1/request bytes=1384 forwarded=1
1783000696.299643 publish topic=ipi/detector-output-to-ipi-run-1/latency/av-1/ack bytes=232 forwarded=1
1783000696.539426 publish topic=ipi/detector-output-to-ipi-run-1/latency/av-1/request bytes=1384 forwarded=1
1783000696.540061 publish topic=ipi/detector-output-to-ipi-run-1/latency/av-1/ack bytes=232 forwarded=1
1783000696.769748 publish topic=ipi/detector-output-to-ipi-run-1/latency/av-1/request bytes=1384 forwarded=1
1783000696.770418 publish topic=ipi/detector-output-to-ipi-run-1/latency/av-1/ack bytes=232 forwarded=1
1783000697.009881 publish topic=ipi/detector-output-to-ipi-run-1/latency/av-1/request bytes=1384 forwarded=1
1783000697.010515 publish topic=ipi/detector-output-to-ipi-run-1/latency/av-1/ack bytes=232 forwarded=1
1783000697.250253 publish topic=ipi/detector-output-to-ipi-run-1/latency/av-1/request bytes=1384 forwarded=1
1783000697.250982 publish topic=ipi/detector-output-to-ipi-run-1/latency/av-1/ack bytes=232 forwarded=1
1783000697.490460 publish topic=ipi/detector-output-to-ipi-run-1/latency/av-1/request bytes=1384 forwarded=1
1783000697.491093 publish topic=ipi/detector-output-to-ipi-run-1/latency/av-1/ack bytes=232 forwarded=1
1783000697.730741 publish topic=ipi/detector-output-to-ipi-run-1/latency/av-1/request bytes=1384 forwarded=1
1783000697.731412 publish topic=ipi/detector-output-to-ipi-run-1/latency/av-1/ack bytes=232 forwarded=1
1783000697.960784 publish topic=ipi/detector-output-to-ipi-run-1/latency/av-1/request bytes=1384 forwarded=1
1783000697.961472 publish topic=ipi/detector-output-to-ipi-run-1/latency/av-1/ack bytes=232 forwarded=1
1783000698.221077 publish topic=ipi/detector-output-to-ipi-run-1/latency/av-1/request bytes=1384 forwarded=1
1783000698.221742 publish topic=ipi/detector-output-to-ipi-run-1/latency/av-1/ack bytes=232 forwarded=1
1783000698.471605 publish topic=ipi/detector-output-to-ipi-run-1/latency/av-1/request bytes=1384 forwarded=1
1783000698.472275 publish topic=ipi/detector-output-to-ipi-run-1/latency/av-1/ack bytes=232 forwarded=1
1783000698.701668 publish topic=ipi/detector-output-to-ipi-run-1/latency/av-1/request bytes=1384 forwarded=1
1783000698.702326 publish topic=ipi/detector-output-to-ipi-run-1/latency/av-1/ack bytes=232 forwarded=1
1783000698.942121 publish topic=ipi/detector-output-to-ipi-run-1/latency/av-1/request bytes=1384 forwarded=1
1783000698.942795 publish topic=ipi/detector-output-to-ipi-run-1/latency/av-1/ack bytes=232 forwarded=1
1783000699.172331 publish topic=ipi/detector-output-to-ipi-run-1/latency/av-1/request bytes=1384 forwarded=1
1783000699.173036 publish topic=ipi/detector-output-to-ipi-run-1/latency/av-1/ack bytes=232 forwarded=1
1783000699.412813 publish topic=ipi/detector-output-to-ipi-run-1/latency/av-1/request bytes=1384 forwarded=1
1783000699.413479 publish topic=ipi/detector-output-to-ipi-run-1/latency/av-1/ack bytes=232 forwarded=1
1783000699.632863 publish topic=ipi/detector-output-to-ipi-run-1/latency/av-1/request bytes=1384 forwarded=1
1783000699.633602 publish topic=ipi/detector-output-to-ipi-run-1/latency/av-1/ack bytes=232 forwarded=1
1783000699.863147 publish topic=ipi/detector-output-to-ipi-run-1/latency/av-1/request bytes=1384 forwarded=1
1783000699.863822 publish topic=ipi/detector-output-to-ipi-run-1/latency/av-1/ack bytes=232 forwarded=1
1783000700.083261 publish topic=ipi/detector-output-to-ipi-run-1/latency/av-1/request bytes=1384 forwarded=1
1783000700.083941 publish topic=ipi/detector-output-to-ipi-run-1/latency/av-1/ack bytes=232 forwarded=1
1783000700.303545 publish topic=ipi/detector-output-to-ipi-run-1/latency/av-1/request bytes=1384 forwarded=1
1783000700.304218 publish topic=ipi/detector-output-to-ipi-run-1/latency/av-1/ack bytes=232 forwarded=1
1783000700.533675 publish topic=ipi/detector-output-to-ipi-run-1/latency/av-1/request bytes=1384 forwarded=1
1783000700.534352 publish topic=ipi/detector-output-to-ipi-run-1/latency/av-1/ack bytes=232 forwarded=1
1783000700.753892 publish topic=ipi/detector-output-to-ipi-run-1/latency/av-1/request bytes=1384 forwarded=1
1783000700.754561 publish topic=ipi/detector-output-to-ipi-run-1/latency/av-1/ack bytes=232 forwarded=1
1783000700.974093 publish topic=ipi/detector-output-to-ipi-run-1/latency/av-1/request bytes=1384 forwarded=1
1783000700.974768 publish topic=ipi/detector-output-to-ipi-run-1/latency/av-1/ack bytes=232 forwarded=1
1783000701.204297 publish topic=ipi/detector-output-to-ipi-run-1/latency/av-1/request bytes=1384 forwarded=1
1783000701.204962 publish topic=ipi/detector-output-to-ipi-run-1/latency/av-1/ack bytes=232 forwarded=1
1783000701.434256 publish topic=ipi/detector-output-to-ipi-run-1/latency/av-1/request bytes=1384 forwarded=1
1783000701.434921 publish topic=ipi/detector-output-to-ipi-run-1/latency/av-1/ack bytes=232 forwarded=1
1783000701.664449 publish topic=ipi/detector-output-to-ipi-run-1/latency/av-1/request bytes=1384 forwarded=1
1783000701.665182 publish topic=ipi/detector-output-to-ipi-run-1/latency/av-1/ack bytes=232 forwarded=1
1783000701.894671 publish topic=ipi/detector-output-to-ipi-run-1/latency/av-1/request bytes=1384 forwarded=1
1783000701.895358 publish topic=ipi/detector-output-to-ipi-run-1/latency/av-1/ack bytes=232 forwarded=1
1783000702.114768 publish topic=ipi/detector-output-to-ipi-run-1/latency/av-1/request bytes=1384 forwarded=1
1783000702.115454 publish topic=ipi/detector-output-to-ipi-run-1/latency/av-1/ack bytes=232 forwarded=1
1783000702.334952 publish topic=ipi/detector-output-to-ipi-run-1/latency/av-1/request bytes=1384 forwarded=1
1783000702.335655 publish topic=ipi/detector-output-to-ipi-run-1/latency/av-1/ack bytes=232 forwarded=1
1783000702.555138 publish topic=ipi/detector-output-to-ipi-run-1/latency/av-1/request bytes=1384 forwarded=1
1783000702.555822 publish topic=ipi/detector-output-to-ipi-run-1/latency/av-1/ack bytes=232 forwarded=1
1783000702.785139 publish topic=ipi/detector-output-to-ipi-run-1/latency/av-1/request bytes=1384 forwarded=1
1783000702.785804 publish topic=ipi/detector-output-to-ipi-run-1/latency/av-1/ack bytes=232 forwarded=1
1783000703.015606 publish topic=ipi/detector-output-to-ipi-run-1/latency/av-1/request bytes=1384 forwarded=1
1783000703.016315 publish topic=ipi/detector-output-to-ipi-run-1/latency/av-1/ack bytes=232 forwarded=1
1783000703.255672 publish topic=ipi/detector-output-to-ipi-run-1/latency/av-1/request bytes=1384 forwarded=1
1783000703.256365 publish topic=ipi/detector-output-to-ipi-run-1/latency/av-1/ack bytes=232 forwarded=1
1783000703.485892 publish topic=ipi/detector-output-to-ipi-run-1/latency/av-1/request bytes=1384 forwarded=1
1783000703.486583 publish topic=ipi/detector-output-to-ipi-run-1/latency/av-1/ack bytes=232 forwarded=1
1783000703.716047 publish topic=ipi/detector-output-to-ipi-run-1/latency/av-1/request bytes=1384 forwarded=1
1783000703.716786 publish topic=ipi/detector-output-to-ipi-run-1/latency/av-1/ack bytes=232 forwarded=1
1783000703.946168 publish topic=ipi/detector-output-to-ipi-run-1/latency/av-1/request bytes=1384 forwarded=1
1783000703.946855 publish topic=ipi/detector-output-to-ipi-run-1/latency/av-1/ack bytes=232 forwarded=1
1783000704.176208 publish topic=ipi/detector-output-to-ipi-run-1/latency/av-1/request bytes=1384 forwarded=1
1783000704.176956 publish topic=ipi/detector-output-to-ipi-run-1/latency/av-1/ack bytes=232 forwarded=1
1783000704.416414 publish topic=ipi/detector-output-to-ipi-run-1/latency/av-1/request bytes=1384 forwarded=1
1783000704.417110 publish topic=ipi/detector-output-to-ipi-run-1/latency/av-1/ack bytes=232 forwarded=1
1783000704.646746 publish topic=ipi/detector-output-to-ipi-run-1/latency/av-1/request bytes=1384 forwarded=1
1783000704.647469 publish topic=ipi/detector-output-to-ipi-run-1/latency/av-1/ack bytes=232 forwarded=1
1783000704.887154 publish topic=ipi/detector-output-to-ipi-run-1/latency/av-1/request bytes=1384 forwarded=1
1783000704.887847 publish topic=ipi/detector-output-to-ipi-run-1/latency/av-1/ack bytes=232 forwarded=1
1783000705.137381 publish topic=ipi/detector-output-to-ipi-run-1/latency/av-1/request bytes=1384 forwarded=1
1783000705.138110 publish topic=ipi/detector-output-to-ipi-run-1/latency/av-1/ack bytes=232 forwarded=1
1783000705.377679 publish topic=ipi/detector-output-to-ipi-run-1/latency/av-1/request bytes=1384 forwarded=1
1783000705.378350 publish topic=ipi/detector-output-to-ipi-run-1/latency/av-1/ack bytes=232 forwarded=1
1783000705.718098 publish topic=ipi/detector-output-to-ipi-run-1/latency/av-1/request bytes=1384 forwarded=1
1783000705.718786 publish topic=ipi/detector-output-to-ipi-run-1/latency/av-1/ack bytes=232 forwarded=1
1783000705.968157 publish topic=ipi/detector-output-to-ipi-run-1/latency/av-1/request bytes=1384 forwarded=1
1783000705.968849 publish topic=ipi/detector-output-to-ipi-run-1/latency/av-1/ack bytes=232 forwarded=1
1783000706.218766 publish topic=ipi/detector-output-to-ipi-run-1/latency/av-1/request bytes=1384 forwarded=1
1783000706.219453 publish topic=ipi/detector-output-to-ipi-run-1/latency/av-1/ack bytes=232 forwarded=1
1783000706.448874 publish topic=ipi/detector-output-to-ipi-run-1/latency/av-1/request bytes=1384 forwarded=1
1783000706.449563 publish topic=ipi/detector-output-to-ipi-run-1/latency/av-1/ack bytes=232 forwarded=1
1783000706.679021 publish topic=ipi/detector-output-to-ipi-run-1/latency/av-1/request bytes=1384 forwarded=1
1783000706.679709 publish topic=ipi/detector-output-to-ipi-run-1/latency/av-1/ack bytes=232 forwarded=1
1783000706.909180 publish topic=ipi/detector-output-to-ipi-run-1/latency/av-1/request bytes=1384 forwarded=1
1783000706.909864 publish topic=ipi/detector-output-to-ipi-run-1/latency/av-1/ack bytes=232 forwarded=1
1783000707.139209 publish topic=ipi/detector-output-to-ipi-run-1/latency/av-1/request bytes=1384 forwarded=1
1783000707.139897 publish topic=ipi/detector-output-to-ipi-run-1/latency/av-1/ack bytes=232 forwarded=1
1783000707.369463 publish topic=ipi/detector-output-to-ipi-run-1/latency/av-1/request bytes=1384 forwarded=1
1783000707.370119 publish topic=ipi/detector-output-to-ipi-run-1/latency/av-1/ack bytes=232 forwarded=1
1783000707.599711 publish topic=ipi/detector-output-to-ipi-run-1/latency/av-1/request bytes=1384 forwarded=1
1783000707.600401 publish topic=ipi/detector-output-to-ipi-run-1/latency/av-1/ack bytes=232 forwarded=1
1783000707.839840 publish topic=ipi/detector-output-to-ipi-run-1/latency/av-1/request bytes=1384 forwarded=1
1783000707.840502 publish topic=ipi/detector-output-to-ipi-run-1/latency/av-1/ack bytes=232 forwarded=1
1783000708.080169 publish topic=ipi/detector-output-to-ipi-run-1/latency/av-1/request bytes=1384 forwarded=1
1783000708.080943 publish topic=ipi/detector-output-to-ipi-run-1/latency/av-1/ack bytes=232 forwarded=1
1783000708.310545 publish topic=ipi/detector-output-to-ipi-run-1/latency/av-1/request bytes=1384 forwarded=1
1783000708.311217 publish topic=ipi/detector-output-to-ipi-run-1/latency/av-1/ack bytes=232 forwarded=1
1783000708.540724 publish topic=ipi/detector-output-to-ipi-run-1/latency/av-1/request bytes=1384 forwarded=1
1783000708.541427 publish topic=ipi/detector-output-to-ipi-run-1/latency/av-1/ack bytes=232 forwarded=1
1783000708.770970 publish topic=ipi/detector-output-to-ipi-run-1/latency/av-1/request bytes=1384 forwarded=1
1783000708.771607 publish topic=ipi/detector-output-to-ipi-run-1/latency/av-1/ack bytes=232 forwarded=1
1783000709.001433 publish topic=ipi/detector-output-to-ipi-run-1/latency/av-1/request bytes=1384 forwarded=1
1783000709.002066 publish topic=ipi/detector-output-to-ipi-run-1/latency/av-1/ack bytes=232 forwarded=1
1783000709.241621 publish topic=ipi/detector-output-to-ipi-run-1/latency/av-1/request bytes=1384 forwarded=1
1783000709.242253 publish topic=ipi/detector-output-to-ipi-run-1/latency/av-1/ack bytes=232 forwarded=1
1783000709.472008 publish topic=ipi/detector-output-to-ipi-run-1/latency/av-1/request bytes=1384 forwarded=1
1783000709.472652 publish topic=ipi/detector-output-to-ipi-run-1/latency/av-1/ack bytes=232 forwarded=1
1783000709.702073 publish topic=ipi/detector-output-to-ipi-run-1/latency/av-1/request bytes=1384 forwarded=1
1783000709.702705 publish topic=ipi/detector-output-to-ipi-run-1/latency/av-1/ack bytes=232 forwarded=1
1783000709.932503 publish topic=ipi/detector-output-to-ipi-run-1/latency/av-1/request bytes=1384 forwarded=1
1783000709.933175 publish topic=ipi/detector-output-to-ipi-run-1/latency/av-1/ack bytes=232 forwarded=1
1783000710.162801 publish topic=ipi/detector-output-to-ipi-run-1/latency/av-1/request bytes=1384 forwarded=1
1783000710.163435 publish topic=ipi/detector-output-to-ipi-run-1/latency/av-1/ack bytes=232 forwarded=1
1783000710.383202 publish topic=ipi/detector-output-to-ipi-run-1/latency/av-1/request bytes=1384 forwarded=1
1783000710.383837 publish topic=ipi/detector-output-to-ipi-run-1/latency/av-1/ack bytes=232 forwarded=1
1783000710.603328 publish topic=ipi/detector-output-to-ipi-run-1/latency/av-1/request bytes=1384 forwarded=1
1783000710.603955 publish topic=ipi/detector-output-to-ipi-run-1/latency/av-1/ack bytes=232 forwarded=1
1783000710.833689 publish topic=ipi/detector-output-to-ipi-run-1/latency/av-1/request bytes=1384 forwarded=1
1783000710.834319 publish topic=ipi/detector-output-to-ipi-run-1/latency/av-1/ack bytes=232 forwarded=1
1783000711.053967 publish topic=ipi/detector-output-to-ipi-run-1/latency/av-1/request bytes=1384 forwarded=1
1783000711.054598 publish topic=ipi/detector-output-to-ipi-run-1/latency/av-1/ack bytes=232 forwarded=1
1783000711.284252 publish topic=ipi/detector-output-to-ipi-run-1/latency/av-1/request bytes=1384 forwarded=1
1783000711.284909 publish topic=ipi/detector-output-to-ipi-run-1/latency/av-1/ack bytes=232 forwarded=1
1783000711.504524 publish topic=ipi/detector-output-to-ipi-run-1/latency/av-1/request bytes=1384 forwarded=1
1783000711.505157 publish topic=ipi/detector-output-to-ipi-run-1/latency/av-1/ack bytes=232 forwarded=1
1783000711.744898 publish topic=ipi/detector-output-to-ipi-run-1/latency/av-1/request bytes=1384 forwarded=1
1783000711.745529 publish topic=ipi/detector-output-to-ipi-run-1/latency/av-1/ack bytes=232 forwarded=1
1783000711.985236 publish topic=ipi/detector-output-to-ipi-run-1/latency/av-1/request bytes=1386 forwarded=1
1783000711.985857 publish topic=ipi/detector-output-to-ipi-run-1/latency/av-1/ack bytes=233 forwarded=1
1783000712.225564 publish topic=ipi/detector-output-to-ipi-run-1/latency/av-1/request bytes=1386 forwarded=1
1783000712.226190 publish topic=ipi/detector-output-to-ipi-run-1/latency/av-1/ack bytes=233 forwarded=1
1783000712.476113 publish topic=ipi/detector-output-to-ipi-run-1/latency/av-1/request bytes=1386 forwarded=1
1783000712.476783 publish topic=ipi/detector-output-to-ipi-run-1/latency/av-1/ack bytes=233 forwarded=1
1783000712.716601 publish topic=ipi/detector-output-to-ipi-run-1/latency/av-1/request bytes=1386 forwarded=1
1783000712.717265 publish topic=ipi/detector-output-to-ipi-run-1/latency/av-1/ack bytes=233 forwarded=1
1783000712.956999 publish topic=ipi/detector-output-to-ipi-run-1/latency/av-1/request bytes=1386 forwarded=1
1783000712.957632 publish topic=ipi/detector-output-to-ipi-run-1/latency/av-1/ack bytes=233 forwarded=1
1783000713.187396 publish topic=ipi/detector-output-to-ipi-run-1/latency/av-1/request bytes=1386 forwarded=1
1783000713.188062 publish topic=ipi/detector-output-to-ipi-run-1/latency/av-1/ack bytes=233 forwarded=1
1783000713.417699 publish topic=ipi/detector-output-to-ipi-run-1/latency/av-1/request bytes=1386 forwarded=1
1783000713.418345 publish topic=ipi/detector-output-to-ipi-run-1/latency/av-1/ack bytes=233 forwarded=1
1783000713.647748 publish topic=ipi/detector-output-to-ipi-run-1/latency/av-1/request bytes=1386 forwarded=1
1783000713.648379 publish topic=ipi/detector-output-to-ipi-run-1/latency/av-1/ack bytes=233 forwarded=1
1783000713.887913 publish topic=ipi/detector-output-to-ipi-run-1/latency/av-1/request bytes=1386 forwarded=1
1783000713.888544 publish topic=ipi/detector-output-to-ipi-run-1/latency/av-1/ack bytes=233 forwarded=1
1783000714.118019 publish topic=ipi/detector-output-to-ipi-run-1/latency/av-1/request bytes=1386 forwarded=1
1783000714.118645 publish topic=ipi/detector-output-to-ipi-run-1/latency/av-1/ack bytes=233 forwarded=1
1783000714.348225 publish topic=ipi/detector-output-to-ipi-run-1/latency/av-1/request bytes=1386 forwarded=1
1783000714.348879 publish topic=ipi/detector-output-to-ipi-run-1/latency/av-1/ack bytes=233 forwarded=1
1783000714.588331 publish topic=ipi/detector-output-to-ipi-run-1/latency/av-1/request bytes=1386 forwarded=1
1783000714.588994 publish topic=ipi/detector-output-to-ipi-run-1/latency/av-1/ack bytes=233 forwarded=1
1783000714.818109 publish topic=ipi/detector-output-to-ipi-run-1/latency/av-1/request bytes=1386 forwarded=1
1783000714.818737 publish topic=ipi/detector-output-to-ipi-run-1/latency/av-1/ack bytes=233 forwarded=1
1783000715.048097 publish topic=ipi/detector-output-to-ipi-run-1/latency/av-1/request bytes=1386 forwarded=1
1783000715.048754 publish topic=ipi/detector-output-to-ipi-run-1/latency/av-1/ack bytes=233 forwarded=1
1783000715.278483 publish topic=ipi/detector-output-to-ipi-run-1/latency/av-1/request bytes=1386 forwarded=1
1783000715.279124 publish topic=ipi/detector-output-to-ipi-run-1/latency/av-1/ack bytes=233 forwarded=1
1783000715.508497 publish topic=ipi/detector-output-to-ipi-run-1/latency/av-1/request bytes=1386 forwarded=1
1783000715.509129 publish topic=ipi/detector-output-to-ipi-run-1/latency/av-1/ack bytes=233 forwarded=1
1783000715.738531 publish topic=ipi/detector-output-to-ipi-run-1/latency/av-1/request bytes=1386 forwarded=1
1783000715.739164 publish topic=ipi/detector-output-to-ipi-run-1/latency/av-1/ack bytes=233 forwarded=1
1783000716.198779 publish topic=ipi/detector-output-to-ipi-run-1/latency/av-1/request bytes=1386 forwarded=1
1783000716.199405 publish topic=ipi/detector-output-to-ipi-run-1/latency/av-1/ack bytes=233 forwarded=1
1783000716.428776 publish topic=ipi/detector-output-to-ipi-run-1/latency/av-1/request bytes=1386 forwarded=1
1783000716.429404 publish topic=ipi/detector-output-to-ipi-run-1/latency/av-1/ack bytes=233 forwarded=1
1783000716.658954 publish topic=ipi/detector-output-to-ipi-run-1/latency/av-1/request bytes=1386 forwarded=1
1783000716.659581 publish topic=ipi/detector-output-to-ipi-run-1/latency/av-1/ack bytes=233 forwarded=1
1783000716.889030 publish topic=ipi/detector-output-to-ipi-run-1/latency/av-1/request bytes=1386 forwarded=1
1783000716.889666 publish topic=ipi/detector-output-to-ipi-run-1/latency/av-1/ack bytes=233 forwarded=1
1783000717.119095 publish topic=ipi/detector-output-to-ipi-run-1/latency/av-1/request bytes=1386 forwarded=1
1783000717.119725 publish topic=ipi/detector-output-to-ipi-run-1/latency/av-1/ack bytes=233 forwarded=1
1783000717.348923 publish topic=ipi/detector-output-to-ipi-run-1/latency/av-1/request bytes=1386 forwarded=1
1783000717.349550 publish topic=ipi/detector-output-to-ipi-run-1/latency/av-1/ack bytes=233 forwarded=1
1783000717.609248 publish topic=ipi/detector-output-to-ipi-run-1/latency/av-1/request bytes=1386 forwarded=1
1783000717.609878 publish topic=ipi/detector-output-to-ipi-run-1/latency/av-1/ack bytes=233 forwarded=1
1783000717.849380 publish topic=ipi/detector-output-to-ipi-run-1/latency/av-1/request bytes=1386 forwarded=1
1783000717.850019 publish topic=ipi/detector-output-to-ipi-run-1/latency/av-1/ack bytes=233 forwarded=1
1783000718.079679 publish topic=ipi/detector-output-to-ipi-run-1/latency/av-1/request bytes=1386 forwarded=1
1783000718.080317 publish topic=ipi/detector-output-to-ipi-run-1/latency/av-1/ack bytes=233 forwarded=1
1783000718.319665 publish topic=ipi/detector-output-to-ipi-run-1/latency/av-1/request bytes=1386 forwarded=1
1783000718.320327 publish topic=ipi/detector-output-to-ipi-run-1/latency/av-1/ack bytes=233 forwarded=1
1783000718.560007 publish topic=ipi/detector-output-to-ipi-run-1/latency/av-1/request bytes=1386 forwarded=1
1783000718.560641 publish topic=ipi/detector-output-to-ipi-run-1/latency/av-1/ack bytes=233 forwarded=1
1783000718.790158 publish topic=ipi/detector-output-to-ipi-run-1/latency/av-1/request bytes=1386 forwarded=1
1783000718.790790 publish topic=ipi/detector-output-to-ipi-run-1/latency/av-1/ack bytes=233 forwarded=1
1783000719.020239 publish topic=ipi/detector-output-to-ipi-run-1/latency/av-1/request bytes=1386 forwarded=1
1783000719.020926 publish topic=ipi/detector-output-to-ipi-run-1/latency/av-1/ack bytes=233 forwarded=1
1783000719.250509 publish topic=ipi/detector-output-to-ipi-run-1/latency/av-1/request bytes=1386 forwarded=1
1783000719.251144 publish topic=ipi/detector-output-to-ipi-run-1/latency/av-1/ack bytes=233 forwarded=1
1783000719.490657 publish topic=ipi/detector-output-to-ipi-run-1/latency/av-1/request bytes=1386 forwarded=1
1783000719.491287 publish topic=ipi/detector-output-to-ipi-run-1/latency/av-1/ack bytes=233 forwarded=1
1783000719.740856 publish topic=ipi/detector-output-to-ipi-run-1/latency/av-1/request bytes=1386 forwarded=1
1783000719.741494 publish topic=ipi/detector-output-to-ipi-run-1/latency/av-1/ack bytes=233 forwarded=1
1783000719.970939 publish topic=ipi/detector-output-to-ipi-run-1/latency/av-1/request bytes=1386 forwarded=1
1783000719.971568 publish topic=ipi/detector-output-to-ipi-run-1/latency/av-1/ack bytes=233 forwarded=1
1783000720.211387 publish topic=ipi/detector-output-to-ipi-run-1/latency/av-1/request bytes=1386 forwarded=1
1783000720.212017 publish topic=ipi/detector-output-to-ipi-run-1/latency/av-1/ack bytes=233 forwarded=1
1783000720.451751 publish topic=ipi/detector-output-to-ipi-run-1/latency/av-1/request bytes=1386 forwarded=1
1783000720.452387 publish topic=ipi/detector-output-to-ipi-run-1/latency/av-1/ack bytes=233 forwarded=1
1783000720.691821 publish topic=ipi/detector-output-to-ipi-run-1/latency/av-1/request bytes=1386 forwarded=1
1783000720.692454 publish topic=ipi/detector-output-to-ipi-run-1/latency/av-1/ack bytes=233 forwarded=1
1783000720.932330 publish topic=ipi/detector-output-to-ipi-run-1/latency/av-1/request bytes=1386 forwarded=1
1783000720.933002 publish topic=ipi/detector-output-to-ipi-run-1/latency/av-1/ack bytes=233 forwarded=1
1783000721.172606 publish topic=ipi/detector-output-to-ipi-run-1/latency/av-1/request bytes=1386 forwarded=1
1783000721.173274 publish topic=ipi/detector-output-to-ipi-run-1/latency/av-1/ack bytes=233 forwarded=1
1783000721.402835 publish topic=ipi/detector-output-to-ipi-run-1/latency/av-1/request bytes=1386 forwarded=1
1783000721.403462 publish topic=ipi/detector-output-to-ipi-run-1/latency/av-1/ack bytes=233 forwarded=1
1783000721.633054 publish topic=ipi/detector-output-to-ipi-run-1/latency/av-1/request bytes=1386 forwarded=1
1783000721.633687 publish topic=ipi/detector-output-to-ipi-run-1/latency/av-1/ack bytes=233 forwarded=1
1783000721.863338 publish topic=ipi/detector-output-to-ipi-run-1/latency/av-1/request bytes=1386 forwarded=1
1783000721.863978 publish topic=ipi/detector-output-to-ipi-run-1/latency/av-1/ack bytes=233 forwarded=1
1783000722.093728 publish topic=ipi/detector-output-to-ipi-run-1/latency/av-1/request bytes=1386 forwarded=1
1783000722.094359 publish topic=ipi/detector-output-to-ipi-run-1/latency/av-1/ack bytes=233 forwarded=1
1783000722.323720 publish topic=ipi/detector-output-to-ipi-run-1/latency/av-1/request bytes=1386 forwarded=1
1783000722.324349 publish topic=ipi/detector-output-to-ipi-run-1/latency/av-1/ack bytes=233 forwarded=1
1783000722.564341 publish topic=ipi/detector-output-to-ipi-run-1/latency/av-1/request bytes=1386 forwarded=1
1783000722.565001 publish topic=ipi/detector-output-to-ipi-run-1/latency/av-1/ack bytes=233 forwarded=1
1783000722.794571 publish topic=ipi/detector-output-to-ipi-run-1/latency/av-1/request bytes=1386 forwarded=1
1783000722.795204 publish topic=ipi/detector-output-to-ipi-run-1/latency/av-1/ack bytes=233 forwarded=1
1783000723.034801 publish topic=ipi/detector-output-to-ipi-run-1/latency/av-1/request bytes=1386 forwarded=1
1783000723.035423 publish topic=ipi/detector-output-to-ipi-run-1/latency/av-1/ack bytes=233 forwarded=1
1783000723.265061 publish topic=ipi/detector-output-to-ipi-run-1/latency/av-1/request bytes=1386 forwarded=1
1783000723.265686 publish topic=ipi/detector-output-to-ipi-run-1/latency/av-1/ack bytes=233 forwarded=1
1783000723.495326 publish topic=ipi/detector-output-to-ipi-run-1/latency/av-1/request bytes=1386 forwarded=1
1783000723.496055 publish topic=ipi/detector-output-to-ipi-run-1/latency/av-1/ack bytes=233 forwarded=1
1783000723.725727 publish topic=ipi/detector-output-to-ipi-run-1/latency/av-1/request bytes=1386 forwarded=1
1783000723.726356 publish topic=ipi/detector-output-to-ipi-run-1/latency/av-1/ack bytes=233 forwarded=1
1783000723.956046 publish topic=ipi/detector-output-to-ipi-run-1/latency/av-1/request bytes=1386 forwarded=1
1783000723.956708 publish topic=ipi/detector-output-to-ipi-run-1/latency/av-1/ack bytes=233 forwarded=1
1783000724.186568 publish topic=ipi/detector-output-to-ipi-run-1/latency/av-1/request bytes=1386 forwarded=1
1783000724.187199 publish topic=ipi/detector-output-to-ipi-run-1/latency/av-1/ack bytes=233 forwarded=1
1783000724.426878 publish topic=ipi/detector-output-to-ipi-run-1/latency/av-1/request bytes=1386 forwarded=1
1783000724.427509 publish topic=ipi/detector-output-to-ipi-run-1/latency/av-1/ack bytes=233 forwarded=1
1783000724.667281 publish topic=ipi/detector-output-to-ipi-run-1/latency/av-1/request bytes=1386 forwarded=1
1783000724.667916 publish topic=ipi/detector-output-to-ipi-run-1/latency/av-1/ack bytes=233 forwarded=1
1783000724.907409 publish topic=ipi/detector-output-to-ipi-run-1/latency/av-1/request bytes=1386 forwarded=1
1783000724.908042 publish topic=ipi/detector-output-to-ipi-run-1/latency/av-1/ack bytes=233 forwarded=1
1783000725.137735 publish topic=ipi/detector-output-to-ipi-run-1/latency/av-1/request bytes=1386 forwarded=1
1783000725.138347 publish topic=ipi/detector-output-to-ipi-run-1/latency/av-1/ack bytes=233 forwarded=1
1783000725.378207 publish topic=ipi/detector-output-to-ipi-run-1/latency/av-1/request bytes=1386 forwarded=1
1783000725.378920 publish topic=ipi/detector-output-to-ipi-run-1/latency/av-1/ack bytes=233 forwarded=1
1783000725.618517 publish topic=ipi/detector-output-to-ipi-run-1/latency/av-1/request bytes=1386 forwarded=1
1783000725.619148 publish topic=ipi/detector-output-to-ipi-run-1/latency/av-1/ack bytes=233 forwarded=1
1783000725.858854 publish topic=ipi/detector-output-to-ipi-run-1/latency/av-1/request bytes=1386 forwarded=1
1783000725.859498 publish topic=ipi/detector-output-to-ipi-run-1/latency/av-1/ack bytes=233 forwarded=1
1783000726.089305 publish topic=ipi/detector-output-to-ipi-run-1/latency/av-1/request bytes=1386 forwarded=1
1783000726.089938 publish topic=ipi/detector-output-to-ipi-run-1/latency/av-1/ack bytes=233 forwarded=1
1783000726.319686 publish topic=ipi/detector-output-to-ipi-run-1/latency/av-1/request bytes=1386 forwarded=1
1783000726.320329 publish topic=ipi/detector-output-to-ipi-run-1/latency/av-1/ack bytes=233 forwarded=1
1783000726.560212 publish topic=ipi/detector-output-to-ipi-run-1/latency/av-1/request bytes=1386 forwarded=1
1783000726.560883 publish topic=ipi/detector-output-to-ipi-run-1/latency/av-1/ack bytes=233 forwarded=1
1783000726.800550 publish topic=ipi/detector-output-to-ipi-run-1/latency/av-1/request bytes=1386 forwarded=1
1783000726.801176 publish topic=ipi/detector-output-to-ipi-run-1/latency/av-1/ack bytes=233 forwarded=1
1783000727.030697 publish topic=ipi/detector-output-to-ipi-run-1/latency/av-1/request bytes=1386 forwarded=1
1783000727.031330 publish topic=ipi/detector-output-to-ipi-run-1/latency/av-1/ack bytes=233 forwarded=1
1783000727.260863 publish topic=ipi/detector-output-to-ipi-run-1/latency/av-1/request bytes=1386 forwarded=1
1783000727.261496 publish topic=ipi/detector-output-to-ipi-run-1/latency/av-1/ack bytes=233 forwarded=1
1783000727.491281 publish topic=ipi/detector-output-to-ipi-run-1/latency/av-1/request bytes=1386 forwarded=1
1783000727.491914 publish topic=ipi/detector-output-to-ipi-run-1/latency/av-1/ack bytes=233 forwarded=1
1783000727.721765 publish topic=ipi/detector-output-to-ipi-run-1/latency/av-1/request bytes=1386 forwarded=1
1783000727.722395 publish topic=ipi/detector-output-to-ipi-run-1/latency/av-1/ack bytes=233 forwarded=1
1783000727.972225 publish topic=ipi/detector-output-to-ipi-run-1/latency/av-1/request bytes=1386 forwarded=1
1783000727.972895 publish topic=ipi/detector-output-to-ipi-run-1/latency/av-1/ack bytes=233 forwarded=1
1783000728.202686 publish topic=ipi/detector-output-to-ipi-run-1/latency/av-1/request bytes=1386 forwarded=1
1783000728.203320 publish topic=ipi/detector-output-to-ipi-run-1/latency/av-1/ack bytes=233 forwarded=1
1783000728.442903 publish topic=ipi/detector-output-to-ipi-run-1/latency/av-1/request bytes=1386 forwarded=1
1783000728.443538 publish topic=ipi/detector-output-to-ipi-run-1/latency/av-1/ack bytes=233 forwarded=1
1783000728.673184 publish topic=ipi/detector-output-to-ipi-run-1/latency/av-1/request bytes=1386 forwarded=1
1783000728.673834 publish topic=ipi/detector-output-to-ipi-run-1/latency/av-1/ack bytes=233 forwarded=1
1783000728.893548 publish topic=ipi/detector-output-to-ipi-run-1/latency/av-1/request bytes=1386 forwarded=1
1783000728.894176 publish topic=ipi/detector-output-to-ipi-run-1/latency/av-1/ack bytes=233 forwarded=1
1783000729.113888 publish topic=ipi/detector-output-to-ipi-run-1/latency/av-1/request bytes=1386 forwarded=1
1783000729.114515 publish topic=ipi/detector-output-to-ipi-run-1/latency/av-1/ack bytes=233 forwarded=1
1783000729.334270 publish topic=ipi/detector-output-to-ipi-run-1/latency/av-1/request bytes=1386 forwarded=1
1783000729.334905 publish topic=ipi/detector-output-to-ipi-run-1/latency/av-1/ack bytes=233 forwarded=1
1783000729.574514 publish topic=ipi/detector-output-to-ipi-run-1/latency/av-1/request bytes=1386 forwarded=1
1783000729.575141 publish topic=ipi/detector-output-to-ipi-run-1/latency/av-1/ack bytes=233 forwarded=1
1783000729.834932 publish topic=ipi/detector-output-to-ipi-run-1/latency/av-1/request bytes=1386 forwarded=1
1783000729.835553 publish topic=ipi/detector-output-to-ipi-run-1/latency/av-1/ack bytes=233 forwarded=1
1783000730.065299 publish topic=ipi/detector-output-to-ipi-run-1/latency/av-1/request bytes=1386 forwarded=1
1783000730.065930 publish topic=ipi/detector-output-to-ipi-run-1/latency/av-1/ack bytes=233 forwarded=1
1783000730.305959 publish topic=ipi/detector-output-to-ipi-run-1/latency/av-1/request bytes=1386 forwarded=1
1783000730.306612 publish topic=ipi/detector-output-to-ipi-run-1/latency/av-1/ack bytes=233 forwarded=1
1783000730.576365 publish topic=ipi/detector-output-to-ipi-run-1/latency/av-1/request bytes=1386 forwarded=1
1783000730.577030 publish topic=ipi/detector-output-to-ipi-run-1/latency/av-1/ack bytes=233 forwarded=1
1783000730.846872 publish topic=ipi/detector-output-to-ipi-run-1/latency/av-1/request bytes=1386 forwarded=1
1783000730.847507 publish topic=ipi/detector-output-to-ipi-run-1/latency/av-1/ack bytes=233 forwarded=1
1783000731.077194 publish topic=ipi/detector-output-to-ipi-run-1/latency/av-1/request bytes=1386 forwarded=1
1783000731.077823 publish topic=ipi/detector-output-to-ipi-run-1/latency/av-1/ack bytes=233 forwarded=1
1783000731.397628 publish topic=ipi/detector-output-to-ipi-run-1/latency/av-1/request bytes=1386 forwarded=1
1783000731.398293 publish topic=ipi/detector-output-to-ipi-run-1/latency/av-1/ack bytes=233 forwarded=1
1783000731.638319 publish topic=ipi/detector-output-to-ipi-run-1/latency/av-1/request bytes=1386 forwarded=1
1783000731.638951 publish topic=ipi/detector-output-to-ipi-run-1/latency/av-1/ack bytes=233 forwarded=1
1783000731.898657 publish topic=ipi/detector-output-to-ipi-run-1/latency/av-1/request bytes=1386 forwarded=1
1783000731.899293 publish topic=ipi/detector-output-to-ipi-run-1/latency/av-1/ack bytes=233 forwarded=1
1783000732.129170 publish topic=ipi/detector-output-to-ipi-run-1/latency/av-1/request bytes=1386 forwarded=1
1783000732.129805 publish topic=ipi/detector-output-to-ipi-run-1/latency/av-1/ack bytes=233 forwarded=1
1783000732.389528 publish topic=ipi/detector-output-to-ipi-run-1/latency/av-1/request bytes=1386 forwarded=1
1783000732.390160 publish topic=ipi/detector-output-to-ipi-run-1/latency/av-1/ack bytes=233 forwarded=1
1783000732.630095 publish topic=ipi/detector-output-to-ipi-run-1/latency/av-1/request bytes=1386 forwarded=1
1783000732.630723 publish topic=ipi/detector-output-to-ipi-run-1/latency/av-1/ack bytes=233 forwarded=1
1783000732.870518 publish topic=ipi/detector-output-to-ipi-run-1/latency/av-1/request bytes=1386 forwarded=1
1783000732.871146 publish topic=ipi/detector-output-to-ipi-run-1/latency/av-1/ack bytes=233 forwarded=1
1783000733.120801 publish topic=ipi/detector-output-to-ipi-run-1/latency/av-1/request bytes=1386 forwarded=1
1783000733.121422 publish topic=ipi/detector-output-to-ipi-run-1/latency/av-1/ack bytes=233 forwarded=1
1783000733.361330 publish topic=ipi/detector-output-to-ipi-run-1/latency/av-1/request bytes=1386 forwarded=1
1783000733.361964 publish topic=ipi/detector-output-to-ipi-run-1/latency/av-1/ack bytes=233 forwarded=1
1783000733.592065 publish topic=ipi/detector-output-to-ipi-run-1/latency/av-1/request bytes=1386 forwarded=1
1783000733.592742 publish topic=ipi/detector-output-to-ipi-run-1/latency/av-1/ack bytes=233 forwarded=1
1783000733.822285 publish topic=ipi/detector-output-to-ipi-run-1/latency/av-1/request bytes=1386 forwarded=1
1783000733.822981 publish topic=ipi/detector-output-to-ipi-run-1/latency/av-1/ack bytes=233 forwarded=1
1783000734.052598 publish topic=ipi/detector-output-to-ipi-run-1/latency/av-1/request bytes=1386 forwarded=1
1783000734.053262 publish topic=ipi/detector-output-to-ipi-run-1/latency/av-1/ack bytes=233 forwarded=1
1783000734.282976 publish topic=ipi/detector-output-to-ipi-run-1/latency/av-1/request bytes=1386 forwarded=1
1783000734.283611 publish topic=ipi/detector-output-to-ipi-run-1/latency/av-1/ack bytes=233 forwarded=1
1783000734.513346 publish topic=ipi/detector-output-to-ipi-run-1/latency/av-1/request bytes=1386 forwarded=1
1783000734.513979 publish topic=ipi/detector-output-to-ipi-run-1/latency/av-1/ack bytes=233 forwarded=1
1783000734.733629 publish topic=ipi/detector-output-to-ipi-run-1/latency/av-1/request bytes=1386 forwarded=1
1783000734.734262 publish topic=ipi/detector-output-to-ipi-run-1/latency/av-1/ack bytes=233 forwarded=1
1783000734.963820 publish topic=ipi/detector-output-to-ipi-run-1/latency/av-1/request bytes=1386 forwarded=1
1783000734.964484 publish topic=ipi/detector-output-to-ipi-run-1/latency/av-1/ack bytes=233 forwarded=1
1783000735.194273 publish topic=ipi/detector-output-to-ipi-run-1/latency/av-1/request bytes=1386 forwarded=1
1783000735.194878 publish topic=ipi/detector-output-to-ipi-run-1/latency/av-1/ack bytes=233 forwarded=1
1783000735.414170 publish topic=ipi/detector-output-to-ipi-run-1/latency/av-1/request bytes=1386 forwarded=1
1783000735.414804 publish topic=ipi/detector-output-to-ipi-run-1/latency/av-1/ack bytes=233 forwarded=1
1783000735.644851 publish topic=ipi/detector-output-to-ipi-run-1/latency/av-1/request bytes=1386 forwarded=1
1783000735.645482 publish topic=ipi/detector-output-to-ipi-run-1/latency/av-1/ack bytes=233 forwarded=1
1783000735.875167 publish topic=ipi/detector-output-to-ipi-run-1/latency/av-1/request bytes=1386 forwarded=1
1783000735.875800 publish topic=ipi/detector-output-to-ipi-run-1/latency/av-1/ack bytes=233 forwarded=1
1783000736.105211 publish topic=ipi/detector-output-to-ipi-run-1/latency/av-1/request bytes=1386 forwarded=1
1783000736.105844 publish topic=ipi/detector-output-to-ipi-run-1/latency/av-1/ack bytes=233 forwarded=1
1783000736.335752 publish topic=ipi/detector-output-to-ipi-run-1/latency/av-1/request bytes=1386 forwarded=1
1783000736.336385 publish topic=ipi/detector-output-to-ipi-run-1/latency/av-1/ack bytes=233 forwarded=1
1783000736.566210 publish topic=ipi/detector-output-to-ipi-run-1/latency/av-1/request bytes=1386 forwarded=1
1783000736.566835 publish topic=ipi/detector-output-to-ipi-run-1/latency/av-1/ack bytes=233 forwarded=1
1783000736.786515 publish topic=ipi/detector-output-to-ipi-run-1/latency/av-1/request bytes=1386 forwarded=1
1783000736.787147 publish topic=ipi/detector-output-to-ipi-run-1/latency/av-1/ack bytes=233 forwarded=1
1783000737.006524 publish topic=ipi/detector-output-to-ipi-run-1/latency/av-1/request bytes=1386 forwarded=1
1783000737.007158 publish topic=ipi/detector-output-to-ipi-run-1/latency/av-1/ack bytes=233 forwarded=1
1783000737.236782 publish topic=ipi/detector-output-to-ipi-run-1/latency/av-1/request bytes=1386 forwarded=1
1783000737.237416 publish topic=ipi/detector-output-to-ipi-run-1/latency/av-1/ack bytes=233 forwarded=1
1783000737.457156 publish topic=ipi/detector-output-to-ipi-run-1/latency/av-1/request bytes=1386 forwarded=1
1783000737.457792 publish topic=ipi/detector-output-to-ipi-run-1/latency/av-1/ack bytes=233 forwarded=1
1783000737.677622 publish topic=ipi/detector-output-to-ipi-run-1/latency/av-1/request bytes=1386 forwarded=1
1783000737.678261 publish topic=ipi/detector-output-to-ipi-run-1/latency/av-1/ack bytes=233 forwarded=1
1783000737.897590 publish topic=ipi/detector-output-to-ipi-run-1/latency/av-1/request bytes=1386 forwarded=1
1783000737.898220 publish topic=ipi/detector-output-to-ipi-run-1/latency/av-1/ack bytes=233 forwarded=1
1783000738.128289 publish topic=ipi/detector-output-to-ipi-run-1/latency/av-1/request bytes=1386 forwarded=1
1783000738.128942 publish topic=ipi/detector-output-to-ipi-run-1/latency/av-1/ack bytes=233 forwarded=1
1783000738.348717 publish topic=ipi/detector-output-to-ipi-run-1/latency/av-1/request bytes=1386 forwarded=1
1783000738.349350 publish topic=ipi/detector-output-to-ipi-run-1/latency/av-1/ack bytes=233 forwarded=1
1783000738.568700 publish topic=ipi/detector-output-to-ipi-run-1/latency/av-1/request bytes=1386 forwarded=1
1783000738.569320 publish topic=ipi/detector-output-to-ipi-run-1/latency/av-1/ack bytes=233 forwarded=1
1783000738.819066 publish topic=ipi/detector-output-to-ipi-run-1/latency/av-1/request bytes=1386 forwarded=1
1783000738.819704 publish topic=ipi/detector-output-to-ipi-run-1/latency/av-1/ack bytes=233 forwarded=1
1783000739.049675 publish topic=ipi/detector-output-to-ipi-run-1/latency/av-1/request bytes=1386 forwarded=1
1783000739.050338 publish topic=ipi/detector-output-to-ipi-run-1/latency/av-1/ack bytes=233 forwarded=1
1783000739.280042 publish topic=ipi/detector-output-to-ipi-run-1/latency/av-1/request bytes=1386 forwarded=1
1783000739.280718 publish topic=ipi/detector-output-to-ipi-run-1/latency/av-1/ack bytes=233 forwarded=1
1783000739.540446 publish topic=ipi/detector-output-to-ipi-run-1/latency/av-1/request bytes=1386 forwarded=1
1783000739.541101 publish topic=ipi/detector-output-to-ipi-run-1/latency/av-1/ack bytes=233 forwarded=1
1783000739.800888 publish topic=ipi/detector-output-to-ipi-run-1/latency/av-1/request bytes=1386 forwarded=1
1783000739.801547 publish topic=ipi/detector-output-to-ipi-run-1/latency/av-1/ack bytes=233 forwarded=1
1783000740.051392 publish topic=ipi/detector-output-to-ipi-run-1/latency/av-1/request bytes=1386 forwarded=1
1783000740.052021 publish topic=ipi/detector-output-to-ipi-run-1/latency/av-1/ack bytes=233 forwarded=1
1783000740.312056 publish topic=ipi/detector-output-to-ipi-run-1/latency/av-1/request bytes=1386 forwarded=1
1783000740.312722 publish topic=ipi/detector-output-to-ipi-run-1/latency/av-1/ack bytes=233 forwarded=1
1783000740.552430 publish topic=ipi/detector-output-to-ipi-run-1/latency/av-1/request bytes=1386 forwarded=1
1783000740.553091 publish topic=ipi/detector-output-to-ipi-run-1/latency/av-1/ack bytes=233 forwarded=1
1783000740.782791 publish topic=ipi/detector-output-to-ipi-run-1/latency/av-1/request bytes=1386 forwarded=1
1783000740.783426 publish topic=ipi/detector-output-to-ipi-run-1/latency/av-1/ack bytes=233 forwarded=1
1783000741.013176 publish topic=ipi/detector-output-to-ipi-run-1/latency/av-1/request bytes=1386 forwarded=1
1783000741.013851 publish topic=ipi/detector-output-to-ipi-run-1/latency/av-1/ack bytes=233 forwarded=1
1783000741.243351 publish topic=ipi/detector-output-to-ipi-run-1/latency/av-1/request bytes=1386 forwarded=1
1783000741.243988 publish topic=ipi/detector-output-to-ipi-run-1/latency/av-1/ack bytes=233 forwarded=1
1783000741.473473 publish topic=ipi/detector-output-to-ipi-run-1/latency/av-1/request bytes=1386 forwarded=1
1783000741.474100 publish topic=ipi/detector-output-to-ipi-run-1/latency/av-1/ack bytes=233 forwarded=1
1783000741.704012 publish topic=ipi/detector-output-to-ipi-run-1/latency/av-1/request bytes=1386 forwarded=1
1783000741.704654 publish topic=ipi/detector-output-to-ipi-run-1/latency/av-1/ack bytes=233 forwarded=1
1783000741.934396 publish topic=ipi/detector-output-to-ipi-run-1/latency/av-1/request bytes=1386 forwarded=1
1783000741.935035 publish topic=ipi/detector-output-to-ipi-run-1/latency/av-1/ack bytes=233 forwarded=1
1783000742.164586 publish topic=ipi/detector-output-to-ipi-run-1/latency/av-1/request bytes=1386 forwarded=1
1783000742.165240 publish topic=ipi/detector-output-to-ipi-run-1/latency/av-1/ack bytes=233 forwarded=1
1783000742.394953 publish topic=ipi/detector-output-to-ipi-run-1/latency/av-1/request bytes=1386 forwarded=1
1783000742.395592 publish topic=ipi/detector-output-to-ipi-run-1/latency/av-1/ack bytes=233 forwarded=1
1783000742.625196 publish topic=ipi/detector-output-to-ipi-run-1/latency/av-1/request bytes=1386 forwarded=1
1783000742.625823 publish topic=ipi/detector-output-to-ipi-run-1/latency/av-1/ack bytes=233 forwarded=1
1783000742.865588 publish topic=ipi/detector-output-to-ipi-run-1/latency/av-1/request bytes=1386 forwarded=1
1783000742.866223 publish topic=ipi/detector-output-to-ipi-run-1/latency/av-1/ack bytes=233 forwarded=1
1783000743.095902 publish topic=ipi/detector-output-to-ipi-run-1/latency/av-1/request bytes=1386 forwarded=1
1783000743.096539 publish topic=ipi/detector-output-to-ipi-run-1/latency/av-1/ack bytes=233 forwarded=1
1783000743.326173 publish topic=ipi/detector-output-to-ipi-run-1/latency/av-1/request bytes=1386 forwarded=1
1783000743.326804 publish topic=ipi/detector-output-to-ipi-run-1/latency/av-1/ack bytes=233 forwarded=1
1783000743.556319 publish topic=ipi/detector-output-to-ipi-run-1/latency/av-1/request bytes=1386 forwarded=1
1783000743.556979 publish topic=ipi/detector-output-to-ipi-run-1/latency/av-1/ack bytes=233 forwarded=1
1783000743.786737 publish topic=ipi/detector-output-to-ipi-run-1/latency/av-1/request bytes=1386 forwarded=1
1783000743.787369 publish topic=ipi/detector-output-to-ipi-run-1/latency/av-1/ack bytes=233 forwarded=1
1783000744.017177 publish topic=ipi/detector-output-to-ipi-run-1/latency/av-1/request bytes=1386 forwarded=1
1783000744.017800 publish topic=ipi/detector-output-to-ipi-run-1/latency/av-1/ack bytes=233 forwarded=1
1783000744.257263 publish topic=ipi/detector-output-to-ipi-run-1/latency/av-1/request bytes=1386 forwarded=1
1783000744.257911 publish topic=ipi/detector-output-to-ipi-run-1/latency/av-1/ack bytes=233 forwarded=1
1783000744.497591 publish topic=ipi/detector-output-to-ipi-run-1/latency/av-1/request bytes=1386 forwarded=1
1783000744.498231 publish topic=ipi/detector-output-to-ipi-run-1/latency/av-1/ack bytes=233 forwarded=1
1783000744.728094 publish topic=ipi/detector-output-to-ipi-run-1/latency/av-1/request bytes=1386 forwarded=1
1783000744.728763 publish topic=ipi/detector-output-to-ipi-run-1/latency/av-1/ack bytes=233 forwarded=1
1783000744.958433 publish topic=ipi/detector-output-to-ipi-run-1/latency/av-1/request bytes=1386 forwarded=1
1783000744.959063 publish topic=ipi/detector-output-to-ipi-run-1/latency/av-1/ack bytes=233 forwarded=1
1783000745.188714 publish topic=ipi/detector-output-to-ipi-run-1/latency/av-1/request bytes=1386 forwarded=1
1783000745.189341 publish topic=ipi/detector-output-to-ipi-run-1/latency/av-1/ack bytes=233 forwarded=1
1783000745.429180 publish topic=ipi/detector-output-to-ipi-run-1/latency/av-1/request bytes=1386 forwarded=1
1783000745.429809 publish topic=ipi/detector-output-to-ipi-run-1/latency/av-1/ack bytes=233 forwarded=1
1783000745.659516 publish topic=ipi/detector-output-to-ipi-run-1/latency/av-1/request bytes=1386 forwarded=1
1783000745.660152 publish topic=ipi/detector-output-to-ipi-run-1/latency/av-1/ack bytes=233 forwarded=1
1783000745.889933 publish topic=ipi/detector-output-to-ipi-run-1/latency/av-1/request bytes=1386 forwarded=1
1783000745.890562 publish topic=ipi/detector-output-to-ipi-run-1/latency/av-1/ack bytes=233 forwarded=1
1783000746.130407 publish topic=ipi/detector-output-to-ipi-run-1/latency/av-1/request bytes=1386 forwarded=1
1783000746.131041 publish topic=ipi/detector-output-to-ipi-run-1/latency/av-1/ack bytes=233 forwarded=1
1783000746.380840 publish topic=ipi/detector-output-to-ipi-run-1/latency/av-1/request bytes=1386 forwarded=1
1783000746.381478 publish topic=ipi/detector-output-to-ipi-run-1/latency/av-1/ack bytes=233 forwarded=1
1783000746.631074 publish topic=ipi/detector-output-to-ipi-run-1/latency/av-1/request bytes=1386 forwarded=1
1783000746.631392 publish topic=ipi/detector-output-to-ipi-run-1/latency/av-1/ack bytes=233 forwarded=1
1783000746.871818 publish topic=ipi/detector-output-to-ipi-run-1/latency/av-1/request bytes=1386 forwarded=1
1783000746.872457 publish topic=ipi/detector-output-to-ipi-run-1/latency/av-1/ack bytes=233 forwarded=1
1783000747.102442 publish topic=ipi/detector-output-to-ipi-run-1/latency/av-1/request bytes=1386 forwarded=1
1783000747.103075 publish topic=ipi/detector-output-to-ipi-run-1/latency/av-1/ack bytes=233 forwarded=1
1783000747.332904 publish topic=ipi/detector-output-to-ipi-run-1/latency/av-1/request bytes=1386 forwarded=1
1783000747.333538 publish topic=ipi/detector-output-to-ipi-run-1/latency/av-1/ack bytes=233 forwarded=1
1783000747.563142 publish topic=ipi/detector-output-to-ipi-run-1/latency/av-1/request bytes=1386 forwarded=1
1783000747.563852 publish topic=ipi/detector-output-to-ipi-run-1/latency/av-1/ack bytes=233 forwarded=1
1783000747.793247 publish topic=ipi/detector-output-to-ipi-run-1/latency/av-1/request bytes=1386 forwarded=1
1783000747.793883 publish topic=ipi/detector-output-to-ipi-run-1/latency/av-1/ack bytes=233 forwarded=1
1783000748.013609 publish topic=ipi/detector-output-to-ipi-run-1/latency/av-1/request bytes=1386 forwarded=1
1783000748.014226 publish topic=ipi/detector-output-to-ipi-run-1/latency/av-1/ack bytes=233 forwarded=1
1783000748.244175 publish topic=ipi/detector-output-to-ipi-run-1/latency/av-1/request bytes=1386 forwarded=1
1783000748.244866 publish topic=ipi/detector-output-to-ipi-run-1/latency/av-1/ack bytes=233 forwarded=1
1783000748.474285 publish topic=ipi/detector-output-to-ipi-run-1/latency/av-1/request bytes=1386 forwarded=1
1783000748.474917 publish topic=ipi/detector-output-to-ipi-run-1/latency/av-1/ack bytes=233 forwarded=1
1783000748.704786 publish topic=ipi/detector-output-to-ipi-run-1/latency/av-1/request bytes=1386 forwarded=1
1783000748.705419 publish topic=ipi/detector-output-to-ipi-run-1/latency/av-1/ack bytes=233 forwarded=1
1783000748.944971 publish topic=ipi/detector-output-to-ipi-run-1/latency/av-1/request bytes=1386 forwarded=1
1783000748.945605 publish topic=ipi/detector-output-to-ipi-run-1/latency/av-1/ack bytes=233 forwarded=1
1783000749.165364 publish topic=ipi/detector-output-to-ipi-run-1/latency/av-1/request bytes=1386 forwarded=1
1783000749.166003 publish topic=ipi/detector-output-to-ipi-run-1/latency/av-1/ack bytes=233 forwarded=1
1783000749.395763 publish topic=ipi/detector-output-to-ipi-run-1/latency/av-1/request bytes=1386 forwarded=1
1783000749.396415 publish topic=ipi/detector-output-to-ipi-run-1/latency/av-1/ack bytes=233 forwarded=1
1783000749.636127 publish topic=ipi/detector-output-to-ipi-run-1/latency/av-1/request bytes=1386 forwarded=1
1783000749.636800 publish topic=ipi/detector-output-to-ipi-run-1/latency/av-1/ack bytes=233 forwarded=1
1783000749.866378 publish topic=ipi/detector-output-to-ipi-run-1/latency/av-1/request bytes=1386 forwarded=1
1783000749.867011 publish topic=ipi/detector-output-to-ipi-run-1/latency/av-1/ack bytes=233 forwarded=1
1783000750.106761 publish topic=ipi/detector-output-to-ipi-run-1/latency/av-1/request bytes=1386 forwarded=1
1783000750.107407 publish topic=ipi/detector-output-to-ipi-run-1/latency/av-1/ack bytes=233 forwarded=1
1783000750.337090 publish topic=ipi/detector-output-to-ipi-run-1/latency/av-1/request bytes=1386 forwarded=1
1783000750.337729 publish topic=ipi/detector-output-to-ipi-run-1/latency/av-1/ack bytes=233 forwarded=1
1783000750.567384 publish topic=ipi/detector-output-to-ipi-run-1/latency/av-1/request bytes=1386 forwarded=1
1783000750.568016 publish topic=ipi/detector-output-to-ipi-run-1/latency/av-1/ack bytes=233 forwarded=1
1783000750.797955 publish topic=ipi/detector-output-to-ipi-run-1/latency/av-1/request bytes=1386 forwarded=1
1783000750.798588 publish topic=ipi/detector-output-to-ipi-run-1/latency/av-1/ack bytes=233 forwarded=1
1783000751.038002 publish topic=ipi/detector-output-to-ipi-run-1/latency/av-1/request bytes=1386 forwarded=1
1783000751.038633 publish topic=ipi/detector-output-to-ipi-run-1/latency/av-1/ack bytes=233 forwarded=1
1783000751.278467 publish topic=ipi/detector-output-to-ipi-run-1/latency/av-1/request bytes=1386 forwarded=1
1783000751.279100 publish topic=ipi/detector-output-to-ipi-run-1/latency/av-1/ack bytes=233 forwarded=1
1783000751.518810 publish topic=ipi/detector-output-to-ipi-run-1/latency/av-1/request bytes=1386 forwarded=1
1783000751.519412 publish topic=ipi/detector-output-to-ipi-run-1/latency/av-1/ack bytes=233 forwarded=1
1783000751.769531 publish topic=ipi/detector-output-to-ipi-run-1/latency/av-1/request bytes=1386 forwarded=1
1783000751.770166 publish topic=ipi/detector-output-to-ipi-run-1/latency/av-1/ack bytes=233 forwarded=1
1783000752.009717 publish topic=ipi/detector-output-to-ipi-run-1/latency/av-1/request bytes=1386 forwarded=1
1783000752.010364 publish topic=ipi/detector-output-to-ipi-run-1/latency/av-1/ack bytes=233 forwarded=1
1783000752.240233 publish topic=ipi/detector-output-to-ipi-run-1/latency/av-1/request bytes=1386 forwarded=1
1783000752.240887 publish topic=ipi/detector-output-to-ipi-run-1/latency/av-1/ack bytes=233 forwarded=1
1783000752.490712 publish topic=ipi/detector-output-to-ipi-run-1/latency/av-1/request bytes=1386 forwarded=1
1783000752.491357 publish topic=ipi/detector-output-to-ipi-run-1/latency/av-1/ack bytes=233 forwarded=1
1783000752.761154 publish topic=ipi/detector-output-to-ipi-run-1/latency/av-1/request bytes=1386 forwarded=1
1783000752.761797 publish topic=ipi/detector-output-to-ipi-run-1/latency/av-1/ack bytes=233 forwarded=1
1783000753.011715 publish topic=ipi/detector-output-to-ipi-run-1/latency/av-1/request bytes=1386 forwarded=1
1783000753.012355 publish topic=ipi/detector-output-to-ipi-run-1/latency/av-1/ack bytes=233 forwarded=1
1783000753.242181 publish topic=ipi/detector-output-to-ipi-run-1/latency/av-1/request bytes=1386 forwarded=1
1783000753.242834 publish topic=ipi/detector-output-to-ipi-run-1/latency/av-1/ack bytes=233 forwarded=1
1783000753.472565 publish topic=ipi/detector-output-to-ipi-run-1/latency/av-1/request bytes=1386 forwarded=1
1783000753.473240 publish topic=ipi/detector-output-to-ipi-run-1/latency/av-1/ack bytes=233 forwarded=1
1783000753.693004 publish topic=ipi/detector-output-to-ipi-run-1/latency/av-1/request bytes=1386 forwarded=1
1783000753.693649 publish topic=ipi/detector-output-to-ipi-run-1/latency/av-1/ack bytes=233 forwarded=1
1783000753.933316 publish topic=ipi/detector-output-to-ipi-run-1/latency/av-1/request bytes=1386 forwarded=1
1783000753.933958 publish topic=ipi/detector-output-to-ipi-run-1/latency/av-1/ack bytes=233 forwarded=1
1783000754.163880 publish topic=ipi/detector-output-to-ipi-run-1/latency/av-1/request bytes=1386 forwarded=1
1783000754.164520 publish topic=ipi/detector-output-to-ipi-run-1/latency/av-1/ack bytes=233 forwarded=1
1783000754.414300 publish topic=ipi/detector-output-to-ipi-run-1/latency/av-1/request bytes=1386 forwarded=1
1783000754.414966 publish topic=ipi/detector-output-to-ipi-run-1/latency/av-1/ack bytes=233 forwarded=1
1783000754.664577 publish topic=ipi/detector-output-to-ipi-run-1/latency/av-1/request bytes=1386 forwarded=1
1783000754.665255 publish topic=ipi/detector-output-to-ipi-run-1/latency/av-1/ack bytes=233 forwarded=1
1783000754.895212 publish topic=ipi/detector-output-to-ipi-run-1/latency/av-1/request bytes=1386 forwarded=1
1783000754.895852 publish topic=ipi/detector-output-to-ipi-run-1/latency/av-1/ack bytes=233 forwarded=1
1783000755.095267 close ('10.120.121.36', 59316) closed
1783000755.814895 close ('127.0.0.1', 57990) closed
