threaded mqtt broker listening on 0.0.0.0:1883
1787067103.528045 accept ('10.120.121.31', 54640)
1787067103.529431 close ('10.120.121.31', 54640) closed
1787067104.186107 accept ('127.0.0.1', 42620)
1787067104.186677 subscribe ('127.0.0.1', 42620) edge4av/airspan-tdd-uplink-location_3/raw-uplink/veh-001/request
1787067107.954519 accept ('10.120.121.31', 55170)
1787067107.984239 subscribe ('10.120.121.31', 55170) edge4av/airspan-tdd-uplink-location_3/raw-uplink/veh-001/ack
1787067114.738394 publish topic=edge4av/airspan-tdd-uplink-location_3/raw-uplink/veh-001/request bytes=512032 forwarded=1
1787067114.745777 publish topic=edge4av/airspan-tdd-uplink-location_3/raw-uplink/veh-001/ack bytes=32 forwarded=1
1787067122.436886 publish topic=edge4av/airspan-tdd-uplink-location_3/raw-uplink/veh-001/request bytes=512032 forwarded=1
1787067122.439419 publish topic=edge4av/airspan-tdd-uplink-location_3/raw-uplink/veh-001/ack bytes=32 forwarded=1
1787067129.757189 publish topic=edge4av/airspan-tdd-uplink-location_3/raw-uplink/veh-001/request bytes=512032 forwarded=1
1787067129.761164 publish topic=edge4av/airspan-tdd-uplink-location_3/raw-uplink/veh-001/ack bytes=32 forwarded=1
1787067137.060957 publish topic=edge4av/airspan-tdd-uplink-location_3/raw-uplink/veh-001/request bytes=512032 forwarded=1
1787067137.066175 publish topic=edge4av/airspan-tdd-uplink-location_3/raw-uplink/veh-001/ack bytes=32 forwarded=1
1787067145.360376 publish topic=edge4av/airspan-tdd-uplink-location_3/raw-uplink/veh-001/request bytes=512032 forwarded=1
1787067145.364111 publish topic=edge4av/airspan-tdd-uplink-location_3/raw-uplink/veh-001/ack bytes=32 forwarded=1
1787067154.364566 publish topic=edge4av/airspan-tdd-uplink-location_3/raw-uplink/veh-001/request bytes=512032 forwarded=1
1787067154.367185 publish topic=edge4av/airspan-tdd-uplink-location_3/raw-uplink/veh-001/ack bytes=32 forwarded=1
1787067163.987515 publish topic=edge4av/airspan-tdd-uplink-location_3/raw-uplink/veh-001/request bytes=512032 forwarded=1
1787067163.989612 publish topic=edge4av/airspan-tdd-uplink-location_3/raw-uplink/veh-001/ack bytes=32 forwarded=1
1787067171.964525 publish topic=edge4av/airspan-tdd-uplink-location_3/raw-uplink/veh-001/request bytes=512032 forwarded=1
1787067171.967648 publish topic=edge4av/airspan-tdd-uplink-location_3/raw-uplink/veh-001/ack bytes=32 forwarded=1
1787067179.772301 publish topic=edge4av/airspan-tdd-uplink-location_3/raw-uplink/veh-001/request bytes=512032 forwarded=1
1787067179.777551 publish topic=edge4av/airspan-tdd-uplink-location_3/raw-uplink/veh-001/ack bytes=32 forwarded=1
1787067187.944570 publish topic=edge4av/airspan-tdd-uplink-location_3/raw-uplink/veh-001/request bytes=512032 forwarded=1
1787067187.947416 publish topic=edge4av/airspan-tdd-uplink-location_3/raw-uplink/veh-001/ack bytes=32 forwarded=1
1787067196.414954 publish topic=edge4av/airspan-tdd-uplink-location_3/raw-uplink/veh-001/request bytes=512032 forwarded=1
1787067196.419534 publish topic=edge4av/airspan-tdd-uplink-location_3/raw-uplink/veh-001/ack bytes=32 forwarded=1
1787067205.921612 publish topic=edge4av/airspan-tdd-uplink-location_3/raw-uplink/veh-001/request bytes=512032 forwarded=1
1787067205.924644 publish topic=edge4av/airspan-tdd-uplink-location_3/raw-uplink/veh-001/ack bytes=32 forwarded=1
1787067216.012435 publish topic=edge4av/airspan-tdd-uplink-location_3/raw-uplink/veh-001/request bytes=512032 forwarded=1
1787067216.014935 publish topic=edge4av/airspan-tdd-uplink-location_3/raw-uplink/veh-001/ack bytes=32 forwarded=1
1787067225.297825 publish topic=edge4av/airspan-tdd-uplink-location_3/raw-uplink/veh-001/request bytes=512032 forwarded=1
1787067225.303274 publish topic=edge4av/airspan-tdd-uplink-location_3/raw-uplink/veh-001/ack bytes=32 forwarded=1
1787067232.784861 publish topic=edge4av/airspan-tdd-uplink-location_3/raw-uplink/veh-001/request bytes=512032 forwarded=1
1787067232.786489 publish topic=edge4av/airspan-tdd-uplink-location_3/raw-uplink/veh-001/ack bytes=32 forwarded=1
1787067241.190205 publish topic=edge4av/airspan-tdd-uplink-location_3/raw-uplink/veh-001/request bytes=512032 forwarded=1
1787067241.194794 publish topic=edge4av/airspan-tdd-uplink-location_3/raw-uplink/veh-001/ack bytes=32 forwarded=1
1787067249.528913 publish topic=edge4av/airspan-tdd-uplink-location_3/raw-uplink/veh-001/request bytes=512032 forwarded=1
1787067249.531157 publish topic=edge4av/airspan-tdd-uplink-location_3/raw-uplink/veh-001/ack bytes=32 forwarded=1
1787067259.226199 publish topic=edge4av/airspan-tdd-uplink-location_3/raw-uplink/veh-001/request bytes=512032 forwarded=1
1787067259.230685 publish topic=edge4av/airspan-tdd-uplink-location_3/raw-uplink/veh-001/ack bytes=32 forwarded=1
1787067267.635164 publish topic=edge4av/airspan-tdd-uplink-location_3/raw-uplink/veh-001/request bytes=512032 forwarded=1
1787067267.639941 publish topic=edge4av/airspan-tdd-uplink-location_3/raw-uplink/veh-001/ack bytes=32 forwarded=1
1787067278.483673 publish topic=edge4av/airspan-tdd-uplink-location_3/raw-uplink/veh-001/request bytes=512032 forwarded=1
1787067278.486494 publish topic=edge4av/airspan-tdd-uplink-location_3/raw-uplink/veh-001/ack bytes=32 forwarded=1
1787067286.473460 publish topic=edge4av/airspan-tdd-uplink-location_3/raw-uplink/veh-001/request bytes=512032 forwarded=1
1787067286.478058 publish topic=edge4av/airspan-tdd-uplink-location_3/raw-uplink/veh-001/ack bytes=32 forwarded=1
1787067295.568650 publish topic=edge4av/airspan-tdd-uplink-location_3/raw-uplink/veh-001/request bytes=512032 forwarded=1
1787067295.570265 publish topic=edge4av/airspan-tdd-uplink-location_3/raw-uplink/veh-001/ack bytes=32 forwarded=1
1787067302.778406 publish topic=edge4av/airspan-tdd-uplink-location_3/raw-uplink/veh-001/request bytes=512032 forwarded=1
1787067302.783065 publish topic=edge4av/airspan-tdd-uplink-location_3/raw-uplink/veh-001/ack bytes=32 forwarded=1
1787067311.196260 publish topic=edge4av/airspan-tdd-uplink-location_3/raw-uplink/veh-001/request bytes=512032 forwarded=1
1787067311.200553 publish topic=edge4av/airspan-tdd-uplink-location_3/raw-uplink/veh-001/ack bytes=32 forwarded=1
1787067319.195411 publish topic=edge4av/airspan-tdd-uplink-location_3/raw-uplink/veh-001/request bytes=512032 forwarded=1
1787067319.200039 publish topic=edge4av/airspan-tdd-uplink-location_3/raw-uplink/veh-001/ack bytes=32 forwarded=1
1787067327.037091 publish topic=edge4av/airspan-tdd-uplink-location_3/raw-uplink/veh-001/request bytes=512032 forwarded=1
1787067327.043121 publish topic=edge4av/airspan-tdd-uplink-location_3/raw-uplink/veh-001/ack bytes=32 forwarded=1
1787067335.458960 publish topic=edge4av/airspan-tdd-uplink-location_3/raw-uplink/veh-001/request bytes=512032 forwarded=1
1787067335.463703 publish topic=edge4av/airspan-tdd-uplink-location_3/raw-uplink/veh-001/ack bytes=32 forwarded=1
1787067343.679166 publish topic=edge4av/airspan-tdd-uplink-location_3/raw-uplink/veh-001/request bytes=512032 forwarded=1
1787067343.682581 publish topic=edge4av/airspan-tdd-uplink-location_3/raw-uplink/veh-001/ack bytes=32 forwarded=1
1787067351.058824 publish topic=edge4av/airspan-tdd-uplink-location_3/raw-uplink/veh-001/request bytes=512032 forwarded=1
1787067351.063558 publish topic=edge4av/airspan-tdd-uplink-location_3/raw-uplink/veh-001/ack bytes=32 forwarded=1
1787067358.761048 publish topic=edge4av/airspan-tdd-uplink-location_3/raw-uplink/veh-001/request bytes=512032 forwarded=1
1787067358.764132 publish topic=edge4av/airspan-tdd-uplink-location_3/raw-uplink/veh-001/ack bytes=32 forwarded=1
1787067366.394685 publish topic=edge4av/airspan-tdd-uplink-location_3/raw-uplink/veh-001/request bytes=512032 forwarded=1
1787067366.399401 publish topic=edge4av/airspan-tdd-uplink-location_3/raw-uplink/veh-001/ack bytes=32 forwarded=1
1787067373.236333 publish topic=edge4av/airspan-tdd-uplink-location_3/raw-uplink/veh-001/request bytes=512032 forwarded=1
1787067373.241724 publish topic=edge4av/airspan-tdd-uplink-location_3/raw-uplink/veh-001/ack bytes=32 forwarded=1
1787067380.773657 publish topic=edge4av/airspan-tdd-uplink-location_3/raw-uplink/veh-001/request bytes=512032 forwarded=1
1787067380.778403 publish topic=edge4av/airspan-tdd-uplink-location_3/raw-uplink/veh-001/ack bytes=32 forwarded=1
1787067388.083247 publish topic=edge4av/airspan-tdd-uplink-location_3/raw-uplink/veh-001/request bytes=512032 forwarded=1
1787067388.088633 publish topic=edge4av/airspan-tdd-uplink-location_3/raw-uplink/veh-001/ack bytes=32 forwarded=1
1787067395.821676 publish topic=edge4av/airspan-tdd-uplink-location_3/raw-uplink/veh-001/request bytes=512032 forwarded=1
1787067395.824951 publish topic=edge4av/airspan-tdd-uplink-location_3/raw-uplink/veh-001/ack bytes=32 forwarded=1
1787067403.571623 publish topic=edge4av/airspan-tdd-uplink-location_3/raw-uplink/veh-001/request bytes=512032 forwarded=1
1787067403.576045 publish topic=edge4av/airspan-tdd-uplink-location_3/raw-uplink/veh-001/ack bytes=32 forwarded=1
1787067411.394430 publish topic=edge4av/airspan-tdd-uplink-location_3/raw-uplink/veh-001/request bytes=512032 forwarded=1
1787067411.399041 publish topic=edge4av/airspan-tdd-uplink-location_3/raw-uplink/veh-001/ack bytes=32 forwarded=1
1787067420.033129 publish topic=edge4av/airspan-tdd-uplink-location_3/raw-uplink/veh-001/request bytes=512032 forwarded=1
1787067420.038709 publish topic=edge4av/airspan-tdd-uplink-location_3/raw-uplink/veh-001/ack bytes=32 forwarded=1
1787067429.986515 publish topic=edge4av/airspan-tdd-uplink-location_3/raw-uplink/veh-001/request bytes=512032 forwarded=1
1787067429.991274 publish topic=edge4av/airspan-tdd-uplink-location_3/raw-uplink/veh-001/ack bytes=32 forwarded=1
1787067439.329231 publish topic=edge4av/airspan-tdd-uplink-location_3/raw-uplink/veh-001/request bytes=512032 forwarded=1
1787067439.334549 publish topic=edge4av/airspan-tdd-uplink-location_3/raw-uplink/veh-001/ack bytes=32 forwarded=1
1787067446.399053 publish topic=edge4av/airspan-tdd-uplink-location_3/raw-uplink/veh-001/request bytes=512032 forwarded=1
1787067446.402325 publish topic=edge4av/airspan-tdd-uplink-location_3/raw-uplink/veh-001/ack bytes=32 forwarded=1
1787067453.679741 publish topic=edge4av/airspan-tdd-uplink-location_3/raw-uplink/veh-001/request bytes=512032 forwarded=1
1787067453.681127 publish topic=edge4av/airspan-tdd-uplink-location_3/raw-uplink/veh-001/ack bytes=32 forwarded=1
1787067460.418798 publish topic=edge4av/airspan-tdd-uplink-location_3/raw-uplink/veh-001/request bytes=512032 forwarded=1
1787067460.423501 publish topic=edge4av/airspan-tdd-uplink-location_3/raw-uplink/veh-001/ack bytes=32 forwarded=1
1787067467.341486 publish topic=edge4av/airspan-tdd-uplink-location_3/raw-uplink/veh-001/request bytes=512032 forwarded=1
1787067467.345933 publish topic=edge4av/airspan-tdd-uplink-location_3/raw-uplink/veh-001/ack bytes=32 forwarded=1
1787067475.957778 publish topic=edge4av/airspan-tdd-uplink-location_3/raw-uplink/veh-001/request bytes=512032 forwarded=1
1787067475.959607 publish topic=edge4av/airspan-tdd-uplink-location_3/raw-uplink/veh-001/ack bytes=32 forwarded=1
1787067482.620365 publish topic=edge4av/airspan-tdd-uplink-location_3/raw-uplink/veh-001/request bytes=512032 forwarded=1
1787067482.625657 publish topic=edge4av/airspan-tdd-uplink-location_3/raw-uplink/veh-001/ack bytes=32 forwarded=1
1787067490.010203 publish topic=edge4av/airspan-tdd-uplink-location_3/raw-uplink/veh-001/request bytes=512032 forwarded=1
1787067490.014846 publish topic=edge4av/airspan-tdd-uplink-location_3/raw-uplink/veh-001/ack bytes=32 forwarded=1
1787067497.272990 publish topic=edge4av/airspan-tdd-uplink-location_3/raw-uplink/veh-001/request bytes=512032 forwarded=1
1787067497.278423 publish topic=edge4av/airspan-tdd-uplink-location_3/raw-uplink/veh-001/ack bytes=32 forwarded=1
1787067505.872591 publish topic=edge4av/airspan-tdd-uplink-location_3/raw-uplink/veh-001/request bytes=512032 forwarded=1
1787067505.877487 publish topic=edge4av/airspan-tdd-uplink-location_3/raw-uplink/veh-001/ack bytes=32 forwarded=1
1787067515.238616 publish topic=edge4av/airspan-tdd-uplink-location_3/raw-uplink/veh-001/request bytes=512032 forwarded=1
1787067515.243999 publish topic=edge4av/airspan-tdd-uplink-location_3/raw-uplink/veh-001/ack bytes=32 forwarded=1
1787067523.907382 publish topic=edge4av/airspan-tdd-uplink-location_3/raw-uplink/veh-001/request bytes=512032 forwarded=1
1787067523.912071 publish topic=edge4av/airspan-tdd-uplink-location_3/raw-uplink/veh-001/ack bytes=32 forwarded=1
1787067530.590160 publish topic=edge4av/airspan-tdd-uplink-location_3/raw-uplink/veh-001/request bytes=512032 forwarded=1
1787067530.594640 publish topic=edge4av/airspan-tdd-uplink-location_3/raw-uplink/veh-001/ack bytes=32 forwarded=1
1787067539.048758 publish topic=edge4av/airspan-tdd-uplink-location_3/raw-uplink/veh-001/request bytes=512032 forwarded=1
1787067539.053448 publish topic=edge4av/airspan-tdd-uplink-location_3/raw-uplink/veh-001/ack bytes=32 forwarded=1
1787067547.413041 publish topic=edge4av/airspan-tdd-uplink-location_3/raw-uplink/veh-001/request bytes=512032 forwarded=1
1787067547.418439 publish topic=edge4av/airspan-tdd-uplink-location_3/raw-uplink/veh-001/ack bytes=32 forwarded=1
1787067555.831348 publish topic=edge4av/airspan-tdd-uplink-location_3/raw-uplink/veh-001/request bytes=512032 forwarded=1
1787067555.832816 publish topic=edge4av/airspan-tdd-uplink-location_3/raw-uplink/veh-001/ack bytes=32 forwarded=1
1787067562.902014 publish topic=edge4av/airspan-tdd-uplink-location_3/raw-uplink/veh-001/request bytes=512032 forwarded=1
1787067562.904960 publish topic=edge4av/airspan-tdd-uplink-location_3/raw-uplink/veh-001/ack bytes=32 forwarded=1
1787067569.901928 publish topic=edge4av/airspan-tdd-uplink-location_3/raw-uplink/veh-001/request bytes=512032 forwarded=1
1787067569.904815 publish topic=edge4av/airspan-tdd-uplink-location_3/raw-uplink/veh-001/ack bytes=32 forwarded=1
1787067578.063990 publish topic=edge4av/airspan-tdd-uplink-location_3/raw-uplink/veh-001/request bytes=512032 forwarded=1
1787067578.068626 publish topic=edge4av/airspan-tdd-uplink-location_3/raw-uplink/veh-001/ack bytes=32 forwarded=1
1787067586.198210 publish topic=edge4av/airspan-tdd-uplink-location_3/raw-uplink/veh-001/request bytes=512032 forwarded=1
1787067586.202988 publish topic=edge4av/airspan-tdd-uplink-location_3/raw-uplink/veh-001/ack bytes=32 forwarded=1
1787067594.456999 publish topic=edge4av/airspan-tdd-uplink-location_3/raw-uplink/veh-001/request bytes=512032 forwarded=1
1787067594.462476 publish topic=edge4av/airspan-tdd-uplink-location_3/raw-uplink/veh-001/ack bytes=32 forwarded=1
1787067602.120748 publish topic=edge4av/airspan-tdd-uplink-location_3/raw-uplink/veh-001/request bytes=512032 forwarded=1
1787067602.123221 publish topic=edge4av/airspan-tdd-uplink-location_3/raw-uplink/veh-001/ack bytes=32 forwarded=1
1787067609.289416 publish topic=edge4av/airspan-tdd-uplink-location_3/raw-uplink/veh-001/request bytes=512032 forwarded=1
1787067609.294739 publish topic=edge4av/airspan-tdd-uplink-location_3/raw-uplink/veh-001/ack bytes=32 forwarded=1
1787067616.553430 publish topic=edge4av/airspan-tdd-uplink-location_3/raw-uplink/veh-001/request bytes=512032 forwarded=1
1787067616.558014 publish topic=edge4av/airspan-tdd-uplink-location_3/raw-uplink/veh-001/ack bytes=32 forwarded=1
1787067623.571034 publish topic=edge4av/airspan-tdd-uplink-location_3/raw-uplink/veh-001/request bytes=512032 forwarded=1
1787067623.575701 publish topic=edge4av/airspan-tdd-uplink-location_3/raw-uplink/veh-001/ack bytes=32 forwarded=1
1787067631.363582 publish topic=edge4av/airspan-tdd-uplink-location_3/raw-uplink/veh-001/request bytes=512032 forwarded=1
1787067631.369863 publish topic=edge4av/airspan-tdd-uplink-location_3/raw-uplink/veh-001/ack bytes=32 forwarded=1
1787067639.492115 publish topic=edge4av/airspan-tdd-uplink-location_3/raw-uplink/veh-001/request bytes=512032 forwarded=1
1787067639.497595 publish topic=edge4av/airspan-tdd-uplink-location_3/raw-uplink/veh-001/ack bytes=32 forwarded=1
1787067648.977407 publish topic=edge4av/airspan-tdd-uplink-location_3/raw-uplink/veh-001/request bytes=512032 forwarded=1
1787067648.982078 publish topic=edge4av/airspan-tdd-uplink-location_3/raw-uplink/veh-001/ack bytes=32 forwarded=1
1787067657.636755 publish topic=edge4av/airspan-tdd-uplink-location_3/raw-uplink/veh-001/request bytes=512032 forwarded=1
1787067657.642139 publish topic=edge4av/airspan-tdd-uplink-location_3/raw-uplink/veh-001/ack bytes=32 forwarded=1
1787067665.060247 publish topic=edge4av/airspan-tdd-uplink-location_3/raw-uplink/veh-001/request bytes=512032 forwarded=1
1787067665.066014 publish topic=edge4av/airspan-tdd-uplink-location_3/raw-uplink/veh-001/ack bytes=32 forwarded=1
1787067671.887829 publish topic=edge4av/airspan-tdd-uplink-location_3/raw-uplink/veh-001/request bytes=512032 forwarded=1
1787067671.892340 publish topic=edge4av/airspan-tdd-uplink-location_3/raw-uplink/veh-001/ack bytes=32 forwarded=1
1787067680.452630 publish topic=edge4av/airspan-tdd-uplink-location_3/raw-uplink/veh-001/request bytes=512032 forwarded=1
1787067680.457564 publish topic=edge4av/airspan-tdd-uplink-location_3/raw-uplink/veh-001/ack bytes=32 forwarded=1
1787067687.780297 publish topic=edge4av/airspan-tdd-uplink-location_3/raw-uplink/veh-001/request bytes=512032 forwarded=1
1787067687.784759 publish topic=edge4av/airspan-tdd-uplink-location_3/raw-uplink/veh-001/ack bytes=32 forwarded=1
1787067695.853451 publish topic=edge4av/airspan-tdd-uplink-location_3/raw-uplink/veh-001/request bytes=512032 forwarded=1
1787067695.856704 publish topic=edge4av/airspan-tdd-uplink-location_3/raw-uplink/veh-001/ack bytes=32 forwarded=1
1787067702.561100 publish topic=edge4av/airspan-tdd-uplink-location_3/raw-uplink/veh-001/request bytes=512032 forwarded=1
1787067702.563985 publish topic=edge4av/airspan-tdd-uplink-location_3/raw-uplink/veh-001/ack bytes=32 forwarded=1
1787067710.092886 publish topic=edge4av/airspan-tdd-uplink-location_3/raw-uplink/veh-001/request bytes=512032 forwarded=1
1787067710.095426 publish topic=edge4av/airspan-tdd-uplink-location_3/raw-uplink/veh-001/ack bytes=32 forwarded=1
1787067718.212497 publish topic=edge4av/airspan-tdd-uplink-location_3/raw-uplink/veh-001/request bytes=512032 forwarded=1
1787067718.217913 publish topic=edge4av/airspan-tdd-uplink-location_3/raw-uplink/veh-001/ack bytes=32 forwarded=1
1787067726.094664 publish topic=edge4av/airspan-tdd-uplink-location_3/raw-uplink/veh-001/request bytes=512032 forwarded=1
1787067726.097044 publish topic=edge4av/airspan-tdd-uplink-location_3/raw-uplink/veh-001/ack bytes=32 forwarded=1
1787067733.223840 publish topic=edge4av/airspan-tdd-uplink-location_3/raw-uplink/veh-001/request bytes=512032 forwarded=1
1787067733.229182 publish topic=edge4av/airspan-tdd-uplink-location_3/raw-uplink/veh-001/ack bytes=32 forwarded=1
1787067741.069044 publish topic=edge4av/airspan-tdd-uplink-location_3/raw-uplink/veh-001/request bytes=512032 forwarded=1
1787067741.073955 publish topic=edge4av/airspan-tdd-uplink-location_3/raw-uplink/veh-001/ack bytes=32 forwarded=1
1787067748.785800 publish topic=edge4av/airspan-tdd-uplink-location_3/raw-uplink/veh-001/request bytes=512032 forwarded=1
1787067748.787824 publish topic=edge4av/airspan-tdd-uplink-location_3/raw-uplink/veh-001/ack bytes=32 forwarded=1
1787067756.850515 publish topic=edge4av/airspan-tdd-uplink-location_3/raw-uplink/veh-001/request bytes=512032 forwarded=1
1787067756.855114 publish topic=edge4av/airspan-tdd-uplink-location_3/raw-uplink/veh-001/ack bytes=32 forwarded=1
1787067764.737925 publish topic=edge4av/airspan-tdd-uplink-location_3/raw-uplink/veh-001/request bytes=512032 forwarded=1
1787067764.742432 publish topic=edge4av/airspan-tdd-uplink-location_3/raw-uplink/veh-001/ack bytes=32 forwarded=1
1787067772.541525 publish topic=edge4av/airspan-tdd-uplink-location_3/raw-uplink/veh-001/request bytes=512032 forwarded=1
1787067772.546143 publish topic=edge4av/airspan-tdd-uplink-location_3/raw-uplink/veh-001/ack bytes=32 forwarded=1
1787067780.337886 publish topic=edge4av/airspan-tdd-uplink-location_3/raw-uplink/veh-001/request bytes=512032 forwarded=1
1787067780.343258 publish topic=edge4av/airspan-tdd-uplink-location_3/raw-uplink/veh-001/ack bytes=32 forwarded=1
1787067788.281305 publish topic=edge4av/airspan-tdd-uplink-location_3/raw-uplink/veh-001/request bytes=512032 forwarded=1
1787067788.285979 publish topic=edge4av/airspan-tdd-uplink-location_3/raw-uplink/veh-001/ack bytes=32 forwarded=1
1787067797.129156 publish topic=edge4av/airspan-tdd-uplink-location_3/raw-uplink/veh-001/request bytes=512032 forwarded=1
1787067797.135125 publish topic=edge4av/airspan-tdd-uplink-location_3/raw-uplink/veh-001/ack bytes=32 forwarded=1
1787067806.024689 publish topic=edge4av/airspan-tdd-uplink-location_3/raw-uplink/veh-001/request bytes=512032 forwarded=1
1787067806.029947 publish topic=edge4av/airspan-tdd-uplink-location_3/raw-uplink/veh-001/ack bytes=32 forwarded=1
1787067814.324110 publish topic=edge4av/airspan-tdd-uplink-location_3/raw-uplink/veh-001/request bytes=512032 forwarded=1
1787067814.329546 publish topic=edge4av/airspan-tdd-uplink-location_3/raw-uplink/veh-001/ack bytes=32 forwarded=1
1787067821.707418 publish topic=edge4av/airspan-tdd-uplink-location_3/raw-uplink/veh-001/request bytes=512032 forwarded=1
1787067821.713069 publish topic=edge4av/airspan-tdd-uplink-location_3/raw-uplink/veh-001/ack bytes=32 forwarded=1
1787067829.374120 publish topic=edge4av/airspan-tdd-uplink-location_3/raw-uplink/veh-001/request bytes=512032 forwarded=1
1787067829.375530 publish topic=edge4av/airspan-tdd-uplink-location_3/raw-uplink/veh-001/ack bytes=32 forwarded=1
1787067836.577177 publish topic=edge4av/airspan-tdd-uplink-location_3/raw-uplink/veh-001/request bytes=512032 forwarded=1
1787067836.581800 publish topic=edge4av/airspan-tdd-uplink-location_3/raw-uplink/veh-001/ack bytes=32 forwarded=1
1787067844.364927 publish topic=edge4av/airspan-tdd-uplink-location_3/raw-uplink/veh-001/request bytes=512032 forwarded=1
1787067844.370191 publish topic=edge4av/airspan-tdd-uplink-location_3/raw-uplink/veh-001/ack bytes=32 forwarded=1
1787067852.679358 publish topic=edge4av/airspan-tdd-uplink-location_3/raw-uplink/veh-001/request bytes=512032 forwarded=1
1787067852.683950 publish topic=edge4av/airspan-tdd-uplink-location_3/raw-uplink/veh-001/ack bytes=32 forwarded=1
1787067859.676502 publish topic=edge4av/airspan-tdd-uplink-location_3/raw-uplink/veh-001/request bytes=512032 forwarded=1
1787067859.681922 publish topic=edge4av/airspan-tdd-uplink-location_3/raw-uplink/veh-001/ack bytes=32 forwarded=1
1787067867.029459 publish topic=edge4av/airspan-tdd-uplink-location_3/raw-uplink/veh-001/request bytes=512032 forwarded=1
1787067867.034105 publish topic=edge4av/airspan-tdd-uplink-location_3/raw-uplink/veh-001/ack bytes=32 forwarded=1
1787067876.198934 publish topic=edge4av/airspan-tdd-uplink-location_3/raw-uplink/veh-001/request bytes=512032 forwarded=1
1787067876.204299 publish topic=edge4av/airspan-tdd-uplink-location_3/raw-uplink/veh-001/ack bytes=32 forwarded=1
1787067885.824638 publish topic=edge4av/airspan-tdd-uplink-location_3/raw-uplink/veh-001/request bytes=512032 forwarded=1
1787067885.829206 publish topic=edge4av/airspan-tdd-uplink-location_3/raw-uplink/veh-001/ack bytes=32 forwarded=1
1787067895.844970 publish topic=edge4av/airspan-tdd-uplink-location_3/raw-uplink/veh-001/request bytes=512032 forwarded=1
1787067895.850307 publish topic=edge4av/airspan-tdd-uplink-location_3/raw-uplink/veh-001/ack bytes=32 forwarded=1
1787067905.172913 publish topic=edge4av/airspan-tdd-uplink-location_3/raw-uplink/veh-001/request bytes=512032 forwarded=1
1787067905.177872 publish topic=edge4av/airspan-tdd-uplink-location_3/raw-uplink/veh-001/ack bytes=32 forwarded=1
1787067914.031458 publish topic=edge4av/airspan-tdd-uplink-location_3/raw-uplink/veh-001/request bytes=512032 forwarded=1
1787067914.036880 publish topic=edge4av/airspan-tdd-uplink-location_3/raw-uplink/veh-001/ack bytes=32 forwarded=1
1787067921.714952 publish topic=edge4av/airspan-tdd-uplink-location_3/raw-uplink/veh-001/request bytes=512032 forwarded=1
1787067921.719734 publish topic=edge4av/airspan-tdd-uplink-location_3/raw-uplink/veh-001/ack bytes=32 forwarded=1
1787067930.133633 publish topic=edge4av/airspan-tdd-uplink-location_3/raw-uplink/veh-001/request bytes=512032 forwarded=1
1787067930.137776 publish topic=edge4av/airspan-tdd-uplink-location_3/raw-uplink/veh-001/ack bytes=32 forwarded=1
1787067937.337518 publish topic=edge4av/airspan-tdd-uplink-location_3/raw-uplink/veh-001/request bytes=512032 forwarded=1
1787067937.342263 publish topic=edge4av/airspan-tdd-uplink-location_3/raw-uplink/veh-001/ack bytes=32 forwarded=1
1787067944.813678 publish topic=edge4av/airspan-tdd-uplink-location_3/raw-uplink/veh-001/request bytes=512032 forwarded=1
1787067944.819460 publish topic=edge4av/airspan-tdd-uplink-location_3/raw-uplink/veh-001/ack bytes=32 forwarded=1
1787067953.257414 publish topic=edge4av/airspan-tdd-uplink-location_3/raw-uplink/veh-001/request bytes=512032 forwarded=1
1787067953.262178 publish topic=edge4av/airspan-tdd-uplink-location_3/raw-uplink/veh-001/ack bytes=32 forwarded=1
1787067960.613631 publish topic=edge4av/airspan-tdd-uplink-location_3/raw-uplink/veh-001/request bytes=512032 forwarded=1
1787067960.619004 publish topic=edge4av/airspan-tdd-uplink-location_3/raw-uplink/veh-001/ack bytes=32 forwarded=1
1787067969.108313 publish topic=edge4av/airspan-tdd-uplink-location_3/raw-uplink/veh-001/request bytes=512032 forwarded=1
1787067969.112953 publish topic=edge4av/airspan-tdd-uplink-location_3/raw-uplink/veh-001/ack bytes=32 forwarded=1
1787067977.887072 publish topic=edge4av/airspan-tdd-uplink-location_3/raw-uplink/veh-001/request bytes=512032 forwarded=1
1787067977.892395 publish topic=edge4av/airspan-tdd-uplink-location_3/raw-uplink/veh-001/ack bytes=32 forwarded=1
1787067986.732355 publish topic=edge4av/airspan-tdd-uplink-location_3/raw-uplink/veh-001/request bytes=512032 forwarded=1
1787067986.736999 publish topic=edge4av/airspan-tdd-uplink-location_3/raw-uplink/veh-001/ack bytes=32 forwarded=1
1787067995.732017 publish topic=edge4av/airspan-tdd-uplink-location_3/raw-uplink/veh-001/request bytes=512032 forwarded=1
1787067995.737454 publish topic=edge4av/airspan-tdd-uplink-location_3/raw-uplink/veh-001/ack bytes=32 forwarded=1
1787068003.602835 publish topic=edge4av/airspan-tdd-uplink-location_3/raw-uplink/veh-001/request bytes=512032 forwarded=1
1787068003.604567 publish topic=edge4av/airspan-tdd-uplink-location_3/raw-uplink/veh-001/ack bytes=32 forwarded=1
1787068010.524023 publish topic=edge4av/airspan-tdd-uplink-location_3/raw-uplink/veh-001/request bytes=512032 forwarded=1
1787068010.529334 publish topic=edge4av/airspan-tdd-uplink-location_3/raw-uplink/veh-001/ack bytes=32 forwarded=1
1787068017.913420 publish topic=edge4av/airspan-tdd-uplink-location_3/raw-uplink/veh-001/request bytes=512032 forwarded=1
1787068017.915656 publish topic=edge4av/airspan-tdd-uplink-location_3/raw-uplink/veh-001/ack bytes=32 forwarded=1
1787068026.776491 publish topic=edge4av/airspan-tdd-uplink-location_3/raw-uplink/veh-001/request bytes=512032 forwarded=1
1787068026.780918 publish topic=edge4av/airspan-tdd-uplink-location_3/raw-uplink/veh-001/ack bytes=32 forwarded=1
1787068034.792154 publish topic=edge4av/airspan-tdd-uplink-location_3/raw-uplink/veh-001/request bytes=512032 forwarded=1
1787068034.796812 publish topic=edge4av/airspan-tdd-uplink-location_3/raw-uplink/veh-001/ack bytes=32 forwarded=1
1787068043.185909 publish topic=edge4av/airspan-tdd-uplink-location_3/raw-uplink/veh-001/request bytes=512032 forwarded=1
1787068043.191230 publish topic=edge4av/airspan-tdd-uplink-location_3/raw-uplink/veh-001/ack bytes=32 forwarded=1
1787068051.059216 publish topic=edge4av/airspan-tdd-uplink-location_3/raw-uplink/veh-001/request bytes=512032 forwarded=1
1787068051.063890 publish topic=edge4av/airspan-tdd-uplink-location_3/raw-uplink/veh-001/ack bytes=32 forwarded=1
1787068058.379025 publish topic=edge4av/airspan-tdd-uplink-location_3/raw-uplink/veh-001/request bytes=512032 forwarded=1
1787068058.384356 publish topic=edge4av/airspan-tdd-uplink-location_3/raw-uplink/veh-001/ack bytes=32 forwarded=1
1787068067.047726 publish topic=edge4av/airspan-tdd-uplink-location_3/raw-uplink/veh-001/request bytes=512032 forwarded=1
1787068067.052425 publish topic=edge4av/airspan-tdd-uplink-location_3/raw-uplink/veh-001/ack bytes=32 forwarded=1
1787068073.816561 publish topic=edge4av/airspan-tdd-uplink-location_3/raw-uplink/veh-001/request bytes=512032 forwarded=1
1787068073.820997 publish topic=edge4av/airspan-tdd-uplink-location_3/raw-uplink/veh-001/ack bytes=32 forwarded=1
1787068082.167262 publish topic=edge4av/airspan-tdd-uplink-location_3/raw-uplink/veh-001/request bytes=512032 forwarded=1
1787068082.170776 publish topic=edge4av/airspan-tdd-uplink-location_3/raw-uplink/veh-001/ack bytes=32 forwarded=1
1787068089.228560 publish topic=edge4av/airspan-tdd-uplink-location_3/raw-uplink/veh-001/request bytes=512032 forwarded=1
1787068089.234860 publish topic=edge4av/airspan-tdd-uplink-location_3/raw-uplink/veh-001/ack bytes=32 forwarded=1
1787068096.356162 publish topic=edge4av/airspan-tdd-uplink-location_3/raw-uplink/veh-001/request bytes=512032 forwarded=1
1787068096.361623 publish topic=edge4av/airspan-tdd-uplink-location_3/raw-uplink/veh-001/ack bytes=32 forwarded=1
1787068104.756172 publish topic=edge4av/airspan-tdd-uplink-location_3/raw-uplink/veh-001/request bytes=512032 forwarded=1
1787068104.759367 publish topic=edge4av/airspan-tdd-uplink-location_3/raw-uplink/veh-001/ack bytes=32 forwarded=1
1787068112.937532 publish topic=edge4av/airspan-tdd-uplink-location_3/raw-uplink/veh-001/request bytes=512032 forwarded=1
1787068112.938919 publish topic=edge4av/airspan-tdd-uplink-location_3/raw-uplink/veh-001/ack bytes=32 forwarded=1
1787068120.246984 publish topic=edge4av/airspan-tdd-uplink-location_3/raw-uplink/veh-001/request bytes=512032 forwarded=1
1787068120.249128 publish topic=edge4av/airspan-tdd-uplink-location_3/raw-uplink/veh-001/ack bytes=32 forwarded=1
1787068127.537761 publish topic=edge4av/airspan-tdd-uplink-location_3/raw-uplink/veh-001/request bytes=512032 forwarded=1
1787068127.543453 publish topic=edge4av/airspan-tdd-uplink-location_3/raw-uplink/veh-001/ack bytes=32 forwarded=1
1787068135.918921 publish topic=edge4av/airspan-tdd-uplink-location_3/raw-uplink/veh-001/request bytes=512032 forwarded=1
1787068135.923205 publish topic=edge4av/airspan-tdd-uplink-location_3/raw-uplink/veh-001/ack bytes=32 forwarded=1
1787068145.095149 publish topic=edge4av/airspan-tdd-uplink-location_3/raw-uplink/veh-001/request bytes=512032 forwarded=1
1787068145.099967 publish topic=edge4av/airspan-tdd-uplink-location_3/raw-uplink/veh-001/ack bytes=32 forwarded=1
1787068153.496534 publish topic=edge4av/airspan-tdd-uplink-location_3/raw-uplink/veh-001/request bytes=512032 forwarded=1
1787068153.500962 publish topic=edge4av/airspan-tdd-uplink-location_3/raw-uplink/veh-001/ack bytes=32 forwarded=1
1787068161.206808 publish topic=edge4av/airspan-tdd-uplink-location_3/raw-uplink/veh-001/request bytes=512032 forwarded=1
1787068161.208503 publish topic=edge4av/airspan-tdd-uplink-location_3/raw-uplink/veh-001/ack bytes=32 forwarded=1
1787068168.848193 publish topic=edge4av/airspan-tdd-uplink-location_3/raw-uplink/veh-001/request bytes=512032 forwarded=1
1787068168.852819 publish topic=edge4av/airspan-tdd-uplink-location_3/raw-uplink/veh-001/ack bytes=32 forwarded=1
1787068176.759469 publish topic=edge4av/airspan-tdd-uplink-location_3/raw-uplink/veh-001/request bytes=512032 forwarded=1
1787068176.764350 publish topic=edge4av/airspan-tdd-uplink-location_3/raw-uplink/veh-001/ack bytes=32 forwarded=1
1787068184.911592 publish topic=edge4av/airspan-tdd-uplink-location_3/raw-uplink/veh-001/request bytes=512032 forwarded=1
1787068184.916076 publish topic=edge4av/airspan-tdd-uplink-location_3/raw-uplink/veh-001/ack bytes=32 forwarded=1
1787068192.332764 publish topic=edge4av/airspan-tdd-uplink-location_3/raw-uplink/veh-001/request bytes=512032 forwarded=1
1787068192.337861 publish topic=edge4av/airspan-tdd-uplink-location_3/raw-uplink/veh-001/ack bytes=32 forwarded=1
1787068200.634483 publish topic=edge4av/airspan-tdd-uplink-location_3/raw-uplink/veh-001/request bytes=512032 forwarded=1
1787068200.639784 publish topic=edge4av/airspan-tdd-uplink-location_3/raw-uplink/veh-001/ack bytes=32 forwarded=1
1787068208.325424 publish topic=edge4av/airspan-tdd-uplink-location_3/raw-uplink/veh-001/request bytes=512032 forwarded=1
1787068208.328934 publish topic=edge4av/airspan-tdd-uplink-location_3/raw-uplink/veh-001/ack bytes=32 forwarded=1
1787068215.435944 publish topic=edge4av/airspan-tdd-uplink-location_3/raw-uplink/veh-001/request bytes=512032 forwarded=1
1787068215.441281 publish topic=edge4av/airspan-tdd-uplink-location_3/raw-uplink/veh-001/ack bytes=32 forwarded=1
1787068222.956507 publish topic=edge4av/airspan-tdd-uplink-location_3/raw-uplink/veh-001/request bytes=512032 forwarded=1
1787068222.962027 publish topic=edge4av/airspan-tdd-uplink-location_3/raw-uplink/veh-001/ack bytes=32 forwarded=1
1787068230.075874 publish topic=edge4av/airspan-tdd-uplink-location_3/raw-uplink/veh-001/request bytes=512032 forwarded=1
1787068230.077826 publish topic=edge4av/airspan-tdd-uplink-location_3/raw-uplink/veh-001/ack bytes=32 forwarded=1
1787068237.587834 publish topic=edge4av/airspan-tdd-uplink-location_3/raw-uplink/veh-001/request bytes=512032 forwarded=1
1787068237.592514 publish topic=edge4av/airspan-tdd-uplink-location_3/raw-uplink/veh-001/ack bytes=32 forwarded=1
1787068246.061206 publish topic=edge4av/airspan-tdd-uplink-location_3/raw-uplink/veh-001/request bytes=512032 forwarded=1
1787068246.066629 publish topic=edge4av/airspan-tdd-uplink-location_3/raw-uplink/veh-001/ack bytes=32 forwarded=1
1787068253.171946 publish topic=edge4av/airspan-tdd-uplink-location_3/raw-uplink/veh-001/request bytes=512032 forwarded=1
1787068253.175436 publish topic=edge4av/airspan-tdd-uplink-location_3/raw-uplink/veh-001/ack bytes=32 forwarded=1
1787068260.933237 publish topic=edge4av/airspan-tdd-uplink-location_3/raw-uplink/veh-001/request bytes=512032 forwarded=1
1787068260.938550 publish topic=edge4av/airspan-tdd-uplink-location_3/raw-uplink/veh-001/ack bytes=32 forwarded=1
1787068267.773504 publish topic=edge4av/airspan-tdd-uplink-location_3/raw-uplink/veh-001/request bytes=512032 forwarded=1
1787068267.778265 publish topic=edge4av/airspan-tdd-uplink-location_3/raw-uplink/veh-001/ack bytes=32 forwarded=1
1787068275.174398 publish topic=edge4av/airspan-tdd-uplink-location_3/raw-uplink/veh-001/request bytes=512032 forwarded=1
1787068275.178877 publish topic=edge4av/airspan-tdd-uplink-location_3/raw-uplink/veh-001/ack bytes=32 forwarded=1
1787068281.963570 publish topic=edge4av/airspan-tdd-uplink-location_3/raw-uplink/veh-001/request bytes=512032 forwarded=1
1787068281.966070 publish topic=edge4av/airspan-tdd-uplink-location_3/raw-uplink/veh-001/ack bytes=32 forwarded=1
1787068289.433270 publish topic=edge4av/airspan-tdd-uplink-location_3/raw-uplink/veh-001/request bytes=512032 forwarded=1
1787068289.438642 publish topic=edge4av/airspan-tdd-uplink-location_3/raw-uplink/veh-001/ack bytes=32 forwarded=1
1787068296.952771 publish topic=edge4av/airspan-tdd-uplink-location_3/raw-uplink/veh-001/request bytes=512032 forwarded=1
1787068296.956331 publish topic=edge4av/airspan-tdd-uplink-location_3/raw-uplink/veh-001/ack bytes=32 forwarded=1
1787068304.454757 publish topic=edge4av/airspan-tdd-uplink-location_3/raw-uplink/veh-001/request bytes=512032 forwarded=1
1787068304.460148 publish topic=edge4av/airspan-tdd-uplink-location_3/raw-uplink/veh-001/ack bytes=32 forwarded=1
1787068313.949240 publish topic=edge4av/airspan-tdd-uplink-location_3/raw-uplink/veh-001/request bytes=512032 forwarded=1
1787068313.952504 publish topic=edge4av/airspan-tdd-uplink-location_3/raw-uplink/veh-001/ack bytes=32 forwarded=1
1787068321.490065 publish topic=edge4av/airspan-tdd-uplink-location_3/raw-uplink/veh-001/request bytes=512032 forwarded=1
1787068321.495742 publish topic=edge4av/airspan-tdd-uplink-location_3/raw-uplink/veh-001/ack bytes=32 forwarded=1
1787068328.809866 publish topic=edge4av/airspan-tdd-uplink-location_3/raw-uplink/veh-001/request bytes=512032 forwarded=1
1787068328.814567 publish topic=edge4av/airspan-tdd-uplink-location_3/raw-uplink/veh-001/ack bytes=32 forwarded=1
1787068336.310492 publish topic=edge4av/airspan-tdd-uplink-location_3/raw-uplink/veh-001/request bytes=512032 forwarded=1
1787068336.315902 publish topic=edge4av/airspan-tdd-uplink-location_3/raw-uplink/veh-001/ack bytes=32 forwarded=1
1787068343.520715 publish topic=edge4av/airspan-tdd-uplink-location_3/raw-uplink/veh-001/request bytes=512032 forwarded=1
1787068343.524075 publish topic=edge4av/airspan-tdd-uplink-location_3/raw-uplink/veh-001/ack bytes=32 forwarded=1
1787068350.850994 publish topic=edge4av/airspan-tdd-uplink-location_3/raw-uplink/veh-001/request bytes=512032 forwarded=1
1787068350.854272 publish topic=edge4av/airspan-tdd-uplink-location_3/raw-uplink/veh-001/ack bytes=32 forwarded=1
1787068359.741927 publish topic=edge4av/airspan-tdd-uplink-location_3/raw-uplink/veh-001/request bytes=512032 forwarded=1
1787068359.745196 publish topic=edge4av/airspan-tdd-uplink-location_3/raw-uplink/veh-001/ack bytes=32 forwarded=1
1787068366.742260 publish topic=edge4av/airspan-tdd-uplink-location_3/raw-uplink/veh-001/request bytes=512032 forwarded=1
1787068366.747741 publish topic=edge4av/airspan-tdd-uplink-location_3/raw-uplink/veh-001/ack bytes=32 forwarded=1
1787068374.532692 publish topic=edge4av/airspan-tdd-uplink-location_3/raw-uplink/veh-001/request bytes=512032 forwarded=1
1787068374.537459 publish topic=edge4av/airspan-tdd-uplink-location_3/raw-uplink/veh-001/ack bytes=32 forwarded=1
1787068383.324392 publish topic=edge4av/airspan-tdd-uplink-location_3/raw-uplink/veh-001/request bytes=512032 forwarded=1
1787068383.328882 publish topic=edge4av/airspan-tdd-uplink-location_3/raw-uplink/veh-001/ack bytes=32 forwarded=1
1787068389.832540 publish topic=edge4av/airspan-tdd-uplink-location_3/raw-uplink/veh-001/request bytes=512032 forwarded=1
1787068389.834017 publish topic=edge4av/airspan-tdd-uplink-location_3/raw-uplink/veh-001/ack bytes=32 forwarded=1
1787068397.983833 publish topic=edge4av/airspan-tdd-uplink-location_3/raw-uplink/veh-001/request bytes=512032 forwarded=1
1787068397.988163 publish topic=edge4av/airspan-tdd-uplink-location_3/raw-uplink/veh-001/ack bytes=32 forwarded=1
1787068404.792901 publish topic=edge4av/airspan-tdd-uplink-location_3/raw-uplink/veh-001/request bytes=512032 forwarded=1
1787068404.797530 publish topic=edge4av/airspan-tdd-uplink-location_3/raw-uplink/veh-001/ack bytes=32 forwarded=1
1787068412.843796 publish topic=edge4av/airspan-tdd-uplink-location_3/raw-uplink/veh-001/request bytes=512032 forwarded=1
1787068412.849446 publish topic=edge4av/airspan-tdd-uplink-location_3/raw-uplink/veh-001/ack bytes=32 forwarded=1
1787068421.214788 publish topic=edge4av/airspan-tdd-uplink-location_3/raw-uplink/veh-001/request bytes=512032 forwarded=1
1787068421.219481 publish topic=edge4av/airspan-tdd-uplink-location_3/raw-uplink/veh-001/ack bytes=32 forwarded=1
1787068429.725967 publish topic=edge4av/airspan-tdd-uplink-location_3/raw-uplink/veh-001/request bytes=512032 forwarded=1
1787068429.730463 publish topic=edge4av/airspan-tdd-uplink-location_3/raw-uplink/veh-001/ack bytes=32 forwarded=1
1787068437.797237 publish topic=edge4av/airspan-tdd-uplink-location_3/raw-uplink/veh-001/request bytes=512032 forwarded=1
1787068437.801904 publish topic=edge4av/airspan-tdd-uplink-location_3/raw-uplink/veh-001/ack bytes=32 forwarded=1
1787068444.235744 publish topic=edge4av/airspan-tdd-uplink-location_3/raw-uplink/veh-001/request bytes=512032 forwarded=1
1787068444.238215 publish topic=edge4av/airspan-tdd-uplink-location_3/raw-uplink/veh-001/ack bytes=32 forwarded=1
1787068451.245863 publish topic=edge4av/airspan-tdd-uplink-location_3/raw-uplink/veh-001/request bytes=512032 forwarded=1
1787068451.247253 publish topic=edge4av/airspan-tdd-uplink-location_3/raw-uplink/veh-001/ack bytes=32 forwarded=1
1787068459.018023 publish topic=edge4av/airspan-tdd-uplink-location_3/raw-uplink/veh-001/request bytes=512032 forwarded=1
1787068459.022553 publish topic=edge4av/airspan-tdd-uplink-location_3/raw-uplink/veh-001/ack bytes=32 forwarded=1
1787068467.118419 publish topic=edge4av/airspan-tdd-uplink-location_3/raw-uplink/veh-001/request bytes=512032 forwarded=1
1787068467.120538 publish topic=edge4av/airspan-tdd-uplink-location_3/raw-uplink/veh-001/ack bytes=32 forwarded=1
1787068474.899521 publish topic=edge4av/airspan-tdd-uplink-location_3/raw-uplink/veh-001/request bytes=512032 forwarded=1
1787068474.904053 publish topic=edge4av/airspan-tdd-uplink-location_3/raw-uplink/veh-001/ack bytes=32 forwarded=1
1787068482.191187 publish topic=edge4av/airspan-tdd-uplink-location_3/raw-uplink/veh-001/request bytes=512032 forwarded=1
1787068482.195848 publish topic=edge4av/airspan-tdd-uplink-location_3/raw-uplink/veh-001/ack bytes=32 forwarded=1
1787068490.953644 publish topic=edge4av/airspan-tdd-uplink-location_3/raw-uplink/veh-001/request bytes=512032 forwarded=1
1787068490.959208 publish topic=edge4av/airspan-tdd-uplink-location_3/raw-uplink/veh-001/ack bytes=32 forwarded=1
1787068499.392520 publish topic=edge4av/airspan-tdd-uplink-location_3/raw-uplink/veh-001/request bytes=512032 forwarded=1
1787068499.397978 publish topic=edge4av/airspan-tdd-uplink-location_3/raw-uplink/veh-001/ack bytes=32 forwarded=1
1787068506.202278 publish topic=edge4av/airspan-tdd-uplink-location_3/raw-uplink/veh-001/request bytes=512032 forwarded=1
1787068506.207620 publish topic=edge4av/airspan-tdd-uplink-location_3/raw-uplink/veh-001/ack bytes=32 forwarded=1
1787068514.214152 publish topic=edge4av/airspan-tdd-uplink-location_3/raw-uplink/veh-001/request bytes=512032 forwarded=1
1787068514.220080 publish topic=edge4av/airspan-tdd-uplink-location_3/raw-uplink/veh-001/ack bytes=32 forwarded=1
1787068520.644157 publish topic=edge4av/airspan-tdd-uplink-location_3/raw-uplink/veh-001/request bytes=512032 forwarded=1
1787068520.650891 publish topic=edge4av/airspan-tdd-uplink-location_3/raw-uplink/veh-001/ack bytes=32 forwarded=1
1787068530.738651 publish topic=edge4av/airspan-tdd-uplink-location_3/raw-uplink/veh-001/request bytes=512032 forwarded=1
1787068530.741938 publish topic=edge4av/airspan-tdd-uplink-location_3/raw-uplink/veh-001/ack bytes=32 forwarded=1
1787068538.380543 publish topic=edge4av/airspan-tdd-uplink-location_3/raw-uplink/veh-001/request bytes=512032 forwarded=1
1787068538.385598 publish topic=edge4av/airspan-tdd-uplink-location_3/raw-uplink/veh-001/ack bytes=32 forwarded=1
1787068546.121968 publish topic=edge4av/airspan-tdd-uplink-location_3/raw-uplink/veh-001/request bytes=512032 forwarded=1
1787068546.126873 publish topic=edge4av/airspan-tdd-uplink-location_3/raw-uplink/veh-001/ack bytes=32 forwarded=1
1787068552.932191 publish topic=edge4av/airspan-tdd-uplink-location_3/raw-uplink/veh-001/request bytes=512032 forwarded=1
1787068552.935965 publish topic=edge4av/airspan-tdd-uplink-location_3/raw-uplink/veh-001/ack bytes=32 forwarded=1
1787068561.179877 publish topic=edge4av/airspan-tdd-uplink-location_3/raw-uplink/veh-001/request bytes=512032 forwarded=1
1787068561.184840 publish topic=edge4av/airspan-tdd-uplink-location_3/raw-uplink/veh-001/ack bytes=32 forwarded=1
1787068569.081136 publish topic=edge4av/airspan-tdd-uplink-location_3/raw-uplink/veh-001/request bytes=512032 forwarded=1
1787068569.086611 publish topic=edge4av/airspan-tdd-uplink-location_3/raw-uplink/veh-001/ack bytes=32 forwarded=1
1787068577.192266 publish topic=edge4av/airspan-tdd-uplink-location_3/raw-uplink/veh-001/request bytes=512032 forwarded=1
1787068577.195412 publish topic=edge4av/airspan-tdd-uplink-location_3/raw-uplink/veh-001/ack bytes=32 forwarded=1
1787068584.062606 publish topic=edge4av/airspan-tdd-uplink-location_3/raw-uplink/veh-001/request bytes=512032 forwarded=1
1787068584.068070 publish topic=edge4av/airspan-tdd-uplink-location_3/raw-uplink/veh-001/ack bytes=32 forwarded=1
1787068592.203478 publish topic=edge4av/airspan-tdd-uplink-location_3/raw-uplink/veh-001/request bytes=512032 forwarded=1
1787068592.208224 publish topic=edge4av/airspan-tdd-uplink-location_3/raw-uplink/veh-001/ack bytes=32 forwarded=1
1787068599.222906 publish topic=edge4av/airspan-tdd-uplink-location_3/raw-uplink/veh-001/request bytes=512032 forwarded=1
1787068599.228268 publish topic=edge4av/airspan-tdd-uplink-location_3/raw-uplink/veh-001/ack bytes=32 forwarded=1
1787068606.984915 publish topic=edge4av/airspan-tdd-uplink-location_3/raw-uplink/veh-001/request bytes=512032 forwarded=1
1787068606.989663 publish topic=edge4av/airspan-tdd-uplink-location_3/raw-uplink/veh-001/ack bytes=32 forwarded=1
1787068613.755549 publish topic=edge4av/airspan-tdd-uplink-location_3/raw-uplink/veh-001/request bytes=512032 forwarded=1
1787068613.760998 publish topic=edge4av/airspan-tdd-uplink-location_3/raw-uplink/veh-001/ack bytes=32 forwarded=1
1787068621.456850 publish topic=edge4av/airspan-tdd-uplink-location_3/raw-uplink/veh-001/request bytes=512032 forwarded=1
1787068621.461671 publish topic=edge4av/airspan-tdd-uplink-location_3/raw-uplink/veh-001/ack bytes=32 forwarded=1
1787068630.699438 publish topic=edge4av/airspan-tdd-uplink-location_3/raw-uplink/veh-001/request bytes=512032 forwarded=1
1787068630.704785 publish topic=edge4av/airspan-tdd-uplink-location_3/raw-uplink/veh-001/ack bytes=32 forwarded=1
1787068640.283250 publish topic=edge4av/airspan-tdd-uplink-location_3/raw-uplink/veh-001/request bytes=512032 forwarded=1
1787068640.288150 publish topic=edge4av/airspan-tdd-uplink-location_3/raw-uplink/veh-001/ack bytes=32 forwarded=1
1787068648.154359 publish topic=edge4av/airspan-tdd-uplink-location_3/raw-uplink/veh-001/request bytes=512032 forwarded=1
1787068648.159749 publish topic=edge4av/airspan-tdd-uplink-location_3/raw-uplink/veh-001/ack bytes=32 forwarded=1
1787068656.104566 publish topic=edge4av/airspan-tdd-uplink-location_3/raw-uplink/veh-001/request bytes=512032 forwarded=1
1787068656.108952 publish topic=edge4av/airspan-tdd-uplink-location_3/raw-uplink/veh-001/ack bytes=32 forwarded=1
1787068664.194980 publish topic=edge4av/airspan-tdd-uplink-location_3/raw-uplink/veh-001/request bytes=512032 forwarded=1
1787068664.200425 publish topic=edge4av/airspan-tdd-uplink-location_3/raw-uplink/veh-001/ack bytes=32 forwarded=1
1787068671.816097 publish topic=edge4av/airspan-tdd-uplink-location_3/raw-uplink/veh-001/request bytes=512032 forwarded=1
1787068671.820950 publish topic=edge4av/airspan-tdd-uplink-location_3/raw-uplink/veh-001/ack bytes=32 forwarded=1
1787068679.818210 publish topic=edge4av/airspan-tdd-uplink-location_3/raw-uplink/veh-001/request bytes=512032 forwarded=1
1787068679.824635 publish topic=edge4av/airspan-tdd-uplink-location_3/raw-uplink/veh-001/ack bytes=32 forwarded=1
1787068687.217082 publish topic=edge4av/airspan-tdd-uplink-location_3/raw-uplink/veh-001/request bytes=512032 forwarded=1
1787068687.222248 publish topic=edge4av/airspan-tdd-uplink-location_3/raw-uplink/veh-001/ack bytes=32 forwarded=1
1787068695.354926 publish topic=edge4av/airspan-tdd-uplink-location_3/raw-uplink/veh-001/request bytes=512032 forwarded=1
1787068695.358330 publish topic=edge4av/airspan-tdd-uplink-location_3/raw-uplink/veh-001/ack bytes=32 forwarded=1
1787068702.454890 publish topic=edge4av/airspan-tdd-uplink-location_3/raw-uplink/veh-001/request bytes=512032 forwarded=1
1787068702.459614 publish topic=edge4av/airspan-tdd-uplink-location_3/raw-uplink/veh-001/ack bytes=32 forwarded=1
1787068710.914289 publish topic=edge4av/airspan-tdd-uplink-location_3/raw-uplink/veh-001/request bytes=512032 forwarded=1
1787068710.915769 publish topic=edge4av/airspan-tdd-uplink-location_3/raw-uplink/veh-001/ack bytes=32 forwarded=1
1787068718.404514 publish topic=edge4av/airspan-tdd-uplink-location_3/raw-uplink/veh-001/request bytes=512032 forwarded=1
1787068718.409402 publish topic=edge4av/airspan-tdd-uplink-location_3/raw-uplink/veh-001/ack bytes=32 forwarded=1
1787068725.023721 publish topic=edge4av/airspan-tdd-uplink-location_3/raw-uplink/veh-001/request bytes=512032 forwarded=1
1787068725.029069 publish topic=edge4av/airspan-tdd-uplink-location_3/raw-uplink/veh-001/ack bytes=32 forwarded=1
1787068732.873364 publish topic=edge4av/airspan-tdd-uplink-location_3/raw-uplink/veh-001/request bytes=512032 forwarded=1
1787068732.875728 publish topic=edge4av/airspan-tdd-uplink-location_3/raw-uplink/veh-001/ack bytes=32 forwarded=1
1787068740.074529 publish topic=edge4av/airspan-tdd-uplink-location_3/raw-uplink/veh-001/request bytes=512032 forwarded=1
1787068740.079051 publish topic=edge4av/airspan-tdd-uplink-location_3/raw-uplink/veh-001/ack bytes=32 forwarded=1
1787068747.415244 publish topic=edge4av/airspan-tdd-uplink-location_3/raw-uplink/veh-001/request bytes=512032 forwarded=1
1787068747.420172 publish topic=edge4av/airspan-tdd-uplink-location_3/raw-uplink/veh-001/ack bytes=32 forwarded=1
1787068754.685487 publish topic=edge4av/airspan-tdd-uplink-location_3/raw-uplink/veh-001/request bytes=512032 forwarded=1
1787068754.689802 publish topic=edge4av/airspan-tdd-uplink-location_3/raw-uplink/veh-001/ack bytes=32 forwarded=1
1787068762.486098 publish topic=edge4av/airspan-tdd-uplink-location_3/raw-uplink/veh-001/request bytes=512032 forwarded=1
1787068762.488154 publish topic=edge4av/airspan-tdd-uplink-location_3/raw-uplink/veh-001/ack bytes=32 forwarded=1
1787068769.637276 publish topic=edge4av/airspan-tdd-uplink-location_3/raw-uplink/veh-001/request bytes=512032 forwarded=1
1787068769.642759 publish topic=edge4av/airspan-tdd-uplink-location_3/raw-uplink/veh-001/ack bytes=32 forwarded=1
1787068779.941514 publish topic=edge4av/airspan-tdd-uplink-location_3/raw-uplink/veh-001/request bytes=512032 forwarded=1
1787068779.943456 publish topic=edge4av/airspan-tdd-uplink-location_3/raw-uplink/veh-001/ack bytes=32 forwarded=1
1787068786.593436 publish topic=edge4av/airspan-tdd-uplink-location_3/raw-uplink/veh-001/request bytes=512032 forwarded=1
1787068786.597917 publish topic=edge4av/airspan-tdd-uplink-location_3/raw-uplink/veh-001/ack bytes=32 forwarded=1
1787068794.194218 publish topic=edge4av/airspan-tdd-uplink-location_3/raw-uplink/veh-001/request bytes=512032 forwarded=1
1787068794.198941 publish topic=edge4av/airspan-tdd-uplink-location_3/raw-uplink/veh-001/ack bytes=32 forwarded=1
1787068801.154030 publish topic=edge4av/airspan-tdd-uplink-location_3/raw-uplink/veh-001/request bytes=512032 forwarded=1
1787068801.157716 publish topic=edge4av/airspan-tdd-uplink-location_3/raw-uplink/veh-001/ack bytes=32 forwarded=1
1787068808.685072 publish topic=edge4av/airspan-tdd-uplink-location_3/raw-uplink/veh-001/request bytes=512032 forwarded=1
1787068808.689697 publish topic=edge4av/airspan-tdd-uplink-location_3/raw-uplink/veh-001/ack bytes=32 forwarded=1
1787068817.855815 publish topic=edge4av/airspan-tdd-uplink-location_3/raw-uplink/veh-001/request bytes=512032 forwarded=1
1787068817.859142 publish topic=edge4av/airspan-tdd-uplink-location_3/raw-uplink/veh-001/ack bytes=32 forwarded=1
1787068826.147231 publish topic=edge4av/airspan-tdd-uplink-location_3/raw-uplink/veh-001/request bytes=512032 forwarded=1
1787068826.153073 publish topic=edge4av/airspan-tdd-uplink-location_3/raw-uplink/veh-001/ack bytes=32 forwarded=1
1787068834.797805 publish topic=edge4av/airspan-tdd-uplink-location_3/raw-uplink/veh-001/request bytes=512032 forwarded=1
1787068834.799663 publish topic=edge4av/airspan-tdd-uplink-location_3/raw-uplink/veh-001/ack bytes=32 forwarded=1
1787068842.338317 publish topic=edge4av/airspan-tdd-uplink-location_3/raw-uplink/veh-001/request bytes=512032 forwarded=1
1787068842.343109 publish topic=edge4av/airspan-tdd-uplink-location_3/raw-uplink/veh-001/ack bytes=32 forwarded=1
1787068850.227504 publish topic=edge4av/airspan-tdd-uplink-location_3/raw-uplink/veh-001/request bytes=512032 forwarded=1
1787068850.233072 publish topic=edge4av/airspan-tdd-uplink-location_3/raw-uplink/veh-001/ack bytes=32 forwarded=1
1787068857.306590 publish topic=edge4av/airspan-tdd-uplink-location_3/raw-uplink/veh-001/request bytes=512032 forwarded=1
1787068857.311365 publish topic=edge4av/airspan-tdd-uplink-location_3/raw-uplink/veh-001/ack bytes=32 forwarded=1
1787068864.178116 publish topic=edge4av/airspan-tdd-uplink-location_3/raw-uplink/veh-001/request bytes=512032 forwarded=1
1787068864.183608 publish topic=edge4av/airspan-tdd-uplink-location_3/raw-uplink/veh-001/ack bytes=32 forwarded=1
1787068871.380564 publish topic=edge4av/airspan-tdd-uplink-location_3/raw-uplink/veh-001/request bytes=512032 forwarded=1
1787068871.385800 publish topic=edge4av/airspan-tdd-uplink-location_3/raw-uplink/veh-001/ack bytes=32 forwarded=1
1787068879.441479 publish topic=edge4av/airspan-tdd-uplink-location_3/raw-uplink/veh-001/request bytes=512032 forwarded=1
1787068879.447165 publish topic=edge4av/airspan-tdd-uplink-location_3/raw-uplink/veh-001/ack bytes=32 forwarded=1
1787068887.342811 publish topic=edge4av/airspan-tdd-uplink-location_3/raw-uplink/veh-001/request bytes=512032 forwarded=1
1787068887.347721 publish topic=edge4av/airspan-tdd-uplink-location_3/raw-uplink/veh-001/ack bytes=32 forwarded=1
1787068894.241771 publish topic=edge4av/airspan-tdd-uplink-location_3/raw-uplink/veh-001/request bytes=512032 forwarded=1
1787068894.243421 publish topic=edge4av/airspan-tdd-uplink-location_3/raw-uplink/veh-001/ack bytes=32 forwarded=1
1787068901.613418 publish topic=edge4av/airspan-tdd-uplink-location_3/raw-uplink/veh-001/request bytes=512032 forwarded=1
1787068901.618194 publish topic=edge4av/airspan-tdd-uplink-location_3/raw-uplink/veh-001/ack bytes=32 forwarded=1
1787068909.723490 publish topic=edge4av/airspan-tdd-uplink-location_3/raw-uplink/veh-001/request bytes=512032 forwarded=1
1787068909.730020 publish topic=edge4av/airspan-tdd-uplink-location_3/raw-uplink/veh-001/ack bytes=32 forwarded=1
1787068918.714718 publish topic=edge4av/airspan-tdd-uplink-location_3/raw-uplink/veh-001/request bytes=512032 forwarded=1
1787068918.721056 publish topic=edge4av/airspan-tdd-uplink-location_3/raw-uplink/veh-001/ack bytes=32 forwarded=1
1787068928.176502 publish topic=edge4av/airspan-tdd-uplink-location_3/raw-uplink/veh-001/request bytes=512032 forwarded=1
1787068928.180957 publish topic=edge4av/airspan-tdd-uplink-location_3/raw-uplink/veh-001/ack bytes=32 forwarded=1
1787068937.096679 publish topic=edge4av/airspan-tdd-uplink-location_3/raw-uplink/veh-001/request bytes=512032 forwarded=1
1787068937.098933 publish topic=edge4av/airspan-tdd-uplink-location_3/raw-uplink/veh-001/ack bytes=32 forwarded=1
1787068947.712757 publish topic=edge4av/airspan-tdd-uplink-location_3/raw-uplink/veh-001/request bytes=512032 forwarded=1
1787068947.718385 publish topic=edge4av/airspan-tdd-uplink-location_3/raw-uplink/veh-001/ack bytes=32 forwarded=1
1787068955.684040 publish topic=edge4av/airspan-tdd-uplink-location_3/raw-uplink/veh-001/request bytes=512032 forwarded=1
1787068955.685336 publish topic=edge4av/airspan-tdd-uplink-location_3/raw-uplink/veh-001/ack bytes=32 forwarded=1
1787068964.597107 publish topic=edge4av/airspan-tdd-uplink-location_3/raw-uplink/veh-001/request bytes=512032 forwarded=1
1787068964.603213 publish topic=edge4av/airspan-tdd-uplink-location_3/raw-uplink/veh-001/ack bytes=32 forwarded=1
1787068972.709167 publish topic=edge4av/airspan-tdd-uplink-location_3/raw-uplink/veh-001/request bytes=512032 forwarded=1
1787068972.714117 publish topic=edge4av/airspan-tdd-uplink-location_3/raw-uplink/veh-001/ack bytes=32 forwarded=1
1787068981.701962 publish topic=edge4av/airspan-tdd-uplink-location_3/raw-uplink/veh-001/request bytes=512032 forwarded=1
1787068981.707938 publish topic=edge4av/airspan-tdd-uplink-location_3/raw-uplink/veh-001/ack bytes=32 forwarded=1
1787068990.714818 publish topic=edge4av/airspan-tdd-uplink-location_3/raw-uplink/veh-001/request bytes=512032 forwarded=1
1787068990.720930 publish topic=edge4av/airspan-tdd-uplink-location_3/raw-uplink/veh-001/ack bytes=32 forwarded=1
1787068998.726043 publish topic=edge4av/airspan-tdd-uplink-location_3/raw-uplink/veh-001/request bytes=512032 forwarded=1
1787068998.731404 publish topic=edge4av/airspan-tdd-uplink-location_3/raw-uplink/veh-001/ack bytes=32 forwarded=1
1787069007.467554 publish topic=edge4av/airspan-tdd-uplink-location_3/raw-uplink/veh-001/request bytes=512032 forwarded=1
1787069007.469308 publish topic=edge4av/airspan-tdd-uplink-location_3/raw-uplink/veh-001/ack bytes=32 forwarded=1
1787069017.701689 publish topic=edge4av/airspan-tdd-uplink-location_3/raw-uplink/veh-001/request bytes=512032 forwarded=1
1787069017.706495 publish topic=edge4av/airspan-tdd-uplink-location_3/raw-uplink/veh-001/ack bytes=32 forwarded=1
1787069026.594292 publish topic=edge4av/airspan-tdd-uplink-location_3/raw-uplink/veh-001/request bytes=512032 forwarded=1
1787069026.599339 publish topic=edge4av/airspan-tdd-uplink-location_3/raw-uplink/veh-001/ack bytes=32 forwarded=1
1787069035.787006 publish topic=edge4av/airspan-tdd-uplink-location_3/raw-uplink/veh-001/request bytes=512032 forwarded=1
1787069035.792688 publish topic=edge4av/airspan-tdd-uplink-location_3/raw-uplink/veh-001/ack bytes=32 forwarded=1
1787069043.417845 publish topic=edge4av/airspan-tdd-uplink-location_3/raw-uplink/veh-001/request bytes=512032 forwarded=1
1787069043.422798 publish topic=edge4av/airspan-tdd-uplink-location_3/raw-uplink/veh-001/ack bytes=32 forwarded=1
1787069052.160673 publish topic=edge4av/airspan-tdd-uplink-location_3/raw-uplink/veh-001/request bytes=512032 forwarded=1
1787069052.164135 publish topic=edge4av/airspan-tdd-uplink-location_3/raw-uplink/veh-001/ack bytes=32 forwarded=1
1787069061.516360 publish topic=edge4av/airspan-tdd-uplink-location_3/raw-uplink/veh-001/request bytes=512032 forwarded=1
1787069061.521108 publish topic=edge4av/airspan-tdd-uplink-location_3/raw-uplink/veh-001/ack bytes=32 forwarded=1
1787069069.337536 publish topic=edge4av/airspan-tdd-uplink-location_3/raw-uplink/veh-001/request bytes=512032 forwarded=1
1787069069.343182 publish topic=edge4av/airspan-tdd-uplink-location_3/raw-uplink/veh-001/ack bytes=32 forwarded=1
1787069076.917086 publish topic=edge4av/airspan-tdd-uplink-location_3/raw-uplink/veh-001/request bytes=512032 forwarded=1
1787069076.920397 publish topic=edge4av/airspan-tdd-uplink-location_3/raw-uplink/veh-001/ack bytes=32 forwarded=1
1787069084.998685 publish topic=edge4av/airspan-tdd-uplink-location_3/raw-uplink/veh-001/request bytes=512032 forwarded=1
1787069085.003479 publish topic=edge4av/airspan-tdd-uplink-location_3/raw-uplink/veh-001/ack bytes=32 forwarded=1
1787069093.750902 publish topic=edge4av/airspan-tdd-uplink-location_3/raw-uplink/veh-001/request bytes=512032 forwarded=1
1787069093.755637 publish topic=edge4av/airspan-tdd-uplink-location_3/raw-uplink/veh-001/ack bytes=32 forwarded=1
1787069101.501854 publish topic=edge4av/airspan-tdd-uplink-location_3/raw-uplink/veh-001/request bytes=512032 forwarded=1
1787069101.503759 publish topic=edge4av/airspan-tdd-uplink-location_3/raw-uplink/veh-001/ack bytes=32 forwarded=1
1787069101.521466 close ('10.120.121.31', 55170) disconnect
