[INFO] [launch]: All log files can be found below /home/car/.ros/log/2026-08-06-09-01-07-131061-car-22061
[INFO] [launch]: Default logging verbosity is set to INFO
[INFO] [novatel_oem7_driver_exe-1]: process started with pid [22133]
[novatel_oem7_driver_exe-1] [INFO] [1786021267.457811850] [novatel.oem7.main]: Oem7RawMsg:  topic [oem7raw]: frame_id: 'gps'; q size: 200
[novatel_oem7_driver_exe-1] [INFO] [1786021267.466533550] [novatel.oem7.main]: Oem7MessageNode v.; Feb 19 2026 03:29:00
[novatel_oem7_driver_exe-1] [INFO] [1786021267.496043893] [novatel.oem7.main]: Oem7MessageDecoderLib version: 10.1.0
[novatel_oem7_driver_exe-1] [INFO] [1786021267.497970601] [novatel.oem7.main]: PPPPOS:  topic [ppppos]: frame_id: 'gps'; q size: 100
[novatel_oem7_driver_exe-1] [INFO] [1786021267.499245671] [novatel.oem7.main]: BESTPOS:  topic [bestpos]: frame_id: 'gps'; q size: 100
[novatel_oem7_driver_exe-1] [INFO] [1786021267.499793173] [novatel.oem7.main]: BESTVEL:  topic [bestvel]: frame_id: 'gps'; q size: 100
[novatel_oem7_driver_exe-1] [INFO] [1786021267.500272023] [novatel.oem7.main]: BESTGNSSVEL:  topic [bestgnssvel]: frame_id: 'gps'; q size: 100
[novatel_oem7_driver_exe-1] [INFO] [1786021267.501547404] [novatel.oem7.main]: BESTUTM:  topic [bestutm]: frame_id: 'gps'; q size: 100
[novatel_oem7_driver_exe-1] [INFO] [1786021267.502577565] [novatel.oem7.main]: BESTGNSSPOS:  topic [bestgnsspos]: frame_id: 'gps'; q size: 100
[novatel_oem7_driver_exe-1] [INFO] [1786021267.503108207] [novatel.oem7.main]: INSPVA:  topic [inspva]: frame_id: 'gps'; q size: 100
[novatel_oem7_driver_exe-1] [INFO] [1786021267.503578815] [novatel.oem7.main]: GPSFix:  topic [gps]: frame_id: 'gps'; q size: 100
[novatel_oem7_driver_exe-1] [INFO] [1786021267.505741196] [novatel.oem7.main]: NavSatFix:  topic [fix]: frame_id: 'gps'; q size: 100
[novatel_oem7_driver_exe-1] [INFO] [1786021267.509567831] [novatel.oem7.main]: GPSFix position source: BESTPOS or INSPVAS based on quality
[novatel_oem7_driver_exe-1] [INFO] [1786021267.510130800] [novatel.oem7.main]: IMU:  topic [imu/data]: frame_id: 'imu_link'; q size: 100
[novatel_oem7_driver_exe-1] [INFO] [1786021267.510387066] [novatel.oem7.main]: RAWIMU:  topic [imu/data_raw]: frame_id: 'imu_link'; q size: 100
[novatel_oem7_driver_exe-1] [INFO] [1786021267.510668378] [novatel.oem7.main]: CORRIMU:  topic [corrimu]: frame_id: 'gps'; q size: 100
[novatel_oem7_driver_exe-1] [INFO] [1786021267.510932484] [novatel.oem7.main]: INSSTDEV:  topic [insstdev]: frame_id: 'gps'; q size: 10
[novatel_oem7_driver_exe-1] [INFO] [1786021267.511283801] [novatel.oem7.main]: INSPVAX:  topic [inspvax]: frame_id: 'gps'; q size: 10
[novatel_oem7_driver_exe-1] [INFO] [1786021267.511665604] [novatel.oem7.main]: INSCONFIG:  topic [insconfig]: frame_id: 'gps'; q size: 10
[novatel_oem7_driver_exe-1] [WARN] [1786021267.512064709] [novatel.oem7.main]: Message 'RAWIMUSX' will not be published.
[novatel_oem7_driver_exe-1] [INFO] [1786021267.512167548] [novatel.oem7.main]: HEADING2:  topic [heading2]: frame_id: 'gps'; q size: 100
[novatel_oem7_driver_exe-1] [INFO] [1786021267.512485015] [novatel.oem7.main]: RXSTATUS:  topic [rxstatus]: frame_id: 'gps'; q size: 10
[novatel_oem7_driver_exe-1] [INFO] [1786021267.526121060] [novatel.oem7.main]: TERRASTARINFO:  topic [terrastarinfo]: frame_id: 'gps'; q size: 100
[novatel_oem7_driver_exe-1] [INFO] [1786021267.526518293] [novatel.oem7.main]: TERRASTARSTATUS:  topic [terrastarstatus]: frame_id: 'gps'; q size: 100
[novatel_oem7_driver_exe-1] [INFO] [1786021267.526985616] [novatel.oem7.main]: TIME:  topic [time]: frame_id: 'gps'; q size: 100
[novatel_oem7_driver_exe-1] [WARN] [1786021267.527326681] [novatel.oem7.main]: Message 'NMEA_Sentence' will not be published.
[novatel_oem7_driver_exe-1] [INFO] [1786021267.527749520] [novatel.oem7.main]: Odometry:  topic [odom]: frame_id: 'odom'; q size: 100
[novatel_oem7_driver_exe-1] [INFO] [1786021267.529574477] [novatel.oem7.main]: OdometryOrigin:  topic [odom_origin]: frame_id: 'odom'; q size: 100
[novatel_oem7_driver_exe-1] [INFO] [1786021267.532651601] [novatel.oem7.main]: Oem7Net TCP['<gnss-receiver>' : 3001]
[novatel_oem7_driver_exe-1] [INFO] [1786021267.581678542] [novatel.oem7.main]: Standard Receiver Initialization:
[novatel_oem7_driver_exe-1] [INFO] [1786021400.189493584] [novatel.oem7.main]: Oem7Net socket open: '1; OS error= 103
[novatel_oem7_driver_exe-1] [ERROR] [1786021400.189493653] [novatel.oem7.main]: Oem7Receiver: write error: 110; endpoint open: 1
[novatel_oem7_driver_exe-1] [ERROR] [1786021400.189623176] [novatel.oem7.main]: Oem7Receiver: read error: 107; endpoint open: 1 errors/max: 2/10
[novatel_oem7_driver_exe-1] [ERROR] [1786021400.189727701] [novatel.oem7.main]: Oem7Receiver: close error: 9
[novatel_oem7_driver_exe-1] [ERROR] [1786021400.189729883] [novatel.oem7.main]: Oem7Receiver: close error: 0
[novatel_oem7_driver_exe-1] [INFO] [1786021401.189894033] [novatel.oem7.main]: Oem7Net TCP['<gnss-receiver>' : 3001]
[novatel_oem7_driver_exe-1] [INFO] [1786021401.189904787] [novatel.oem7.main]: Oem7Net TCP['<gnss-receiver>' : 3001]
[novatel_oem7_driver_exe-1] [INFO] [1786021535.357492978] [novatel.oem7.main]: Oem7Net socket open: '1; OS error= 110
[novatel_oem7_driver_exe-1] [INFO] [1786021535.357493111] [novatel.oem7.main]: Oem7Net socket open: '1; OS error= 110
[novatel_oem7_driver_exe-1] [ERROR] [1786021535.357632764] [novatel.oem7.main]: Oem7Receiver: write error: 32; endpoint open: 1
[novatel_oem7_driver_exe-1] [ERROR] [1786021535.357710976] [novatel.oem7.main]: Oem7Receiver: read error: 107; endpoint open: 1 errors/max: 4/10
[novatel_oem7_driver_exe-1] [ERROR] [1786021535.357842597] [novatel.oem7.main]: Oem7Receiver: close error: 0
[novatel_oem7_driver_exe-1] [ERROR] [1786021535.357824306] [novatel.oem7.main]: Oem7Receiver: close error: 0
[novatel_oem7_driver_exe-1] [INFO] [1786021536.358000498] [novatel.oem7.main]: Oem7Net TCP['<gnss-receiver>' : 3001]
[novatel_oem7_driver_exe-1] [ERROR] [1786021539.358225627] [novatel.oem7.main]: AACmd 'UNLOGALL THISPORT': Attempt 0: timed out waiting for response.
[novatel_oem7_driver_exe-1] [INFO] [1786021670.525503474] [novatel.oem7.main]: Oem7Net socket open: '1; OS error= 103
[novatel_oem7_driver_exe-1] [ERROR] [1786021670.525503568] [novatel.oem7.main]: Oem7Receiver: write error: 110; endpoint open: 1
[novatel_oem7_driver_exe-1] [ERROR] [1786021670.525670512] [novatel.oem7.main]: Oem7Receiver: read error: 107; endpoint open: 1 errors/max: 6/10
[novatel_oem7_driver_exe-1] [ERROR] [1786021670.525806265] [novatel.oem7.main]: Oem7Receiver: close error: 0
[novatel_oem7_driver_exe-1] [ERROR] [1786021670.525793274] [novatel.oem7.main]: Oem7Receiver: close error: 0
[novatel_oem7_driver_exe-1] [INFO] [1786021671.525962181] [novatel.oem7.main]: Oem7Net TCP['<gnss-receiver>' : 3001]
[novatel_oem7_driver_exe-1] [INFO] [1786021671.525990716] [novatel.oem7.main]: Oem7Net TCP['<gnss-receiver>' : 3001]
