[INFO] [launch]: All log files can be found below /home/car/.ros/log/2026-08-06-09-22-16-159802-car-51443
[INFO] [launch]: Default logging verbosity is set to INFO
[INFO] [novatel_oem7_driver_exe-1]: process started with pid [51490]
[novatel_oem7_driver_exe-1] [INFO] [1786022536.347592554] [novatel.oem7.main]: Oem7RawMsg:  topic [oem7raw]: frame_id: 'gps'; q size: 200
[novatel_oem7_driver_exe-1] [INFO] [1786022536.348629201] [novatel.oem7.main]: Oem7MessageNode v.; Feb 19 2026 03:29:00
[novatel_oem7_driver_exe-1] [INFO] [1786022536.352803131] [novatel.oem7.main]: Oem7MessageDecoderLib version: 10.1.0
[novatel_oem7_driver_exe-1] [INFO] [1786022536.353264757] [novatel.oem7.main]: PPPPOS:  topic [ppppos]: frame_id: 'gps'; q size: 100
[novatel_oem7_driver_exe-1] [INFO] [1786022536.353607647] [novatel.oem7.main]: BESTPOS:  topic [bestpos]: frame_id: 'gps'; q size: 100
[novatel_oem7_driver_exe-1] [INFO] [1786022536.354025770] [novatel.oem7.main]: BESTVEL:  topic [bestvel]: frame_id: 'gps'; q size: 100
[novatel_oem7_driver_exe-1] [INFO] [1786022536.354327250] [novatel.oem7.main]: BESTGNSSVEL:  topic [bestgnssvel]: frame_id: 'gps'; q size: 100
[novatel_oem7_driver_exe-1] [INFO] [1786022536.354614057] [novatel.oem7.main]: BESTUTM:  topic [bestutm]: frame_id: 'gps'; q size: 100
[novatel_oem7_driver_exe-1] [INFO] [1786022536.354941867] [novatel.oem7.main]: BESTGNSSPOS:  topic [bestgnsspos]: frame_id: 'gps'; q size: 100
[novatel_oem7_driver_exe-1] [INFO] [1786022536.355248117] [novatel.oem7.main]: INSPVA:  topic [inspva]: frame_id: 'gps'; q size: 100
[novatel_oem7_driver_exe-1] [INFO] [1786022536.355557079] [novatel.oem7.main]: GPSFix:  topic [gps]: frame_id: 'gps'; q size: 100
[novatel_oem7_driver_exe-1] [INFO] [1786022536.356049386] [novatel.oem7.main]: NavSatFix:  topic [fix]: frame_id: 'gps'; q size: 100
[novatel_oem7_driver_exe-1] [INFO] [1786022536.356709978] [novatel.oem7.main]: GPSFix position source: BESTPOS or INSPVAS based on quality
[novatel_oem7_driver_exe-1] [INFO] [1786022536.356843057] [novatel.oem7.main]: IMU:  topic [imu/data]: frame_id: 'imu_link'; q size: 100
[novatel_oem7_driver_exe-1] [INFO] [1786022536.357156165] [novatel.oem7.main]: RAWIMU:  topic [imu/data_raw]: frame_id: 'imu_link'; q size: 100
[novatel_oem7_driver_exe-1] [INFO] [1786022536.357459942] [novatel.oem7.main]: CORRIMU:  topic [corrimu]: frame_id: 'gps'; q size: 100
[novatel_oem7_driver_exe-1] [INFO] [1786022536.357784435] [novatel.oem7.main]: INSSTDEV:  topic [insstdev]: frame_id: 'gps'; q size: 10
[novatel_oem7_driver_exe-1] [INFO] [1786022536.358071273] [novatel.oem7.main]: INSPVAX:  topic [inspvax]: frame_id: 'gps'; q size: 10
[novatel_oem7_driver_exe-1] [INFO] [1786022536.358438430] [novatel.oem7.main]: INSCONFIG:  topic [insconfig]: frame_id: 'gps'; q size: 10
[novatel_oem7_driver_exe-1] [WARN] [1786022536.358827511] [novatel.oem7.main]: Message 'RAWIMUSX' will not be published.
[novatel_oem7_driver_exe-1] [INFO] [1786022536.358981000] [novatel.oem7.main]: HEADING2:  topic [heading2]: frame_id: 'gps'; q size: 100
[novatel_oem7_driver_exe-1] [INFO] [1786022536.359306212] [novatel.oem7.main]: RXSTATUS:  topic [rxstatus]: frame_id: 'gps'; q size: 10
[novatel_oem7_driver_exe-1] [INFO] [1786022536.359675858] [novatel.oem7.main]: TERRASTARINFO:  topic [terrastarinfo]: frame_id: 'gps'; q size: 100
[novatel_oem7_driver_exe-1] [INFO] [1786022536.359972655] [novatel.oem7.main]: TERRASTARSTATUS:  topic [terrastarstatus]: frame_id: 'gps'; q size: 100
[novatel_oem7_driver_exe-1] [INFO] [1786022536.360263973] [novatel.oem7.main]: TIME:  topic [time]: frame_id: 'gps'; q size: 100
[novatel_oem7_driver_exe-1] [WARN] [1786022536.360575870] [novatel.oem7.main]: Message 'NMEA_Sentence' will not be published.
[novatel_oem7_driver_exe-1] [INFO] [1786022536.360698282] [novatel.oem7.main]: Odometry:  topic [odom]: frame_id: 'odom'; q size: 100
[novatel_oem7_driver_exe-1] [INFO] [1786022536.361177433] [novatel.oem7.main]: OdometryOrigin:  topic [odom_origin]: frame_id: 'odom'; q size: 100
[novatel_oem7_driver_exe-1] [INFO] [1786022536.363824344] [novatel.oem7.main]: Oem7Net TCP['<gnss-receiver>' : 3001]
[novatel_oem7_driver_exe-1] [INFO] [1786022536.412787233] [novatel.oem7.main]: Standard Receiver Initialization:
[novatel_oem7_driver_exe-1] [ERROR] [1786022669.949499967] [novatel.oem7.main]: Oem7Receiver: write error: 110; endpoint open: 1
[novatel_oem7_driver_exe-1] [INFO] [1786022669.949499850] [novatel.oem7.main]: Oem7Net socket open: '1; OS error= 103
[novatel_oem7_driver_exe-1] [ERROR] [1786022669.949678113] [novatel.oem7.main]: Oem7Receiver: close error: 0
[novatel_oem7_driver_exe-1] [ERROR] [1786022669.949700463] [novatel.oem7.main]: Oem7Receiver: read error: 9; endpoint open: 0 errors/max: 2/10
[novatel_oem7_driver_exe-1] [ERROR] [1786022669.949767337] [novatel.oem7.main]: Oem7Receiver: close error: 0
[novatel_oem7_driver_exe-1] [INFO] [1786022670.949865260] [novatel.oem7.main]: Oem7Net TCP['<gnss-receiver>' : 3001]
[novatel_oem7_driver_exe-1] [INFO] [1786022670.949876888] [novatel.oem7.main]: Oem7Net TCP['<gnss-receiver>' : 3001]
[novatel_oem7_driver_exe-1] [INFO] [1786022805.117486701] [novatel.oem7.main]: Oem7Net socket open: '1; OS error= 110
[novatel_oem7_driver_exe-1] [INFO] [1786022805.117486762] [novatel.oem7.main]: Oem7Net socket open: '1; OS error= 110
[novatel_oem7_driver_exe-1] [ERROR] [1786022805.117572279] [novatel.oem7.main]: Oem7Receiver: write error: 32; endpoint open: 1
[novatel_oem7_driver_exe-1] [ERROR] [1786022805.117667757] [novatel.oem7.main]: Oem7Receiver: read error: 107; endpoint open: 1 errors/max: 4/10
[novatel_oem7_driver_exe-1] [ERROR] [1786022805.117673689] [novatel.oem7.main]: Oem7Receiver: close error: 0
[novatel_oem7_driver_exe-1] [ERROR] [1786022805.154751432] [novatel.oem7.main]: Oem7Receiver: close error: 0
[novatel_oem7_driver_exe-1] [INFO] [1786022806.154991054] [novatel.oem7.main]: Oem7Net TCP['<gnss-receiver>' : 3001]
[novatel_oem7_driver_exe-1] [ERROR] [1786022809.154964956] [novatel.oem7.main]: AACmd 'UNLOGALL THISPORT': Attempt 0: timed out waiting for response.
